Component: Arm Compiler for Embedded 6.24 Tool: armlink [5f371500]

==============================================================================

Section Cross References

    system_stm32g4xx.o(.ARM.exidx.text.SystemInit) refers to system_stm32g4xx.o(.text.SystemInit) for [Anonymous Symbol]
    system_stm32g4xx.o(.text.SystemCoreClockUpdate) refers to system_stm32g4xx.o(.data.SystemCoreClock) for SystemCoreClock
    system_stm32g4xx.o(.text.SystemCoreClockUpdate) refers to system_stm32g4xx.o(.rodata.AHBPrescTable) for AHBPrescTable
    system_stm32g4xx.o(.ARM.exidx.text.SystemCoreClockUpdate) refers to system_stm32g4xx.o(.text.SystemCoreClockUpdate) for [Anonymous Symbol]
    startup_stm32g474xx.o(STACK) refers (Special) to heapauxi.o(.text) for __use_two_region_memory
    startup_stm32g474xx.o(HEAP) refers (Special) to heapauxi.o(.text) for __use_two_region_memory
    startup_stm32g474xx.o(RESET) refers (Special) to heapauxi.o(.text) for __use_two_region_memory
    startup_stm32g474xx.o(RESET) refers to startup_stm32g474xx.o(STACK) for __initial_sp
    startup_stm32g474xx.o(RESET) refers to startup_stm32g474xx.o(.text) for Reset_Handler
    startup_stm32g474xx.o(.text) refers (Special) to heapauxi.o(.text) for __use_two_region_memory
    startup_stm32g474xx.o(.text) refers to system_stm32g4xx.o(.text.SystemInit) for SystemInit
    startup_stm32g474xx.o(.text) refers to __main.o(!!!main) for __main
    startup_stm32g474xx.o(.text) refers to startup_stm32g474xx.o(HEAP) for Heap_Mem
    startup_stm32g474xx.o(.text) refers to startup_stm32g474xx.o(STACK) for Stack_Mem
    stm32g4xx_ll_adc.o(.text.LL_ADC_CommonDeInit) refers to stm32g4xx_ll_adc.o(.text.LL_AHB2_GRP1_ForceReset) for LL_AHB2_GRP1_ForceReset
    stm32g4xx_ll_adc.o(.text.LL_ADC_CommonDeInit) refers to stm32g4xx_ll_adc.o(.text.LL_AHB2_GRP1_ReleaseReset) for LL_AHB2_GRP1_ReleaseReset
    stm32g4xx_ll_adc.o(.ARM.exidx.text.LL_ADC_CommonDeInit) refers to stm32g4xx_ll_adc.o(.text.LL_ADC_CommonDeInit) for [Anonymous Symbol]
    stm32g4xx_ll_adc.o(.ARM.exidx.text.LL_AHB2_GRP1_ForceReset) refers to stm32g4xx_ll_adc.o(.text.LL_AHB2_GRP1_ForceReset) for [Anonymous Symbol]
    stm32g4xx_ll_adc.o(.ARM.exidx.text.LL_AHB2_GRP1_ReleaseReset) refers to stm32g4xx_ll_adc.o(.text.LL_AHB2_GRP1_ReleaseReset) for [Anonymous Symbol]
    stm32g4xx_ll_adc.o(.text.LL_ADC_CommonInit) refers to stm32g4xx_ll_adc.o(.text.LL_ADC_IsEnabled) for LL_ADC_IsEnabled
    stm32g4xx_ll_adc.o(.ARM.exidx.text.LL_ADC_CommonInit) refers to stm32g4xx_ll_adc.o(.text.LL_ADC_CommonInit) for [Anonymous Symbol]
    stm32g4xx_ll_adc.o(.ARM.exidx.text.LL_ADC_IsEnabled) refers to stm32g4xx_ll_adc.o(.text.LL_ADC_IsEnabled) for [Anonymous Symbol]
    stm32g4xx_ll_adc.o(.ARM.exidx.text.LL_ADC_CommonStructInit) refers to stm32g4xx_ll_adc.o(.text.LL_ADC_CommonStructInit) for [Anonymous Symbol]
    stm32g4xx_ll_adc.o(.text.LL_ADC_DeInit) refers to stm32g4xx_ll_adc.o(.text.LL_ADC_IsEnabled) for LL_ADC_IsEnabled
    stm32g4xx_ll_adc.o(.text.LL_ADC_DeInit) refers to stm32g4xx_ll_adc.o(.text.LL_ADC_REG_IsConversionOngoing) for LL_ADC_REG_IsConversionOngoing
    stm32g4xx_ll_adc.o(.text.LL_ADC_DeInit) refers to stm32g4xx_ll_adc.o(.text.LL_ADC_REG_IsStopConversionOngoing) for LL_ADC_REG_IsStopConversionOngoing
    stm32g4xx_ll_adc.o(.text.LL_ADC_DeInit) refers to stm32g4xx_ll_adc.o(.text.LL_ADC_REG_StopConversion) for LL_ADC_REG_StopConversion
    stm32g4xx_ll_adc.o(.text.LL_ADC_DeInit) refers to stm32g4xx_ll_adc.o(.text.LL_ADC_INJ_IsConversionOngoing) for LL_ADC_INJ_IsConversionOngoing
    stm32g4xx_ll_adc.o(.text.LL_ADC_DeInit) refers to stm32g4xx_ll_adc.o(.text.LL_ADC_INJ_IsStopConversionOngoing) for LL_ADC_INJ_IsStopConversionOngoing
    stm32g4xx_ll_adc.o(.text.LL_ADC_DeInit) refers to stm32g4xx_ll_adc.o(.text.LL_ADC_INJ_StopConversion) for LL_ADC_INJ_StopConversion
    stm32g4xx_ll_adc.o(.text.LL_ADC_DeInit) refers to stm32g4xx_ll_adc.o(.text.LL_ADC_INJ_SetQueueMode) for LL_ADC_INJ_SetQueueMode
    stm32g4xx_ll_adc.o(.text.LL_ADC_DeInit) refers to stm32g4xx_ll_adc.o(.text.LL_ADC_Disable) for LL_ADC_Disable
    stm32g4xx_ll_adc.o(.text.LL_ADC_DeInit) refers to stm32g4xx_ll_adc.o(.text.LL_ADC_IsDisableOngoing) for LL_ADC_IsDisableOngoing
    stm32g4xx_ll_adc.o(.ARM.exidx.text.LL_ADC_DeInit) refers to stm32g4xx_ll_adc.o(.text.LL_ADC_DeInit) for [Anonymous Symbol]
    stm32g4xx_ll_adc.o(.ARM.exidx.text.LL_ADC_REG_IsConversionOngoing) refers to stm32g4xx_ll_adc.o(.text.LL_ADC_REG_IsConversionOngoing) for [Anonymous Symbol]
    stm32g4xx_ll_adc.o(.ARM.exidx.text.LL_ADC_REG_IsStopConversionOngoing) refers to stm32g4xx_ll_adc.o(.text.LL_ADC_REG_IsStopConversionOngoing) for [Anonymous Symbol]
    stm32g4xx_ll_adc.o(.ARM.exidx.text.LL_ADC_REG_StopConversion) refers to stm32g4xx_ll_adc.o(.text.LL_ADC_REG_StopConversion) for [Anonymous Symbol]
    stm32g4xx_ll_adc.o(.ARM.exidx.text.LL_ADC_INJ_IsConversionOngoing) refers to stm32g4xx_ll_adc.o(.text.LL_ADC_INJ_IsConversionOngoing) for [Anonymous Symbol]
[...]
    Removing stm32g4xx_ll_rcc.o(.ARM.exidx.text.LL_RCC_GetI2SClockFreq), (8 bytes).
    Removing stm32g4xx_ll_rcc.o(.text.LL_RCC_GetI2SClockSource), (22 bytes).
    Removing stm32g4xx_ll_rcc.o(.ARM.exidx.text.LL_RCC_GetI2SClockSource), (8 bytes).
    Removing stm32g4xx_ll_rcc.o(.text.LL_RCC_GetFDCANClockFreq), (124 bytes).
    Removing stm32g4xx_ll_rcc.o(.ARM.exidx.text.LL_RCC_GetFDCANClockFreq), (8 bytes).
    Removing stm32g4xx_ll_rcc.o(.text.LL_RCC_GetFDCANClockSource), (22 bytes).
    Removing stm32g4xx_ll_rcc.o(.ARM.exidx.text.LL_RCC_GetFDCANClockSource), (8 bytes).
    Removing stm32g4xx_ll_rcc.o(.text.LL_RCC_HSE_IsReady), (16 bytes).
    Removing stm32g4xx_ll_rcc.o(.ARM.exidx.text.LL_RCC_HSE_IsReady), (8 bytes).
    Removing stm32g4xx_ll_rcc.o(.text.LL_RCC_GetRNGClockFreq), (98 bytes).
    Removing stm32g4xx_ll_rcc.o(.ARM.exidx.text.LL_RCC_GetRNGClockFreq), (8 bytes).
    Removing stm32g4xx_ll_rcc.o(.text.LL_RCC_GetRNGClockSource), (22 bytes).
    Removing stm32g4xx_ll_rcc.o(.ARM.exidx.text.LL_RCC_GetRNGClockSource), (8 bytes).
    Removing stm32g4xx_ll_rcc.o(.text.LL_RCC_HSI48_IsReady), (16 bytes).
    Removing stm32g4xx_ll_rcc.o(.ARM.exidx.text.LL_RCC_HSI48_IsReady), (8 bytes).
    Removing stm32g4xx_ll_rcc.o(.text.LL_RCC_GetUSBClockFreq), (98 bytes).
    Removing stm32g4xx_ll_rcc.o(.ARM.exidx.text.LL_RCC_GetUSBClockFreq), (8 bytes).
    Removing stm32g4xx_ll_rcc.o(.text.LL_RCC_GetUSBClockSource), (22 bytes).
    Removing stm32g4xx_ll_rcc.o(.ARM.exidx.text.LL_RCC_GetUSBClockSource), (8 bytes).
    Removing stm32g4xx_ll_rcc.o(.text.LL_RCC_GetADCClockFreq), (218 bytes).
    Removing stm32g4xx_ll_rcc.o(.ARM.exidx.text.LL_RCC_GetADCClockFreq), (8 bytes).
    Removing stm32g4xx_ll_rcc.o(.text.LL_RCC_GetADCClockSource), (40 bytes).
    Removing stm32g4xx_ll_rcc.o(.ARM.exidx.text.LL_RCC_GetADCClockSource), (8 bytes).
    Removing stm32g4xx_ll_rcc.o(.text.LL_RCC_PLL_IsEnabledDomain_ADC), (16 bytes).
    Removing stm32g4xx_ll_rcc.o(.ARM.exidx.text.LL_RCC_PLL_IsEnabledDomain_ADC), (8 bytes).
    Removing stm32g4xx_ll_rcc.o(.text.RCC_PLL_GetFreqDomain_ADC), (118 bytes).
    Removing stm32g4xx_ll_rcc.o(.ARM.exidx.text.RCC_PLL_GetFreqDomain_ADC), (8 bytes).
    Removing stm32g4xx_ll_rcc.o(.text.LL_RCC_GetQUADSPIClockFreq), (110 bytes).
    Removing stm32g4xx_ll_rcc.o(.ARM.exidx.text.LL_RCC_GetQUADSPIClockFreq), (8 bytes).
    Removing stm32g4xx_ll_rcc.o(.text.LL_RCC_GetQUADSPIClockSource), (22 bytes).
    Removing stm32g4xx_ll_rcc.o(.ARM.exidx.text.LL_RCC_GetQUADSPIClockSource), (8 bytes).
    Removing stm32g4xx_ll_rcc.o(.text.RCC_PLL_GetFreqDomain_SYS), (124 bytes).
    Removing stm32g4xx_ll_rcc.o(.ARM.exidx.text.RCC_PLL_GetFreqDomain_SYS), (8 bytes).
    Removing stm32g4xx_ll_rcc.o(.text.LL_RCC_PLL_GetMainSource), (16 bytes).
    Removing stm32g4xx_ll_rcc.o(.ARM.exidx.text.LL_RCC_PLL_GetMainSource), (8 bytes).
    Removing stm32g4xx_ll_rcc.o(.text.LL_RCC_PLL_GetN), (16 bytes).
    Removing stm32g4xx_ll_rcc.o(.ARM.exidx.text.LL_RCC_PLL_GetN), (8 bytes).
    Removing stm32g4xx_ll_rcc.o(.text.LL_RCC_PLL_GetDivider), (16 bytes).
    Removing stm32g4xx_ll_rcc.o(.ARM.exidx.text.LL_RCC_PLL_GetDivider), (8 bytes).
    Removing stm32g4xx_ll_rcc.o(.text.LL_RCC_PLL_GetR), (16 bytes).
    Removing stm32g4xx_ll_rcc.o(.ARM.exidx.text.LL_RCC_PLL_GetR), (8 bytes).
    Removing stm32g4xx_ll_rcc.o(.text.LL_RCC_GetAHBPrescaler), (16 bytes).
    Removing stm32g4xx_ll_rcc.o(.ARM.exidx.text.LL_RCC_GetAHBPrescaler), (8 bytes).
    Removing stm32g4xx_ll_rcc.o(.text.LL_RCC_GetAPB1Prescaler), (16 bytes).
    Removing stm32g4xx_ll_rcc.o(.ARM.exidx.text.LL_RCC_GetAPB1Prescaler), (8 bytes).
    Removing stm32g4xx_ll_rcc.o(.text.LL_RCC_GetAPB2Prescaler), (16 bytes).
    Removing stm32g4xx_ll_rcc.o(.ARM.exidx.text.LL_RCC_GetAPB2Prescaler), (8 bytes).
    Removing stm32g4xx_ll_rcc.o(.text.LL_RCC_PLL_GetP), (74 bytes).
    Removing stm32g4xx_ll_rcc.o(.ARM.exidx.text.LL_RCC_PLL_GetP), (8 bytes).
    Removing stm32g4xx_ll_rcc.o(.text.LL_RCC_PLL_GetQ), (16 bytes).
    Removing stm32g4xx_ll_rcc.o(.ARM.exidx.text.LL_RCC_PLL_GetQ), (8 bytes).
    Removing adc.o(.text), (0 bytes).
    Removing adc.o(.ARM.exidx.text.ADC_PIN_Init), (8 bytes).
    Removing adc.o(.ARM.exidx.text.LL_AHB2_GRP1_EnableClock), (8 bytes).
    Removing adc.o(.ARM.exidx.text.ADC_DMA_Init), (8 bytes).
    Removing adc.o(.ARM.exidx.text.LL_AHB1_GRP1_EnableClock), (8 bytes).
    Removing adc.o(.ARM.exidx.text.LL_DMA_SetPeriphRequest), (8 bytes).
    Removing adc.o(.ARM.exidx.text.LL_DMA_SetDataTransferDirection), (8 bytes).
    Removing adc.o(.ARM.exidx.text.LL_DMA_SetChannelPriorityLevel), (8 bytes).
    Removing adc.o(.ARM.exidx.text.LL_DMA_SetMode), (8 bytes).
    Removing adc.o(.ARM.exidx.text.LL_DMA_SetPeriphIncMode), (8 bytes).
    Removing adc.o(.ARM.exidx.text.LL_DMA_SetMemoryIncMode), (8 bytes).
    Removing adc.o(.ARM.exidx.text.LL_DMA_SetPeriphSize), (8 bytes).
    Removing adc.o(.ARM.exidx.text.LL_DMA_SetMemorySize), (8 bytes).
    Removing adc.o(.ARM.exidx.text.ADC_Init), (8 bytes).
    Removing adc.o(.ARM.exidx.text.LL_RCC_SetADCClockSource), (8 bytes).
    Removing adc.o(.ARM.exidx.text.LL_ADC_DisableDeepPowerDown), (8 bytes).
    Removing adc.o(.ARM.exidx.text.LL_ADC_EnableInternalRegulator), (8 bytes).
    Removing adc.o(.ARM.exidx.text.LL_ADC_REG_SetSequencerRanks), (8 bytes).
    Removing adc.o(.ARM.exidx.text.LL_ADC_SetChannelSamplingTime), (8 bytes).
    Removing adc.o(.ARM.exidx.text.LL_ADC_SetChannelSingleDiff), (8 bytes).
    Removing adc.o(.ARM.exidx.text.LL_ADC_StartCalibration), (8 bytes).
    Removing adc.o(.ARM.exidx.text.LL_ADC_IsCalibrationOnGoing), (8 bytes).
    Removing adc.o(.ARM.exidx.text.LL_ADC_ClearFlag_ADRDY), (8 bytes).
    Removing adc.o(.ARM.exidx.text.LL_ADC_Enable), (8 bytes).
    Removing adc.o(.ARM.exidx.text.LL_ADC_IsActiveFlag_ADRDY), (8 bytes).
    Removing adc.o(.rodata.cst16), (16 bytes).
    Removing clock_system.o(.text), (0 bytes).
    Removing clock_system.o(.ARM.exidx.text.Clock_system), (8 bytes).
    Removing clock_system.o(.ARM.exidx.text.LL_FLASH_EnablePrefetch), (8 bytes).
    Removing clock_system.o(.ARM.exidx.text.LL_FLASH_EnableInstCache), (8 bytes).
    Removing clock_system.o(.ARM.exidx.text.LL_FLASH_EnableDataCache), (8 bytes).
    Removing clock_system.o(.ARM.exidx.text.LL_RCC_HSE_Enable), (8 bytes).
    Removing clock_system.o(.ARM.exidx.text.LL_RCC_HSE_IsReady), (8 bytes).
    Removing clock_system.o(.rodata..L__const.Clock_system.PLLInitStruct), (12 bytes).
    Removing clock_system.o(.rodata..L__const.Clock_system.ClkInitStruct), (12 bytes).
    Removing tim.o(.text), (0 bytes).
    Removing tim.o(.text.TIM_PWM_int), (274 bytes).
    Removing tim.o(.ARM.exidx.text.TIM_PWM_int), (8 bytes).
    Removing tim.o(.text.LL_AHB2_GRP1_EnableClock), (34 bytes).
    Removing tim.o(.ARM.exidx.text.LL_AHB2_GRP1_EnableClock), (8 bytes).
    Removing tim.o(.text.LL_APB1_GRP1_EnableClock), (34 bytes).
    Removing tim.o(.ARM.exidx.text.LL_APB1_GRP1_EnableClock), (8 bytes).
    Removing tim.o(.text.LL_TIM_EnableARRPreload), (18 bytes).
    Removing tim.o(.ARM.exidx.text.LL_TIM_EnableARRPreload), (8 bytes).
    Removing tim.o(.text.LL_TIM_SetClockSource), (32 bytes).
    Removing tim.o(.ARM.exidx.text.LL_TIM_SetClockSource), (8 bytes).
    Removing tim.o(.text.LL_TIM_OC_EnablePreload), (244 bytes).
    Removing tim.o(.ARM.exidx.text.LL_TIM_OC_EnablePreload), (8 bytes).
    Removing tim.o(.text.LL_TIM_OC_EnableFast), (244 bytes).
    Removing tim.o(.ARM.exidx.text.LL_TIM_OC_EnableFast), (8 bytes).
    Removing tim.o(.text.LL_TIM_CC_EnableChannel), (20 bytes).
    Removing tim.o(.ARM.exidx.text.LL_TIM_CC_EnableChannel), (8 bytes).
    Removing tim.o(.text.LL_TIM_EnableCounter), (18 bytes).
    Removing tim.o(.ARM.exidx.text.LL_TIM_EnableCounter), (8 bytes).
    Removing tim.o(.rodata..L__const.TIM_PWM_int.GPIO_InitStruct), (24 bytes).
    Removing tim.o(.rodata..L__const.TIM_PWM_int.TIM_InitStruct), (20 bytes).
    Removing tim.o(.rodata.cst32), (32 bytes).
    Removing tim.o(.rodata.OFFSET_TAB_CCMRx), (10 bytes).
    Removing tim.o(.rodata.SHIFT_TAB_OCxx), (10 bytes).
    Removing main.o(.text), (0 bytes).
    Removing main.o(.ARM.exidx.text.ADC_DMA_Start), (8 bytes).
    Removing main.o(.ARM.exidx.text.LL_DMA_DisableChannel), (8 bytes).
    Removing main.o(.ARM.exidx.text.LL_DMA_IsEnabledChannel), (8 bytes).
    Removing main.o(.ARM.exidx.text.LL_DMA_SetPeriphAddress), (8 bytes).
    Removing main.o(.ARM.exidx.text.LL_ADC_DMA_GetRegAddr), (8 bytes).
    Removing main.o(.ARM.exidx.text.LL_DMA_SetMemoryAddress), (8 bytes).
    Removing main.o(.ARM.exidx.text.LL_DMA_SetDataLength), (8 bytes).
    Removing main.o(.ARM.exidx.text.LL_DMA_EnableChannel), (8 bytes).
    Removing main.o(.ARM.exidx.text.LL_ADC_IsEnabled), (8 bytes).
    Removing main.o(.ARM.exidx.text.LL_ADC_Enable), (8 bytes).
    Removing main.o(.ARM.exidx.text.LL_ADC_IsActiveFlag_ADRDY), (8 bytes).
    Removing main.o(.ARM.exidx.text.main), (8 bytes).
    Removing main.o(.ARM.exidx.text.LL_ADC_REG_StartConversion), (8 bytes).
    Removing main.o(.ARM.use_no_argv), (4 bytes).

404 unused section(s) (total 14682 bytes) removed from the image.

==============================================================================

Image Symbol Table

    Local Symbols

    Symbol Name                              Value     Ov Type        Size  Object(Section)

    ../clib/angel/boardlib.s                 0x00000000   Number         0  boardinit1.o ABSOLUTE
    ../clib/angel/boardlib.s                 0x00000000   Number         0  boardinit2.o ABSOLUTE
    ../clib/angel/boardlib.s                 0x00000000   Number         0  boardinit3.o ABSOLUTE
    ../clib/angel/boardlib.s                 0x00000000   Number         0  boardshut.o ABSOLUTE
    ../clib/angel/handlers.s                 0x00000000   Number         0  __scatter_copy.o ABSOLUTE
    ../clib/angel/handlers.s                 0x00000000   Number         0  __scatter_zi.o ABSOLUTE
    ../clib/angel/kernel.s                   0x00000000   Number         0  __rtentry.o ABSOLUTE
    ../clib/angel/kernel.s                   0x00000000   Number         0  __rtentry2.o ABSOLUTE
    ../clib/angel/kernel.s                   0x00000000   Number         0  __rtentry4.o ABSOLUTE
    ../clib/angel/kernel.s                   0x00000000   Number         0  rtexit.o ABSOLUTE
    ../clib/angel/kernel.s                   0x00000000   Number         0  rtexit2.o ABSOLUTE
    ../clib/angel/rt.s                       0x00000000   Number         0  rt_raise.o ABSOLUTE
    ../clib/angel/scatter.s                  0x00000000   Number         0  __scatter.o ABSOLUTE
    ../clib/angel/startup.s                  0x00000000   Number         0  __main.o ABSOLUTE
    ../clib/angel/sys.s                      0x00000000   Number         0  sys_stackheap_outer.o ABSOLUTE
    ../clib/angel/sys.s                      0x00000000   Number         0  libspace.o ABSOLUTE
    ../clib/angel/sys.s                      0x00000000   Number         0  use_no_semi.o ABSOLUTE
    ../clib/angel/sys.s                      0x00000000   Number         0  indicate_semi.o ABSOLUTE
    ../clib/angel/sysapp.c                   0x00000000   Number         0  sys_exit.o ABSOLUTE
    ../clib/angel/sysapp.c                   0x00000000   Number         0  sys_exit_hlt.o ABSOLUTE
    ../clib/angel/sysapp.c                   0x00000000   Number         0  sys_command.o ABSOLUTE
    ../clib/angel/sysapp.c                   0x00000000   Number         0  sys_command_hlt.o ABSOLUTE
    ../clib/angel/sysapp.c                   0x00000000   Number         0  sys_wrch.o ABSOLUTE
    ../clib/angel/sysapp.c                   0x00000000   Number         0  sys_wrch_hlt.o ABSOLUTE
    ../clib/armsys.c                         0x00000000   Number         0  argv_veneer.o ABSOLUTE
    ../clib/armsys.c                         0x00000000   Number         0  argv_veneer.o ABSOLUTE
    ../clib/armsys.c                         0x00000000   Number         0  _get_argv_nomalloc.o ABSOLUTE
    ../clib/armsys.c                         0x00000000   Number         0  no_argv.o ABSOLUTE
    ../clib/heapalloc.c                      0x00000000   Number         0  hrguard.o ABSOLUTE
    ../clib/heapaux.c                        0x00000000   Number         0  heapauxi.o ABSOLUTE
    ../clib/libinit.s                        0x00000000   Number         0  libinit.o ABSOLUTE
    ../clib/libinit.s                        0x00000000   Number         0  libinit2.o ABSOLUTE
    ../clib/libinit.s                        0x00000000   Number         0  libshutdown.o ABSOLUTE
    ../clib/libinit.s                        0x00000000   Number         0  libshutdown2.o ABSOLUTE
    ../clib/signal.c                         0x00000000   Number         0  defsig_rtmem_outer.o ABSOLUTE
    ../clib/signal.c                         0x00000000   Number         0  defsig_rtmem_formal.o ABSOLUTE
    ../clib/signal.c                         0x00000000   Number         0  defsig_exit.o ABSOLUTE
    ../clib/signal.c                         0x00000000   Number         0  defsig_rtmem_inner.o ABSOLUTE
    ../clib/signal.c                         0x00000000   Number         0  __raise.o ABSOLUTE
    ../clib/signal.c                         0x00000000   Number         0  defsig_general.o ABSOLUTE
    ../clib/signal.c                         0x00000000   Number         0  defsig_abrt_inner.o ABSOLUTE
    ../clib/signal.c                         0x00000000   Number         0  defsig_fpe_inner.o ABSOLUTE
    ../clib/signal.c                         0x00000000   Number         0  defsig_rtred_inner.o ABSOLUTE
    ../clib/signal.c                         0x00000000   Number         0  defsig_stak_inner.o ABSOLUTE
    ../clib/signal.c                         0x00000000   Number         0  defsig_pvfn_inner.o ABSOLUTE
    ../clib/signal.c                         0x00000000   Number         0  defsig_cppl_inner.o ABSOLUTE
    ../clib/signal.c                         0x00000000   Number         0  defsig_segv_inner.o ABSOLUTE
    ../clib/signal.c                         0x00000000   Number         0  defsig_other.o ABSOLUTE
    ../clib/signal.s                         0x00000000   Number         0  defsig.o ABSOLUTE
    ../clib/stdlib.c                         0x00000000   Number         0  exit.o ABSOLUTE
    ../fplib/d2f.s                           0x00000000   Number         0  d2f.o ABSOLUTE
    ../fplib/ddiv.s                          0x00000000   Number         0  ddiv.o ABSOLUTE
    ../fplib/dflt.s                          0x00000000   Number         0  dflt_clz.o ABSOLUTE
    ../fplib/dmul.s                          0x00000000   Number         0  dmul.o ABSOLUTE
    ../fplib/dnaninf.s                       0x00000000   Number         0  dnaninf.o ABSOLUTE
    ../fplib/dretinf.s                       0x00000000   Number         0  dretinf.o ABSOLUTE
    ../fplib/fpinit.s                        0x00000000   Number         0  fpinit.o ABSOLUTE
    ../fplib/fretinf.s                       0x00000000   Number         0  fretinf.o ABSOLUTE
    ../fplib/usenofp.s                       0x00000000   Number         0  usenofp.o ABSOLUTE
    ../libraries/CMSIS/Device/ST/STM32G4xx/Source/Templates/arm/startup_stm32g474xx.s 0x00000000   Number         0  startup_stm32g474xx.o ABSOLUTE
    ADC.c                                    0x00000000   Number         0  adc.o ABSOLUTE
    Clock_system.c                           0x00000000   Number         0  clock_system.o ABSOLUTE
    TIM.c                                    0x00000000   Number         0  tim.o ABSOLUTE
    dc.s                                     0x00000000   Number         0  dc.o ABSOLUTE
    main.c                                   0x00000000   Number         0  main.o ABSOLUTE
    stm32g4xx_ll_adc.c                       0x00000000   Number         0  stm32g4xx_ll_adc.o ABSOLUTE
    stm32g4xx_ll_dma.c                       0x00000000   Number         0  stm32g4xx_ll_dma.o ABSOLUTE
    stm32g4xx_ll_gpio.c                      0x00000000   Number         0  stm32g4xx_ll_gpio.o ABSOLUTE
    stm32g4xx_ll_pwr.c                       0x00000000   Number         0  stm32g4xx_ll_pwr.o ABSOLUTE
    stm32g4xx_ll_rcc.c                       0x00000000   Number         0  stm32g4xx_ll_rcc.o ABSOLUTE
    stm32g4xx_ll_tim.c                       0x00000000   Number         0  stm32g4xx_ll_tim.o ABSOLUTE
    stm32g4xx_ll_utils.c                     0x00000000   Number         0  stm32g4xx_ll_utils.o ABSOLUTE
    system_stm32g4xx.c                       0x00000000   Number         0  system_stm32g4xx.o ABSOLUTE
    RESET                                    0x08000000   Section      472  startup_stm32g474xx.o(RESET)
    !!!main                                  0x080001d8   Section        8  __main.o(!!!main)
    !!!scatter                               0x080001e0   Section       92  __scatter.o(!!!scatter)
    !!handler_copy                           0x0800023c   Section       26  __scatter_copy.o(!!handler_copy)
    !!handler_null                           0x08000258   Section        2  __scatter.o(!!handler_null)
    !!handler_zi                             0x0800025c   Section       28  __scatter_zi.o(!!handler_zi)
    .ARM.Collect$$libinit$$00000000          0x08000278   Section        2  libinit.o(.ARM.Collect$$libinit$$00000000)
    .ARM.Collect$$libinit$$00000001          0x0800027a   Section        4  libinit2.o(.ARM.Collect$$libinit$$00000001)
    .ARM.Collect$$libinit$$00000004          0x0800027e   Section        0  libinit2.o(.ARM.Collect$$libinit$$00000004)
    .ARM.Collect$$libinit$$00000006          0x0800027e   Section        0  libinit2.o(.ARM.Collect$$libinit$$00000006)
    .ARM.Collect$$libinit$$0000000C          0x0800027e   Section        0  libinit2.o(.ARM.Collect$$libinit$$0000000C)
    .ARM.Collect$$libinit$$0000000E          0x0800027e   Section        0  libinit2.o(.ARM.Collect$$libinit$$0000000E)
    .ARM.Collect$$libinit$$00000010          0x0800027e   Section        0  libinit2.o(.ARM.Collect$$libinit$$00000010)
    .ARM.Collect$$libinit$$00000013          0x0800027e   Section        0  libinit2.o(.ARM.Collect$$libinit$$00000013)
    .ARM.Collect$$libinit$$00000015          0x0800027e   Section        0  libinit2.o(.ARM.Collect$$libinit$$00000015)
    .ARM.Collect$$libinit$$00000017          0x0800027e   Section        0  libinit2.o(.ARM.Collect$$libinit$$00000017)
    .ARM.Collect$$libinit$$00000019          0x0800027e   Section        0  libinit2.o(.ARM.Collect$$libinit$$00000019)
    .ARM.Collect$$libinit$$0000001B          0x0800027e   Section        0  libinit2.o(.ARM.Collect$$libinit$$0000001B)
    .ARM.Collect$$libinit$$0000001D          0x0800027e   Section        0  libinit2.o(.ARM.Collect$$libinit$$0000001D)
    .ARM.Collect$$libinit$$0000001F          0x0800027e   Section        0  libinit2.o(.ARM.Collect$$libinit$$0000001F)
    .ARM.Collect$$libinit$$00000021          0x0800027e   Section        0  libinit2.o(.ARM.Collect$$libinit$$00000021)
    .ARM.Collect$$libinit$$00000023          0x0800027e   Section        0  libinit2.o(.ARM.Collect$$libinit$$00000023)
    .ARM.Collect$$libinit$$00000025          0x0800027e   Section        0  libinit2.o(.ARM.Collect$$libinit$$00000025)
    .ARM.Collect$$libinit$$00000027          0x0800027e   Section        0  libinit2.o(.ARM.Collect$$libinit$$00000027)
    .ARM.Collect$$libinit$$0000002E          0x0800027e   Section        0  libinit2.o(.ARM.Collect$$libinit$$0000002E)
    .ARM.Collect$$libinit$$00000030          0x0800027e   Section        0  libinit2.o(.ARM.Collect$$libinit$$00000030)
    .ARM.Collect$$libinit$$00000032          0x0800027e   Section        0  libinit2.o(.ARM.Collect$$libinit$$00000032)
    .ARM.Collect$$libinit$$00000034          0x0800027e   Section        0  libinit2.o(.ARM.Collect$$libinit$$00000034)
    .ARM.Collect$$libinit$$00000035          0x0800027e   Section        2  libinit2.o(.ARM.Collect$$libinit$$00000035)
    .ARM.Collect$$libshutdown$$00000000      0x08000280   Section        2  libshutdown.o(.ARM.Collect$$libshutdown$$00000000)
    .ARM.Collect$$libshutdown$$00000002      0x08000282   Section        0  libshutdown2.o(.ARM.Collect$$libshutdown$$00000002)
    .ARM.Collect$$libshutdown$$00000004      0x08000282   Section        0  libshutdown2.o(.ARM.Collect$$libshutdown$$00000004)
    .ARM.Collect$$libshutdown$$00000007      0x08000282   Section        0  libshutdown2.o(.ARM.Collect$$libshutdown$$00000007)
    .ARM.Collect$$libshutdown$$0000000A      0x08000282   Section        0  libshutdown2.o(.ARM.Collect$$libshutdown$$0000000A)
    .ARM.Collect$$libshutdown$$0000000C      0x08000282   Section        0  libshutdown2.o(.ARM.Collect$$libshutdown$$0000000C)
    .ARM.Collect$$libshutdown$$0000000F      0x08000282   Section        0  libshutdown2.o(.ARM.Collect$$libshutdown$$0000000F)
    .ARM.Collect$$libshutdown$$00000010      0x08000282   Section        2  libshutdown2.o(.ARM.Collect$$libshutdown$$00000010)
    .ARM.Collect$$rtentry$$00000000          0x08000284   Section        0  __rtentry.o(.ARM.Collect$$rtentry$$00000000)
    .ARM.Collect$$rtentry$$00000002          0x08000284   Section        0  __rtentry2.o(.ARM.Collect$$rtentry$$00000002)
    .ARM.Collect$$rtentry$$00000004          0x08000284   Section        6  __rtentry4.o(.ARM.Collect$$rtentry$$00000004)
    .ARM.Collect$$rtentry$$00000009          0x0800028a   Section        0  __rtentry2.o(.ARM.Collect$$rtentry$$00000009)
    .ARM.Collect$$rtentry$$0000000A          0x0800028a   Section        4  __rtentry2.o(.ARM.Collect$$rtentry$$0000000A)
    .ARM.Collect$$rtentry$$0000000C          0x0800028e   Section        0  __rtentry2.o(.ARM.Collect$$rtentry$$0000000C)
    .ARM.Collect$$rtentry$$0000000D          0x0800028e   Section        8  __rtentry2.o(.ARM.Collect$$rtentry$$0000000D)
    .ARM.Collect$$rtexit$$00000000           0x08000296   Section        2  rtexit.o(.ARM.Collect$$rtexit$$00000000)
    .ARM.Collect$$rtexit$$00000002           0x08000298   Section        0  rtexit2.o(.ARM.Collect$$rtexit$$00000002)
    .ARM.Collect$$rtexit$$00000003           0x08000298   Section        4  rtexit2.o(.ARM.Collect$$rtexit$$00000003)
    .ARM.Collect$$rtexit$$00000004           0x0800029c   Section        6  rtexit2.o(.ARM.Collect$$rtexit$$00000004)
    $v0                                      0x080002a4   Number         0  startup_stm32g474xx.o(.text)
    .text                                    0x080002a4   Section       64  startup_stm32g474xx.o(.text)
    .text                                    0x080002e4   Section        0  heapauxi.o(.text)
    .text                                    0x080002ea   Section       74  sys_stackheap_outer.o(.text)
    .text                                    0x08000334   Section        0  exit.o(.text)
    .text                                    0x08000348   Section        8  libspace.o(.text)
    .text                                    0x08000350   Section        0  sys_exit.o(.text)
    .text                                    0x0800035c   Section        2  use_no_semi.o(.text)
    .text                                    0x0800035e   Section        0  indicate_semi.o(.text)
    [Anonymous Symbol]                       0x08000360   Section        0  adc.o(.text.ADC_DMA_Init)
    [Anonymous Symbol]                       0x080003d0   Section        0  main.o(.text.ADC_DMA_Start)
    [Anonymous Symbol]                       0x08000468   Section        0  adc.o(.text.ADC_Init)
    [Anonymous Symbol]                       0x080005fc   Section        0  adc.o(.text.ADC_PIN_Init)
    [Anonymous Symbol]                       0x08000654   Section        0  clock_system.o(.text.Clock_system)
    LL_ADC_ClearFlag_ADRDY                   0x080006ad   Thumb Code    14  adc.o(.text.LL_ADC_ClearFlag_ADRDY)
    [Anonymous Symbol]                       0x080006ac   Section        0  adc.o(.text.LL_ADC_ClearFlag_ADRDY)
    [Anonymous Symbol]                       0x080006bc   Section        0  stm32g4xx_ll_adc.o(.text.LL_ADC_CommonInit)
    LL_ADC_DMA_GetRegAddr                    0x080007a1   Thumb Code    90  main.o(.text.LL_ADC_DMA_GetRegAddr)
    [Anonymous Symbol]                       0x080007a0   Section        0  main.o(.text.LL_ADC_DMA_GetRegAddr)
    LL_ADC_DisableDeepPowerDown              0x080007fd   Thumb Code    24  adc.o(.text.LL_ADC_DisableDeepPowerDown)
    [Anonymous Symbol]                       0x080007fc   Section        0  adc.o(.text.LL_ADC_DisableDeepPowerDown)
    LL_ADC_Enable                            0x08000815   Thumb Code    28  adc.o(.text.LL_ADC_Enable)
    [Anonymous Symbol]                       0x08000814   Section        0  adc.o(.text.LL_ADC_Enable)
    LL_ADC_Enable                            0x08000831   Thumb Code    28  main.o(.text.LL_ADC_Enable)
    [Anonymous Symbol]                       0x08000830   Section        0  main.o(.text.LL_ADC_Enable)
    LL_ADC_EnableInternalRegulator           0x0800084d   Thumb Code    30  adc.o(.text.LL_ADC_EnableInternalRegulator)
    [Anonymous Symbol]                       0x0800084c   Section        0  adc.o(.text.LL_ADC_EnableInternalRegulator)
    [Anonymous Symbol]                       0x0800086c   Section        0  stm32g4xx_ll_adc.o(.text.LL_ADC_Init)
    LL_ADC_IsActiveFlag_ADRDY                0x080008b5   Thumb Code    16  adc.o(.text.LL_ADC_IsActiveFlag_ADRDY)
    [Anonymous Symbol]                       0x080008b4   Section        0  adc.o(.text.LL_ADC_IsActiveFlag_ADRDY)
    LL_ADC_IsActiveFlag_ADRDY                0x080008c5   Thumb Code    16  main.o(.text.LL_ADC_IsActiveFlag_ADRDY)
    [Anonymous Symbol]                       0x080008c4   Section        0  main.o(.text.LL_ADC_IsActiveFlag_ADRDY)
    LL_ADC_IsCalibrationOnGoing              0x080008d5   Thumb Code    14  adc.o(.text.LL_ADC_IsCalibrationOnGoing)
    [Anonymous Symbol]                       0x080008d4   Section        0  adc.o(.text.LL_ADC_IsCalibrationOnGoing)
    LL_ADC_IsEnabled                         0x080008e5   Thumb Code    16  stm32g4xx_ll_adc.o(.text.LL_ADC_IsEnabled)
    [Anonymous Symbol]                       0x080008e4   Section        0  stm32g4xx_ll_adc.o(.text.LL_ADC_IsEnabled)
    LL_ADC_IsEnabled                         0x080008f5   Thumb Code    16  main.o(.text.LL_ADC_IsEnabled)
    [Anonymous Symbol]                       0x080008f4   Section        0  main.o(.text.LL_ADC_IsEnabled)
    [Anonymous Symbol]                       0x08000904   Section        0  stm32g4xx_ll_adc.o(.text.LL_ADC_REG_Init)
    LL_ADC_REG_SetSequencerLength            0x080009a9   Thumb Code    26  stm32g4xx_ll_adc.o(.text.LL_ADC_REG_SetSequencerLength)
    [Anonymous Symbol]                       0x080009a8   Section        0  stm32g4xx_ll_adc.o(.text.LL_ADC_REG_SetSequencerLength)
    LL_ADC_REG_SetSequencerRanks             0x080009c5   Thumb Code    58  adc.o(.text.LL_ADC_REG_SetSequencerRanks)
    [Anonymous Symbol]                       0x080009c4   Section        0  adc.o(.text.LL_ADC_REG_SetSequencerRanks)
    LL_ADC_REG_StartConversion               0x08000a01   Thumb Code    28  main.o(.text.LL_ADC_REG_StartConversion)
    [Anonymous Symbol]                       0x08000a00   Section        0  main.o(.text.LL_ADC_REG_StartConversion)
    LL_ADC_SetChannelSamplingTime            0x08000a1d   Thumb Code    54  adc.o(.text.LL_ADC_SetChannelSamplingTime)
    [Anonymous Symbol]                       0x08000a1c   Section        0  adc.o(.text.LL_ADC_SetChannelSamplingTime)
    LL_ADC_SetChannelSingleDiff              0x08000a55   Thumb Code    52  adc.o(.text.LL_ADC_SetChannelSingleDiff)
    [Anonymous Symbol]                       0x08000a54   Section        0  adc.o(.text.LL_ADC_SetChannelSingleDiff)
    LL_ADC_StartCalibration                  0x08000a89   Thumb Code    40  adc.o(.text.LL_ADC_StartCalibration)
    [Anonymous Symbol]                       0x08000a88   Section        0  adc.o(.text.LL_ADC_StartCalibration)
    LL_AHB1_GRP1_EnableClock                 0x08000ab1   Thumb Code    34  adc.o(.text.LL_AHB1_GRP1_EnableClock)
    [Anonymous Symbol]                       0x08000ab0   Section        0  adc.o(.text.LL_AHB1_GRP1_EnableClock)
    LL_AHB2_GRP1_EnableClock                 0x08000ad5   Thumb Code    34  adc.o(.text.LL_AHB2_GRP1_EnableClock)
    [Anonymous Symbol]                       0x08000ad4   Section        0  adc.o(.text.LL_AHB2_GRP1_EnableClock)
    LL_DMA_DisableChannel                    0x08000af9   Thumb Code    36  main.o(.text.LL_DMA_DisableChannel)
    [Anonymous Symbol]                       0x08000af8   Section        0  main.o(.text.LL_DMA_DisableChannel)
    LL_DMA_EnableChannel                     0x08000b1d   Thumb Code    36  main.o(.text.LL_DMA_EnableChannel)
    [Anonymous Symbol]                       0x08000b1c   Section        0  main.o(.text.LL_DMA_EnableChannel)
    LL_DMA_IsEnabledChannel                  0x08000b41   Thumb Code    34  main.o(.text.LL_DMA_IsEnabledChannel)
    [Anonymous Symbol]                       0x08000b40   Section        0  main.o(.text.LL_DMA_IsEnabledChannel)
    LL_DMA_SetChannelPriorityLevel           0x08000b65   Thumb Code    48  adc.o(.text.LL_DMA_SetChannelPriorityLevel)
    [Anonymous Symbol]                       0x08000b64   Section        0  adc.o(.text.LL_DMA_SetChannelPriorityLevel)
    LL_DMA_SetDataLength                     0x08000b95   Thumb Code    54  main.o(.text.LL_DMA_SetDataLength)
    [Anonymous Symbol]                       0x08000b94   Section        0  main.o(.text.LL_DMA_SetDataLength)
    LL_DMA_SetDataTransferDirection          0x08000bcd   Thumb Code    50  adc.o(.text.LL_DMA_SetDataTransferDirection)
    [Anonymous Symbol]                       0x08000bcc   Section        0  adc.o(.text.LL_DMA_SetDataTransferDirection)
    LL_DMA_SetMemoryAddress                  0x08000c01   Thumb Code    36  main.o(.text.LL_DMA_SetMemoryAddress)
    [Anonymous Symbol]                       0x08000c00   Section        0  main.o(.text.LL_DMA_SetMemoryAddress)
    LL_DMA_SetMemoryIncMode                  0x08000c25   Thumb Code    48  adc.o(.text.LL_DMA_SetMemoryIncMode)
    [Anonymous Symbol]                       0x08000c24   Section        0  adc.o(.text.LL_DMA_SetMemoryIncMode)
    LL_DMA_SetMemorySize                     0x08000c55   Thumb Code    48  adc.o(.text.LL_DMA_SetMemorySize)
    [Anonymous Symbol]                       0x08000c54   Section        0  adc.o(.text.LL_DMA_SetMemorySize)
    LL_DMA_SetMode                           0x08000c85   Thumb Code    48  adc.o(.text.LL_DMA_SetMode)
    [Anonymous Symbol]                       0x08000c84   Section        0  adc.o(.text.LL_DMA_SetMode)
    LL_DMA_SetPeriphAddress                  0x08000cb5   Thumb Code    36  main.o(.text.LL_DMA_SetPeriphAddress)
    [Anonymous Symbol]                       0x08000cb4   Section        0  main.o(.text.LL_DMA_SetPeriphAddress)
    LL_DMA_SetPeriphIncMode                  0x08000cd9   Thumb Code    48  adc.o(.text.LL_DMA_SetPeriphIncMode)
    [Anonymous Symbol]                       0x08000cd8   Section        0  adc.o(.text.LL_DMA_SetPeriphIncMode)
    LL_DMA_SetPeriphRequest                  0x08000d09   Thumb Code    72  adc.o(.text.LL_DMA_SetPeriphRequest)
    [Anonymous Symbol]                       0x08000d08   Section        0  adc.o(.text.LL_DMA_SetPeriphRequest)
    LL_DMA_SetPeriphSize                     0x08000d51   Thumb Code    48  adc.o(.text.LL_DMA_SetPeriphSize)
    [Anonymous Symbol]                       0x08000d50   Section        0  adc.o(.text.LL_DMA_SetPeriphSize)
    LL_FLASH_EnableDataCache                 0x08000d81   Thumb Code    18  clock_system.o(.text.LL_FLASH_EnableDataCache)
    [Anonymous Symbol]                       0x08000d80   Section        0  clock_system.o(.text.LL_FLASH_EnableDataCache)
    LL_FLASH_EnableInstCache                 0x08000d95   Thumb Code    18  clock_system.o(.text.LL_FLASH_EnableInstCache)
    [Anonymous Symbol]                       0x08000d94   Section        0  clock_system.o(.text.LL_FLASH_EnableInstCache)
    LL_FLASH_EnablePrefetch                  0x08000da9   Thumb Code    18  clock_system.o(.text.LL_FLASH_EnablePrefetch)
    [Anonymous Symbol]                       0x08000da8   Section        0  clock_system.o(.text.LL_FLASH_EnablePrefetch)
    LL_FLASH_GetLatency                      0x08000dbd   Thumb Code    16  stm32g4xx_ll_utils.o(.text.LL_FLASH_GetLatency)
    [Anonymous Symbol]                       0x08000dbc   Section        0  stm32g4xx_ll_utils.o(.text.LL_FLASH_GetLatency)
    LL_FLASH_SetLatency                      0x08000dcd   Thumb Code    28  stm32g4xx_ll_utils.o(.text.LL_FLASH_SetLatency)
    [Anonymous Symbol]                       0x08000dcc   Section        0  stm32g4xx_ll_utils.o(.text.LL_FLASH_SetLatency)
    [Anonymous Symbol]                       0x08000de8   Section        0  stm32g4xx_ll_gpio.o(.text.LL_GPIO_Init)
    LL_GPIO_SetAFPin_0_7                     0x08000ec5   Thumb Code   124  stm32g4xx_ll_gpio.o(.text.LL_GPIO_SetAFPin_0_7)
    [Anonymous Symbol]                       0x08000ec4   Section        0  stm32g4xx_ll_gpio.o(.text.LL_GPIO_SetAFPin_0_7)
    LL_GPIO_SetAFPin_8_15                    0x08000f41   Thumb Code   128  stm32g4xx_ll_gpio.o(.text.LL_GPIO_SetAFPin_8_15)
    [Anonymous Symbol]                       0x08000f40   Section        0  stm32g4xx_ll_gpio.o(.text.LL_GPIO_SetAFPin_8_15)
    LL_GPIO_SetPinMode                       0x08000fc1   Thumb Code   124  stm32g4xx_ll_gpio.o(.text.LL_GPIO_SetPinMode)
    [Anonymous Symbol]                       0x08000fc0   Section        0  stm32g4xx_ll_gpio.o(.text.LL_GPIO_SetPinMode)
    LL_GPIO_SetPinOutputType                 0x0800103d   Thumb Code    30  stm32g4xx_ll_gpio.o(.text.LL_GPIO_SetPinOutputType)
    [Anonymous Symbol]                       0x0800103c   Section        0  stm32g4xx_ll_gpio.o(.text.LL_GPIO_SetPinOutputType)
    LL_GPIO_SetPinPull                       0x0800105d   Thumb Code   124  stm32g4xx_ll_gpio.o(.text.LL_GPIO_SetPinPull)
    [Anonymous Symbol]                       0x0800105c   Section        0  stm32g4xx_ll_gpio.o(.text.LL_GPIO_SetPinPull)
    LL_GPIO_SetPinSpeed                      0x080010d9   Thumb Code   124  stm32g4xx_ll_gpio.o(.text.LL_GPIO_SetPinSpeed)
    [Anonymous Symbol]                       0x080010d8   Section        0  stm32g4xx_ll_gpio.o(.text.LL_GPIO_SetPinSpeed)
    [Anonymous Symbol]                       0x08001154   Section        0  stm32g4xx_ll_utils.o(.text.LL_PLL_ConfigSystemClock_HSE)
    LL_PWR_GetRegulVoltageScaling            0x08001235   Thumb Code    16  stm32g4xx_ll_utils.o(.text.LL_PWR_GetRegulVoltageScaling)
    [Anonymous Symbol]                       0x08001234   Section        0  stm32g4xx_ll_utils.o(.text.LL_PWR_GetRegulVoltageScaling)
    LL_PWR_IsEnabledRange1BoostMode          0x08001245   Thumb Code    30  stm32g4xx_ll_utils.o(.text.LL_PWR_IsEnabledRange1BoostMode)
    [Anonymous Symbol]                       0x08001244   Section        0  stm32g4xx_ll_utils.o(.text.LL_PWR_IsEnabledRange1BoostMode)
    LL_RCC_GetSysClkSource                   0x08001265   Thumb Code    16  stm32g4xx_ll_utils.o(.text.LL_RCC_GetSysClkSource)
    [Anonymous Symbol]                       0x08001264   Section        0  stm32g4xx_ll_utils.o(.text.LL_RCC_GetSysClkSource)
    LL_RCC_HSE_DisableBypass                 0x08001275   Thumb Code    18  stm32g4xx_ll_utils.o(.text.LL_RCC_HSE_DisableBypass)
    [Anonymous Symbol]                       0x08001274   Section        0  stm32g4xx_ll_utils.o(.text.LL_RCC_HSE_DisableBypass)
    LL_RCC_HSE_Enable                        0x08001289   Thumb Code    18  stm32g4xx_ll_utils.o(.text.LL_RCC_HSE_Enable)
    [Anonymous Symbol]                       0x08001288   Section        0  stm32g4xx_ll_utils.o(.text.LL_RCC_HSE_Enable)
    LL_RCC_HSE_Enable                        0x0800129d   Thumb Code    18  clock_system.o(.text.LL_RCC_HSE_Enable)
    [Anonymous Symbol]                       0x0800129c   Section        0  clock_system.o(.text.LL_RCC_HSE_Enable)
    LL_RCC_HSE_EnableBypass                  0x080012b1   Thumb Code    18  stm32g4xx_ll_utils.o(.text.LL_RCC_HSE_EnableBypass)
    [Anonymous Symbol]                       0x080012b0   Section        0  stm32g4xx_ll_utils.o(.text.LL_RCC_HSE_EnableBypass)
    LL_RCC_HSE_IsReady                       0x080012c5   Thumb Code    16  stm32g4xx_ll_utils.o(.text.LL_RCC_HSE_IsReady)
    [Anonymous Symbol]                       0x080012c4   Section        0  stm32g4xx_ll_utils.o(.text.LL_RCC_HSE_IsReady)
    LL_RCC_HSE_IsReady                       0x080012d5   Thumb Code    16  clock_system.o(.text.LL_RCC_HSE_IsReady)
    [Anonymous Symbol]                       0x080012d4   Section        0  clock_system.o(.text.LL_RCC_HSE_IsReady)
    LL_RCC_PLL_ConfigDomain_SYS              0x080012e5   Thumb Code    54  stm32g4xx_ll_utils.o(.text.LL_RCC_PLL_ConfigDomain_SYS)
    [Anonymous Symbol]                       0x080012e4   Section        0  stm32g4xx_ll_utils.o(.text.LL_RCC_PLL_ConfigDomain_SYS)
    LL_RCC_PLL_Enable                        0x0800131d   Thumb Code    18  stm32g4xx_ll_utils.o(.text.LL_RCC_PLL_Enable)
    [Anonymous Symbol]                       0x0800131c   Section        0  stm32g4xx_ll_utils.o(.text.LL_RCC_PLL_Enable)
    LL_RCC_PLL_EnableDomain_SYS              0x08001331   Thumb Code    18  stm32g4xx_ll_utils.o(.text.LL_RCC_PLL_EnableDomain_SYS)
    [Anonymous Symbol]                       0x08001330   Section        0  stm32g4xx_ll_utils.o(.text.LL_RCC_PLL_EnableDomain_SYS)
    LL_RCC_PLL_IsReady                       0x08001345   Thumb Code    16  stm32g4xx_ll_utils.o(.text.LL_RCC_PLL_IsReady)
    [Anonymous Symbol]                       0x08001344   Section        0  stm32g4xx_ll_utils.o(.text.LL_RCC_PLL_IsReady)
    LL_RCC_SetADCClockSource                 0x08001355   Thumb Code    44  adc.o(.text.LL_RCC_SetADCClockSource)
    [Anonymous Symbol]                       0x08001354   Section        0  adc.o(.text.LL_RCC_SetADCClockSource)
    LL_RCC_SetAHBPrescaler                   0x08001381   Thumb Code    28  stm32g4xx_ll_utils.o(.text.LL_RCC_SetAHBPrescaler)
    [Anonymous Symbol]                       0x08001380   Section        0  stm32g4xx_ll_utils.o(.text.LL_RCC_SetAHBPrescaler)
    LL_RCC_SetAPB1Prescaler                  0x0800139d   Thumb Code    28  stm32g4xx_ll_utils.o(.text.LL_RCC_SetAPB1Prescaler)
    [Anonymous Symbol]                       0x0800139c   Section        0  stm32g4xx_ll_utils.o(.text.LL_RCC_SetAPB1Prescaler)
    LL_RCC_SetAPB2Prescaler                  0x080013b9   Thumb Code    28  stm32g4xx_ll_utils.o(.text.LL_RCC_SetAPB2Prescaler)
    [Anonymous Symbol]                       0x080013b8   Section        0  stm32g4xx_ll_utils.o(.text.LL_RCC_SetAPB2Prescaler)
    LL_RCC_SetSysClkSource                   0x080013d5   Thumb Code    28  stm32g4xx_ll_utils.o(.text.LL_RCC_SetSysClkSource)
    [Anonymous Symbol]                       0x080013d4   Section        0  stm32g4xx_ll_utils.o(.text.LL_RCC_SetSysClkSource)
    [Anonymous Symbol]                       0x080013f0   Section        0  stm32g4xx_ll_utils.o(.text.LL_SetFlashLatency)
    [Anonymous Symbol]                       0x080015b0   Section        0  stm32g4xx_ll_utils.o(.text.LL_SetSystemCoreClock)
    [Anonymous Symbol]                       0x080015c4   Section        0  system_stm32g4xx.o(.text.SystemInit)
    UTILS_EnablePLLAndSwitchSystem           0x080015d9   Thumb Code   200  stm32g4xx_ll_utils.o(.text.UTILS_EnablePLLAndSwitchSystem)
    [Anonymous Symbol]                       0x080015d8   Section        0  stm32g4xx_ll_utils.o(.text.UTILS_EnablePLLAndSwitchSystem)
    UTILS_GetPLLOutputFrequency              0x080016a1   Thumb Code    62  stm32g4xx_ll_utils.o(.text.UTILS_GetPLLOutputFrequency)
    [Anonymous Symbol]                       0x080016a0   Section        0  stm32g4xx_ll_utils.o(.text.UTILS_GetPLLOutputFrequency)
    UTILS_PLL_IsBusy                         0x080016e1   Thumb Code    34  stm32g4xx_ll_utils.o(.text.UTILS_PLL_IsBusy)
    [Anonymous Symbol]                       0x080016e0   Section        0  stm32g4xx_ll_utils.o(.text.UTILS_PLL_IsBusy)
    [Anonymous Symbol]                       0x08001708   Section        0  main.o(.text.main)
    $v0                                      0x08001860   Number         0  d2f.o(x$fpl$d2f)
    x$fpl$d2f                                0x08001860   Section       98  d2f.o(x$fpl$d2f)
    $v0                                      0x080018c4   Number         0  ddiv.o(x$fpl$ddiv)
    x$fpl$ddiv                               0x080018c4   Section      696  ddiv.o(x$fpl$ddiv)
    ddiv_entry                               0x080018cb   Thumb Code     0  ddiv.o(x$fpl$ddiv)
    $v0                                      0x08001b7c   Number         0  dflt_clz.o(x$fpl$dflt)
    x$fpl$dflt                               0x08001b7c   Section       46  dflt_clz.o(x$fpl$dflt)
    $v0                                      0x08001bac   Number         0  dmul.o(x$fpl$dmul)
    x$fpl$dmul                               0x08001bac   Section      340  dmul.o(x$fpl$dmul)
    $v0                                      0x08001d00   Number         0  dnaninf.o(x$fpl$dnaninf)
    x$fpl$dnaninf                            0x08001d00   Section      156  dnaninf.o(x$fpl$dnaninf)
    $v0                                      0x08001d9c   Number         0  dretinf.o(x$fpl$dretinf)
    x$fpl$dretinf                            0x08001d9c   Section       12  dretinf.o(x$fpl$dretinf)
    $v0                                      0x08001da8   Number         0  fpinit.o(x$fpl$fpinit)
    x$fpl$fpinit                             0x08001da8   Section       26  fpinit.o(x$fpl$fpinit)
    $v0                                      0x08001dc2   Number         0  fretinf.o(x$fpl$fretinf)
    x$fpl$fretinf                            0x08001dc2   Section       10  fretinf.o(x$fpl$fretinf)
    .L__const.ADC_Init.ADC_REG_InitStruct    0x08001dcc   Data          24  adc.o(.rodata..L__const.ADC_Init.ADC_REG_InitStruct)
    x$fpl$usenofp                            0x08001dcc   Section        0  usenofp.o(x$fpl$usenofp)
    CHANNEL_OFFSET_TAB                       0x08001df4   Data           8  adc.o(.rodata.CHANNEL_OFFSET_TAB)
    [Anonymous Symbol]                       0x08001df4   Section        0  adc.o(.rodata.CHANNEL_OFFSET_TAB)
    CHANNEL_OFFSET_TAB                       0x08001dfc   Data           8  main.o(.rodata.CHANNEL_OFFSET_TAB)
    [Anonymous Symbol]                       0x08001dfc   Section        0  main.o(.rodata.CHANNEL_OFFSET_TAB)
    .bss                                     0x20000008   Section       96  libspace.o(.bss)
    Heap_Mem                                 0x20000080   Data         512  startup_stm32g474xx.o(HEAP)
    HEAP                                     0x20000080   Section      512  startup_stm32g474xx.o(HEAP)
    Stack_Mem                                0x20000280   Data        1024  startup_stm32g474xx.o(STACK)
    STACK                                    0x20000280   Section     1024  startup_stm32g474xx.o(STACK)
    __initial_sp                             0x20000680   Data           0  startup_stm32g474xx.o(STACK)

    Global Symbols

    Symbol Name                              Value     Ov Type        Size  Object(Section)

    BuildAttributes$$THM_ISAv4$E$P$D$K$B$S$7EM$VFPi3$EXTD16$VFPS$VFMA$PE$A:L22UL41UL21$X:L11$S22US41US21$IEEE1$IW$~IW$USESV6$~STKCKD$USESV7$~SHL$OSPACE$ROPI$EBA8$UX$STANDARDLIB$REQ8$PRES8$EABIv2 0x00000000   Number         0  anon$$obj.o ABSOLUTE
    __ARM_exceptions_init                     - Undefined Weak Reference
    __alloca_initialize                       - Undefined Weak Reference
    __arm_preinit_                            - Undefined Weak Reference
    __arm_relocate_pie_                       - Undefined Weak Reference
    __cpp_initialize__aeabi_                  - Undefined Weak Reference
    __cxa_finalize                            - Undefined Weak Reference
    __rt_locale                               - Undefined Weak Reference
    __sigvec_lookup                           - Undefined Weak Reference
    _atexit_init                              - Undefined Weak Reference
    _call_atexit_fns                          - Undefined Weak Reference
    _clock_init                               - Undefined Weak Reference
    _fp_trap_init                             - Undefined Weak Reference
    _fp_trap_shutdown                         - Undefined Weak Reference
    _get_lc_collate                           - Undefined Weak Reference
    _get_lc_ctype                             - Undefined Weak Reference
    _get_lc_monetary                          - Undefined Weak Reference
    _get_lc_numeric                           - Undefined Weak Reference
    _get_lc_time                              - Undefined Weak Reference
    _getenv_init                              - Undefined Weak Reference
    _handle_redirection                       - Undefined Weak Reference
    _init_alloc                               - Undefined Weak Reference
    _init_user_alloc                          - Undefined Weak Reference
    _initio                                   - Undefined Weak Reference
    _rand_init                                - Undefined Weak Reference
    _signal_finish                            - Undefined Weak Reference
    _signal_init                              - Undefined Weak Reference
    _terminate_alloc                          - Undefined Weak Reference
    _terminate_user_alloc                     - Undefined Weak Reference
    _terminateio                              - Undefined Weak Reference
    __Vectors_Size                           0x000001d8   Number         0  startup_stm32g474xx.o ABSOLUTE
    __Vectors                                0x08000000   Data           4  startup_stm32g474xx.o(RESET)
    __Vectors_End                            0x080001d8   Data           0  startup_stm32g474xx.o(RESET)
    __main                                   0x080001d9   Thumb Code     8  __main.o(!!!main)
    __scatterload                            0x080001e1   Thumb Code     0  __scatter.o(!!!scatter)
    __scatterload_rt2                        0x080001e1   Thumb Code    84  __scatter.o(!!!scatter)
    __scatterload_rt2_thumb_only             0x080001e1   Thumb Code     0  __scatter.o(!!!scatter)
    __scatterload_loop                       0x080001eb   Thumb Code     0  __scatter.o(!!!scatter)
    __scatterload_copy                       0x0800023d   Thumb Code    26  __scatter_copy.o(!!handler_copy)
    __scatterload_null                       0x08000259   Thumb Code     2  __scatter.o(!!handler_null)
    __scatterload_zeroinit                   0x0800025d   Thumb Code    28  __scatter_zi.o(!!handler_zi)
    __rt_lib_init                            0x08000279   Thumb Code     0  libinit.o(.ARM.Collect$$libinit$$00000000)
    __rt_lib_init_fp_1                       0x0800027b   Thumb Code     0  libinit2.o(.ARM.Collect$$libinit$$00000001)
    __rt_lib_init_alloca_1                   0x0800027f   Thumb Code     0  libinit2.o(.ARM.Collect$$libinit$$00000030)
    __rt_lib_init_argv_1                     0x0800027f   Thumb Code     0  libinit2.o(.ARM.Collect$$libinit$$0000002E)
    __rt_lib_init_atexit_1                   0x0800027f   Thumb Code     0  libinit2.o(.ARM.Collect$$libinit$$0000001D)
    __rt_lib_init_clock_1                    0x0800027f   Thumb Code     0  libinit2.o(.ARM.Collect$$libinit$$00000023)
    __rt_lib_init_cpp_1                      0x0800027f   Thumb Code     0  libinit2.o(.ARM.Collect$$libinit$$00000034)
    __rt_lib_init_exceptions_1               0x0800027f   Thumb Code     0  libinit2.o(.ARM.Collect$$libinit$$00000032)
    __rt_lib_init_fp_trap_1                  0x0800027f   Thumb Code     0  libinit2.o(.ARM.Collect$$libinit$$00000021)
    __rt_lib_init_getenv_1                   0x0800027f   Thumb Code     0  libinit2.o(.ARM.Collect$$libinit$$00000025)
    __rt_lib_init_heap_1                     0x0800027f   Thumb Code     0  libinit2.o(.ARM.Collect$$libinit$$0000000C)
    __rt_lib_init_lc_collate_1               0x0800027f   Thumb Code     0  libinit2.o(.ARM.Collect$$libinit$$00000013)
    __rt_lib_init_lc_ctype_1                 0x0800027f   Thumb Code     0  libinit2.o(.ARM.Collect$$libinit$$00000015)
    __rt_lib_init_lc_monetary_1              0x0800027f   Thumb Code     0  libinit2.o(.ARM.Collect$$libinit$$00000017)
    __rt_lib_init_lc_numeric_1               0x0800027f   Thumb Code     0  libinit2.o(.ARM.Collect$$libinit$$00000019)
    __rt_lib_init_lc_time_1                  0x0800027f   Thumb Code     0  libinit2.o(.ARM.Collect$$libinit$$0000001B)
    __rt_lib_init_preinit_1                  0x0800027f   Thumb Code     0  libinit2.o(.ARM.Collect$$libinit$$00000006)
    __rt_lib_init_rand_1                     0x0800027f   Thumb Code     0  libinit2.o(.ARM.Collect$$libinit$$00000010)
    __rt_lib_init_relocate_pie_1             0x0800027f   Thumb Code     0  libinit2.o(.ARM.Collect$$libinit$$00000004)
    __rt_lib_init_return                     0x0800027f   Thumb Code     0  libinit2.o(.ARM.Collect$$libinit$$00000035)
    __rt_lib_init_signal_1                   0x0800027f   Thumb Code     0  libinit2.o(.ARM.Collect$$libinit$$0000001F)
    __rt_lib_init_stdio_1                    0x0800027f   Thumb Code     0  libinit2.o(.ARM.Collect$$libinit$$00000027)
    __rt_lib_init_user_alloc_1               0x0800027f   Thumb Code     0  libinit2.o(.ARM.Collect$$libinit$$0000000E)
    __rt_lib_shutdown                        0x08000281   Thumb Code     0  libshutdown.o(.ARM.Collect$$libshutdown$$00000000)
    __rt_lib_shutdown_cpp_1                  0x08000283   Thumb Code     0  libshutdown2.o(.ARM.Collect$$libshutdown$$00000002)
    __rt_lib_shutdown_fp_trap_1              0x08000283   Thumb Code     0  libshutdown2.o(.ARM.Collect$$libshutdown$$00000007)
    __rt_lib_shutdown_heap_1                 0x08000283   Thumb Code     0  libshutdown2.o(.ARM.Collect$$libshutdown$$0000000F)
    __rt_lib_shutdown_return                 0x08000283   Thumb Code     0  libshutdown2.o(.ARM.Collect$$libshutdown$$00000010)
    __rt_lib_shutdown_signal_1               0x08000283   Thumb Code     0  libshutdown2.o(.ARM.Collect$$libshutdown$$0000000A)
    __rt_lib_shutdown_stdio_1                0x08000283   Thumb Code     0  libshutdown2.o(.ARM.Collect$$libshutdown$$00000004)
    __rt_lib_shutdown_user_alloc_1           0x08000283   Thumb Code     0  libshutdown2.o(.ARM.Collect$$libshutdown$$0000000C)
    __rt_entry                               0x08000285   Thumb Code     0  __rtentry.o(.ARM.Collect$$rtentry$$00000000)
    __rt_entry_presh_1                       0x08000285   Thumb Code     0  __rtentry2.o(.ARM.Collect$$rtentry$$00000002)
    __rt_entry_sh                            0x08000285   Thumb Code     0  __rtentry4.o(.ARM.Collect$$rtentry$$00000004)
    __rt_entry_li                            0x0800028b   Thumb Code     0  __rtentry2.o(.ARM.Collect$$rtentry$$0000000A)
    __rt_entry_postsh_1                      0x0800028b   Thumb Code     0  __rtentry2.o(.ARM.Collect$$rtentry$$00000009)
    __rt_entry_main                          0x0800028f   Thumb Code     0  __rtentry2.o(.ARM.Collect$$rtentry$$0000000D)
    __rt_entry_postli_1                      0x0800028f   Thumb Code     0  __rtentry2.o(.ARM.Collect$$rtentry$$0000000C)
    __rt_exit                                0x08000297   Thumb Code     0  rtexit.o(.ARM.Collect$$rtexit$$00000000)
    __rt_exit_ls                             0x08000299   Thumb Code     0  rtexit2.o(.ARM.Collect$$rtexit$$00000003)
    __rt_exit_prels_1                        0x08000299   Thumb Code     0  rtexit2.o(.ARM.Collect$$rtexit$$00000002)
    __rt_exit_exit                           0x0800029d   Thumb Code     0  rtexit2.o(.ARM.Collect$$rtexit$$00000004)
    Reset_Handler                            0x080002a5   Thumb Code     8  startup_stm32g474xx.o(.text)
    NMI_Handler                              0x080002ad   Thumb Code     2  startup_stm32g474xx.o(.text)
    HardFault_Handler                        0x080002af   Thumb Code     2  startup_stm32g474xx.o(.text)
    MemManage_Handler                        0x080002b1   Thumb Code     2  startup_stm32g474xx.o(.text)
    BusFault_Handler                         0x080002b3   Thumb Code     2  startup_stm32g474xx.o(.text)
    UsageFault_Handler                       0x080002b5   Thumb Code     2  startup_stm32g474xx.o(.text)
    SVC_Handler                              0x080002b7   Thumb Code     2  startup_stm32g474xx.o(.text)
    DebugMon_Handler                         0x080002b9   Thumb Code     2  startup_stm32g474xx.o(.text)
    PendSV_Handler                           0x080002bb   Thumb Code     2  startup_stm32g474xx.o(.text)
    SysTick_Handler                          0x080002bd   Thumb Code     2  startup_stm32g474xx.o(.text)
    ADC1_2_IRQHandler                        0x080002bf   Thumb Code     0  startup_stm32g474xx.o(.text)
    ADC3_IRQHandler                          0x080002bf   Thumb Code     0  startup_stm32g474xx.o(.text)
    ADC4_IRQHandler                          0x080002bf   Thumb Code     0  startup_stm32g474xx.o(.text)
    ADC5_IRQHandler                          0x080002bf   Thumb Code     0  startup_stm32g474xx.o(.text)
    COMP1_2_3_IRQHandler                     0x080002bf   Thumb Code     0  startup_stm32g474xx.o(.text)
    COMP4_5_6_IRQHandler                     0x080002bf   Thumb Code     0  startup_stm32g474xx.o(.text)
    COMP7_IRQHandler                         0x080002bf   Thumb Code     0  startup_stm32g474xx.o(.text)
    CORDIC_IRQHandler                        0x080002bf   Thumb Code     0  startup_stm32g474xx.o(.text)
    CRS_IRQHandler                           0x080002bf   Thumb Code     0  startup_stm32g474xx.o(.text)
    DMA1_Channel1_IRQHandler                 0x080002bf   Thumb Code     0  startup_stm32g474xx.o(.text)
    DMA1_Channel2_IRQHandler                 0x080002bf   Thumb Code     0  startup_stm32g474xx.o(.text)
    DMA1_Channel3_IRQHandler                 0x080002bf   Thumb Code     0  startup_stm32g474xx.o(.text)
    DMA1_Channel4_IRQHandler                 0x080002bf   Thumb Code     0  startup_stm32g474xx.o(.text)
    DMA1_Channel5_IRQHandler                 0x080002bf   Thumb Code     0  startup_stm32g474xx.o(.text)
    DMA1_Channel6_IRQHandler                 0x080002bf   Thumb Code     0  startup_stm32g474xx.o(.text)
    DMA1_Channel7_IRQHandler                 0x080002bf   Thumb Code     0  startup_stm32g474xx.o(.text)
    DMA1_Channel8_IRQHandler                 0x080002bf   Thumb Code     0  startup_stm32g474xx.o(.text)
    DMA2_Channel1_IRQHandler                 0x080002bf   Thumb Code     0  startup_stm32g474xx.o(.text)
    DMA2_Channel2_IRQHandler                 0x080002bf   Thumb Code     0  startup_stm32g474xx.o(.text)
    DMA2_Channel3_IRQHandler                 0x080002bf   Thumb Code     0  startup_stm32g474xx.o(.text)
    DMA2_Channel4_IRQHandler                 0x080002bf   Thumb Code     0  startup_stm32g474xx.o(.text)
    DMA2_Channel5_IRQHandler                 0x080002bf   Thumb Code     0  startup_stm32g474xx.o(.text)
    DMA2_Channel6_IRQHandler                 0x080002bf   Thumb Code     0  startup_stm32g474xx.o(.text)
    DMA2_Channel7_IRQHandler                 0x080002bf   Thumb Code     0  startup_stm32g474xx.o(.text)
    DMA2_Channel8_IRQHandler                 0x080002bf   Thumb Code     0  startup_stm32g474xx.o(.text)
    DMAMUX_OVR_IRQHandler                    0x080002bf   Thumb Code     0  startup_stm32g474xx.o(.text)
    EXTI0_IRQHandler                         0x080002bf   Thumb Code     0  startup_stm32g474xx.o(.text)
    EXTI15_10_IRQHandler                     0x080002bf   Thumb Code     0  startup_stm32g474xx.o(.text)
    EXTI1_IRQHandler                         0x080002bf   Thumb Code     0  startup_stm32g474xx.o(.text)
    EXTI2_IRQHandler                         0x080002bf   Thumb Code     0  startup_stm32g474xx.o(.text)
    EXTI3_IRQHandler                         0x080002bf   Thumb Code     0  startup_stm32g474xx.o(.text)
    EXTI4_IRQHandler                         0x080002bf   Thumb Code     0  startup_stm32g474xx.o(.text)
    EXTI9_5_IRQHandler                       0x080002bf   Thumb Code     0  startup_stm32g474xx.o(.text)
    FDCAN1_IT0_IRQHandler                    0x080002bf   Thumb Code     0  startup_stm32g474xx.o(.text)
    FDCAN1_IT1_IRQHandler                    0x080002bf   Thumb Code     0  startup_stm32g474xx.o(.text)
    FDCAN2_IT0_IRQHandler                    0x080002bf   Thumb Code     0  startup_stm32g474xx.o(.text)
    FDCAN2_IT1_IRQHandler                    0x080002bf   Thumb Code     0  startup_stm32g474xx.o(.text)
    FDCAN3_IT0_IRQHandler                    0x080002bf   Thumb Code     0  startup_stm32g474xx.o(.text)
    FDCAN3_IT1_IRQHandler                    0x080002bf   Thumb Code     0  startup_stm32g474xx.o(.text)
    FLASH_IRQHandler                         0x080002bf   Thumb Code     0  startup_stm32g474xx.o(.text)
    FMAC_IRQHandler                          0x080002bf   Thumb Code     0  startup_stm32g474xx.o(.text)
    FMC_IRQHandler                           0x080002bf   Thumb Code     0  startup_stm32g474xx.o(.text)
    FPU_IRQHandler                           0x080002bf   Thumb Code     0  startup_stm32g474xx.o(.text)
    HRTIM1_FLT_IRQHandler                    0x080002bf   Thumb Code     0  startup_stm32g474xx.o(.text)
    HRTIM1_Master_IRQHandler                 0x080002bf   Thumb Code     0  startup_stm32g474xx.o(.text)
    HRTIM1_TIMA_IRQHandler                   0x080002bf   Thumb Code     0  startup_stm32g474xx.o(.text)
    HRTIM1_TIMB_IRQHandler                   0x080002bf   Thumb Code     0  startup_stm32g474xx.o(.text)
    HRTIM1_TIMC_IRQHandler                   0x080002bf   Thumb Code     0  startup_stm32g474xx.o(.text)
    HRTIM1_TIMD_IRQHandler                   0x080002bf   Thumb Code     0  startup_stm32g474xx.o(.text)
    HRTIM1_TIME_IRQHandler                   0x080002bf   Thumb Code     0  startup_stm32g474xx.o(.text)
    HRTIM1_TIMF_IRQHandler                   0x080002bf   Thumb Code     0  startup_stm32g474xx.o(.text)
    I2C1_ER_IRQHandler                       0x080002bf   Thumb Code     0  startup_stm32g474xx.o(.text)
    I2C1_EV_IRQHandler                       0x080002bf   Thumb Code     0  startup_stm32g474xx.o(.text)
    I2C2_ER_IRQHandler                       0x080002bf   Thumb Code     0  startup_stm32g474xx.o(.text)
    I2C2_EV_IRQHandler                       0x080002bf   Thumb Code     0  startup_stm32g474xx.o(.text)
    I2C3_ER_IRQHandler                       0x080002bf   Thumb Code     0  startup_stm32g474xx.o(.text)
    I2C3_EV_IRQHandler                       0x080002bf   Thumb Code     0  startup_stm32g474xx.o(.text)
    I2C4_ER_IRQHandler                       0x080002bf   Thumb Code     0  startup_stm32g474xx.o(.text)
    I2C4_EV_IRQHandler                       0x080002bf   Thumb Code     0  startup_stm32g474xx.o(.text)
    LPTIM1_IRQHandler                        0x080002bf   Thumb Code     0  startup_stm32g474xx.o(.text)
    LPUART1_IRQHandler                       0x080002bf   Thumb Code     0  startup_stm32g474xx.o(.text)
    PVD_PVM_IRQHandler                       0x080002bf   Thumb Code     0  startup_stm32g474xx.o(.text)
    QUADSPI_IRQHandler                       0x080002bf   Thumb Code     0  startup_stm32g474xx.o(.text)
    RCC_IRQHandler                           0x080002bf   Thumb Code     0  startup_stm32g474xx.o(.text)
    RNG_IRQHandler                           0x080002bf   Thumb Code     0  startup_stm32g474xx.o(.text)
    RTC_Alarm_IRQHandler                     0x080002bf   Thumb Code     0  startup_stm32g474xx.o(.text)
    RTC_TAMP_LSECSS_IRQHandler               0x080002bf   Thumb Code     0  startup_stm32g474xx.o(.text)
    RTC_WKUP_IRQHandler                      0x080002bf   Thumb Code     0  startup_stm32g474xx.o(.text)
    SAI1_IRQHandler                          0x080002bf   Thumb Code     0  startup_stm32g474xx.o(.text)
    SPI1_IRQHandler                          0x080002bf   Thumb Code     0  startup_stm32g474xx.o(.text)
    SPI2_IRQHandler                          0x080002bf   Thumb Code     0  startup_stm32g474xx.o(.text)
    SPI3_IRQHandler                          0x080002bf   Thumb Code     0  startup_stm32g474xx.o(.text)
    SPI4_IRQHandler                          0x080002bf   Thumb Code     0  startup_stm32g474xx.o(.text)
    TIM1_BRK_TIM15_IRQHandler                0x080002bf   Thumb Code     0  startup_stm32g474xx.o(.text)
    TIM1_CC_IRQHandler                       0x080002bf   Thumb Code     0  startup_stm32g474xx.o(.text)
    TIM1_TRG_COM_TIM17_IRQHandler            0x080002bf   Thumb Code     0  startup_stm32g474xx.o(.text)
    TIM1_UP_TIM16_IRQHandler                 0x080002bf   Thumb Code     0  startup_stm32g474xx.o(.text)
    TIM20_BRK_IRQHandler                     0x080002bf   Thumb Code     0  startup_stm32g474xx.o(.text)
    TIM20_CC_IRQHandler                      0x080002bf   Thumb Code     0  startup_stm32g474xx.o(.text)
    TIM20_TRG_COM_IRQHandler                 0x080002bf   Thumb Code     0  startup_stm32g474xx.o(.text)
    TIM20_UP_IRQHandler                      0x080002bf   Thumb Code     0  startup_stm32g474xx.o(.text)
    TIM2_IRQHandler                          0x080002bf   Thumb Code     0  startup_stm32g474xx.o(.text)
    TIM3_IRQHandler                          0x080002bf   Thumb Code     0  startup_stm32g474xx.o(.text)
    TIM4_IRQHandler                          0x080002bf   Thumb Code     0  startup_stm32g474xx.o(.text)
    TIM5_IRQHandler                          0x080002bf   Thumb Code     0  startup_stm32g474xx.o(.text)
    TIM6_DAC_IRQHandler                      0x080002bf   Thumb Code     0  startup_stm32g474xx.o(.text)
    TIM7_DAC_IRQHandler                      0x080002bf   Thumb Code     0  startup_stm32g474xx.o(.text)
    TIM8_BRK_IRQHandler                      0x080002bf   Thumb Code     0  startup_stm32g474xx.o(.text)
    TIM8_CC_IRQHandler                       0x080002bf   Thumb Code     0  startup_stm32g474xx.o(.text)
    TIM8_TRG_COM_IRQHandler                  0x080002bf   Thumb Code     0  startup_stm32g474xx.o(.text)
    TIM8_UP_IRQHandler                       0x080002bf   Thumb Code     0  startup_stm32g474xx.o(.text)
    UART4_IRQHandler                         0x080002bf   Thumb Code     0  startup_stm32g474xx.o(.text)
    UART5_IRQHandler                         0x080002bf   Thumb Code     0  startup_stm32g474xx.o(.text)
    UCPD1_IRQHandler                         0x080002bf   Thumb Code     0  startup_stm32g474xx.o(.text)
    USART1_IRQHandler                        0x080002bf   Thumb Code     0  startup_stm32g474xx.o(.text)
    USART2_IRQHandler                        0x080002bf   Thumb Code     0  startup_stm32g474xx.o(.text)
    USART3_IRQHandler                        0x080002bf   Thumb Code     0  startup_stm32g474xx.o(.text)
    USBWakeUp_IRQHandler                     0x080002bf   Thumb Code     0  startup_stm32g474xx.o(.text)
    USB_HP_IRQHandler                        0x080002bf   Thumb Code     0  startup_stm32g474xx.o(.text)
    USB_LP_IRQHandler                        0x080002bf   Thumb Code     0  startup_stm32g474xx.o(.text)
    WWDG_IRQHandler                          0x080002bf   Thumb Code     0  startup_stm32g474xx.o(.text)
    __user_initial_stackheap                 0x080002c1   Thumb Code     0  startup_stm32g474xx.o(.text)
    __use_two_region_memory                  0x080002e5   Thumb Code     2  heapauxi.o(.text)
    __rt_heap_escrow$2region                 0x080002e7   Thumb Code     2  heapauxi.o(.text)
    __rt_heap_expand$2region                 0x080002e9   Thumb Code     2  heapauxi.o(.text)
    __user_setup_stackheap                   0x080002eb   Thumb Code    74  sys_stackheap_outer.o(.text)
    exit                                     0x08000335   Thumb Code    18  exit.o(.text)
    __user_libspace                          0x08000349   Thumb Code     8  libspace.o(.text)
    __user_perproc_libspace                  0x08000349   Thumb Code     0  libspace.o(.text)
    __user_perthread_libspace                0x08000349   Thumb Code     0  libspace.o(.text)
    _sys_exit                                0x08000351   Thumb Code     8  sys_exit.o(.text)
    __I$use$semihosting                      0x0800035d   Thumb Code     0  use_no_semi.o(.text)
    __use_no_semihosting_swi                 0x0800035d   Thumb Code     2  use_no_semi.o(.text)
    __semihosting_library_function           0x0800035f   Thumb Code     0  indicate_semi.o(.text)
    ADC_DMA_Init                             0x08000361   Thumb Code   112  adc.o(.text.ADC_DMA_Init)
    ADC_DMA_Start                            0x080003d1   Thumb Code   150  main.o(.text.ADC_DMA_Start)
    ADC_Init                                 0x08000469   Thumb Code   404  adc.o(.text.ADC_Init)
    ADC_PIN_Init                             0x080005fd   Thumb Code    86  adc.o(.text.ADC_PIN_Init)
    Clock_system                             0x08000655   Thumb Code    86  clock_system.o(.text.Clock_system)
    LL_ADC_CommonInit                        0x080006bd   Thumb Code   228  stm32g4xx_ll_adc.o(.text.LL_ADC_CommonInit)
    LL_ADC_Init                              0x0800086d   Thumb Code    70  stm32g4xx_ll_adc.o(.text.LL_ADC_Init)
    LL_ADC_REG_Init                          0x08000905   Thumb Code   162  stm32g4xx_ll_adc.o(.text.LL_ADC_REG_Init)
    LL_GPIO_Init                             0x08000de9   Thumb Code   220  stm32g4xx_ll_gpio.o(.text.LL_GPIO_Init)
    LL_PLL_ConfigSystemClock_HSE             0x08001155   Thumb Code   222  stm32g4xx_ll_utils.o(.text.LL_PLL_ConfigSystemClock_HSE)
    LL_SetFlashLatency                       0x080013f1   Thumb Code   448  stm32g4xx_ll_utils.o(.text.LL_SetFlashLatency)
    LL_SetSystemCoreClock                    0x080015b1   Thumb Code    20  stm32g4xx_ll_utils.o(.text.LL_SetSystemCoreClock)
    SystemInit                               0x080015c5   Thumb Code    18  system_stm32g4xx.o(.text.SystemInit)
    main                                     0x08001709   Thumb Code   328  main.o(.text.main)
    __aeabi_d2f                              0x08001861   Thumb Code     0  d2f.o(x$fpl$d2f)
    _d2f                                     0x08001861   Thumb Code    98  d2f.o(x$fpl$d2f)
    __aeabi_ddiv                             0x080018c5   Thumb Code     0  ddiv.o(x$fpl$ddiv)
    _ddiv                                    0x080018c5   Thumb Code   560  ddiv.o(x$fpl$ddiv)
    __aeabi_i2d                              0x08001b7d   Thumb Code     0  dflt_clz.o(x$fpl$dflt)
    _dflt                                    0x08001b7d   Thumb Code    46  dflt_clz.o(x$fpl$dflt)
    __aeabi_dmul                             0x08001bad   Thumb Code     0  dmul.o(x$fpl$dmul)
    _dmul                                    0x08001bad   Thumb Code   332  dmul.o(x$fpl$dmul)
    __fpl_dnaninf                            0x08001d01   Thumb Code   156  dnaninf.o(x$fpl$dnaninf)
    __fpl_dretinf                            0x08001d9d   Thumb Code    12  dretinf.o(x$fpl$dretinf)
    _fp_init                                 0x08001da9   Thumb Code    26  fpinit.o(x$fpl$fpinit)
    __fplib_config_fpu_vfp                   0x08001dc1   Thumb Code     0  fpinit.o(x$fpl$fpinit)
    __fplib_config_pureend_doubles           0x08001dc1   Thumb Code     0  fpinit.o(x$fpl$fpinit)
    __fpl_fretinf                            0x08001dc3   Thumb Code    10  fretinf.o(x$fpl$fretinf)
    __I$use$fp                               0x08001dcc   Number         0  usenofp.o(x$fpl$usenofp)
    AHBPrescTable                            0x08001de4   Data          16  system_stm32g4xx.o(.rodata.AHBPrescTable)
    Region$$Table$$Base                      0x08001e04   Number         0  anon$$obj.o(Region$$Table)
    Region$$Table$$Limit                     0x08001e24   Number         0  anon$$obj.o(Region$$Table)
    SystemCoreClock                          0x20000000   Data           4  system_stm32g4xx.o(.data.SystemCoreClock)
    __libspace_start                         0x20000008   Data          96  libspace.o(.bss)
    ADC_Buffer                               0x20000068   Data           8  main.o(.bss.ADC_Buffer)
    __temporary_stack_top$libspace           0x20000068   Data           0  libspace.o(.bss)
    V0                                       0x20000070   Data           4  main.o(.bss.V0)
    V1                                       0x20000074   Data           4  main.o(.bss.V1)
    V2                                       0x20000078   Data           4  main.o(.bss.V2)
    V3                                       0x2000007c   Data           4  main.o(.bss.V3)



==============================================================================

Memory Map of the image

  Image Entry point : 0x080002a5

  Load Region LR_1 (Base: 0x08000000, Size: 0x00001e28, Max: 0xffffffff, ABSOLUTE)

    Execution Region ER_RO (Exec base: 0x08000000, Load base: 0x08000000, Size: 0x00001e24, Max: 0xffffffff, ABSOLUTE)

    Exec Addr    Load Addr    Size         Type   Attr      Idx    E Section Name        Object

    0x08000000   0x08000000   0x000001d8   Data   RO           17    RESET               startup_stm32g474xx.o
    0x080001d8   0x080001d8   0x00000008   Code   RO          579  * !!!main             c_w.l(__main.o)
    0x080001e0   0x080001e0   0x0000005c   Code   RO          765    !!!scatter          c_w.l(__scatter.o)
    0x0800023c   0x0800023c   0x0000001a   Code   RO          769    !!handler_copy      c_w.l(__scatter_copy.o)
    0x08000256   0x08000256   0x00000002   PAD
    0x08000258   0x08000258   0x00000002   Code   RO          766    !!handler_null      c_w.l(__scatter.o)
    0x0800025a   0x0800025a   0x00000002   PAD
    0x0800025c   0x0800025c   0x0000001c   Code   RO          771    !!handler_zi        c_w.l(__scatter_zi.o)
    0x08000278   0x08000278   0x00000002   Code   RO          627    .ARM.Collect$$libinit$$00000000  c_w.l(libinit.o)
    0x0800027a   0x0800027a   0x00000004   Code   RO          633    .ARM.Collect$$libinit$$00000001  c_w.l(libinit2.o)
    0x0800027e   0x0800027e   0x00000000   Code   RO          636    .ARM.Collect$$libinit$$00000004  c_w.l(libinit2.o)
    0x0800027e   0x0800027e   0x00000000   Code   RO          638    .ARM.Collect$$libinit$$00000006  c_w.l(libinit2.o)
    0x0800027e   0x0800027e   0x00000000   Code   RO          641    .ARM.Collect$$libinit$$0000000C  c_w.l(libinit2.o)
    0x0800027e   0x0800027e   0x00000000   Code   RO          643    .ARM.Collect$$libinit$$0000000E  c_w.l(libinit2.o)
    0x0800027e   0x0800027e   0x00000000   Code   RO          645    .ARM.Collect$$libinit$$00000010  c_w.l(libinit2.o)
    0x0800027e   0x0800027e   0x00000000   Code   RO          648    .ARM.Collect$$libinit$$00000013  c_w.l(libinit2.o)
    0x0800027e   0x0800027e   0x00000000   Code   RO          650    .ARM.Collect$$libinit$$00000015  c_w.l(libinit2.o)
    0x0800027e   0x0800027e   0x00000000   Code   RO          652    .ARM.Collect$$libinit$$00000017  c_w.l(libinit2.o)
    0x0800027e   0x0800027e   0x00000000   Code   RO          654    .ARM.Collect$$libinit$$00000019  c_w.l(libinit2.o)
    0x0800027e   0x0800027e   0x00000000   Code   RO          656    .ARM.Collect$$libinit$$0000001B  c_w.l(libinit2.o)
    0x0800027e   0x0800027e   0x00000000   Code   RO          658    .ARM.Collect$$libinit$$0000001D  c_w.l(libinit2.o)
    0x0800027e   0x0800027e   0x00000000   Code   RO          660    .ARM.Collect$$libinit$$0000001F  c_w.l(libinit2.o)
    0x0800027e   0x0800027e   0x00000000   Code   RO          662    .ARM.Collect$$libinit$$00000021  c_w.l(libinit2.o)
    0x0800027e   0x0800027e   0x00000000   Code   RO          664    .ARM.Collect$$libinit$$00000023  c_w.l(libinit2.o)
    0x0800027e   0x0800027e   0x00000000   Code   RO          666    .ARM.Collect$$libinit$$00000025  c_w.l(libinit2.o)
    0x0800027e   0x0800027e   0x00000000   Code   RO          668    .ARM.Collect$$libinit$$00000027  c_w.l(libinit2.o)
    0x0800027e   0x0800027e   0x00000000   Code   RO          672    .ARM.Collect$$libinit$$0000002E  c_w.l(libinit2.o)
    0x0800027e   0x0800027e   0x00000000   Code   RO          674    .ARM.Collect$$libinit$$00000030  c_w.l(libinit2.o)
    0x0800027e   0x0800027e   0x00000000   Code   RO          676    .ARM.Collect$$libinit$$00000032  c_w.l(libinit2.o)
    0x0800027e   0x0800027e   0x00000000   Code   RO          678    .ARM.Collect$$libinit$$00000034  c_w.l(libinit2.o)
    0x0800027e   0x0800027e   0x00000002   Code   RO          679    .ARM.Collect$$libinit$$00000035  c_w.l(libinit2.o)
    0x08000280   0x08000280   0x00000002   Code   RO          701    .ARM.Collect$$libshutdown$$00000000  c_w.l(libshutdown.o)
    0x08000282   0x08000282   0x00000000   Code   RO          716    .ARM.Collect$$libshutdown$$00000002  c_w.l(libshutdown2.o)
    0x08000282   0x08000282   0x00000000   Code   RO          718    .ARM.Collect$$libshutdown$$00000004  c_w.l(libshutdown2.o)
    0x08000282   0x08000282   0x00000000   Code   RO          721    .ARM.Collect$$libshutdown$$00000007  c_w.l(libshutdown2.o)
    0x08000282   0x08000282   0x00000000   Code   RO          724    .ARM.Collect$$libshutdown$$0000000A  c_w.l(libshutdown2.o)
    0x08000282   0x08000282   0x00000000   Code   RO          726    .ARM.Collect$$libshutdown$$0000000C  c_w.l(libshutdown2.o)
    0x08000282   0x08000282   0x00000000   Code   RO          729    .ARM.Collect$$libshutdown$$0000000F  c_w.l(libshutdown2.o)
    0x08000282   0x08000282   0x00000002   Code   RO          730    .ARM.Collect$$libshutdown$$00000010  c_w.l(libshutdown2.o)
    0x08000284   0x08000284   0x00000000   Code   RO          595    .ARM.Collect$$rtentry$$00000000  c_w.l(__rtentry.o)
    0x08000284   0x08000284   0x00000000   Code   RO          604    .ARM.Collect$$rtentry$$00000002  c_w.l(__rtentry2.o)
    0x08000284   0x08000284   0x00000006   Code   RO          616    .ARM.Collect$$rtentry$$00000004  c_w.l(__rtentry4.o)
    0x0800028a   0x0800028a   0x00000000   Code   RO          606    .ARM.Collect$$rtentry$$00000009  c_w.l(__rtentry2.o)
    0x0800028a   0x0800028a   0x00000004   Code   RO          607    .ARM.Collect$$rtentry$$0000000A  c_w.l(__rtentry2.o)
    0x0800028e   0x0800028e   0x00000000   Code   RO          609    .ARM.Collect$$rtentry$$0000000C  c_w.l(__rtentry2.o)
    0x0800028e   0x0800028e   0x00000008   Code   RO          610    .ARM.Collect$$rtentry$$0000000D  c_w.l(__rtentry2.o)
    0x08000296   0x08000296   0x00000002   Code   RO          631    .ARM.Collect$$rtexit$$00000000  c_w.l(rtexit.o)
    0x08000298   0x08000298   0x00000000   Code   RO          681    .ARM.Collect$$rtexit$$00000002  c_w.l(rtexit2.o)
    0x08000298   0x08000298   0x00000004   Code   RO          682    .ARM.Collect$$rtexit$$00000003  c_w.l(rtexit2.o)
    0x0800029c   0x0800029c   0x00000006   Code   RO          683    .ARM.Collect$$rtexit$$00000004  c_w.l(rtexit2.o)
    0x080002a2   0x080002a2   0x00000002   PAD
    0x080002a4   0x080002a4   0x00000040   Code   RO           18  * .text               startup_stm32g474xx.o
    0x080002e4   0x080002e4   0x00000006   Code   RO          577    .text               c_w.l(heapauxi.o)
    0x080002ea   0x080002ea   0x0000004a   Code   RO          618    .text               c_w.l(sys_stackheap_outer.o)
    0x08000334   0x08000334   0x00000012   Code   RO          620    .text               c_w.l(exit.o)
    0x08000346   0x08000346   0x00000002   PAD
    0x08000348   0x08000348   0x00000008   Code   RO          628    .text               c_w.l(libspace.o)
    0x08000350   0x08000350   0x0000000c   Code   RO          691    .text               c_w.l(sys_exit.o)
    0x0800035c   0x0800035c   0x00000002   Code   RO          706    .text               c_w.l(use_no_semi.o)
    0x0800035e   0x0800035e   0x00000000   Code   RO          708    .text               c_w.l(indicate_semi.o)
    0x0800035e   0x0800035e   0x00000002   PAD
    0x08000360   0x08000360   0x00000070   Code   RO          431    .text.ADC_DMA_Init  adc.o
    0x080003d0   0x080003d0   0x00000096   Code   RO          536    .text.ADC_DMA_Start  main.o
    0x08000466   0x08000466   0x00000002   PAD
    0x08000468   0x08000468   0x00000194   Code   RO          451    .text.ADC_Init      adc.o
    0x080005fc   0x080005fc   0x00000056   Code   RO          427    .text.ADC_PIN_Init  adc.o
    0x08000652   0x08000652   0x00000002   PAD
    0x08000654   0x08000654   0x00000056   Code   RO          485    .text.Clock_system  clock_system.o
    0x080006aa   0x080006aa   0x00000002   PAD
    0x080006ac   0x080006ac   0x0000000e   Code   RO          469    .text.LL_ADC_ClearFlag_ADRDY  adc.o
    0x080006ba   0x080006ba   0x00000002   PAD
    0x080006bc   0x080006bc   0x000000e4   Code   RO           31    .text.LL_ADC_CommonInit  stm32g4xx_ll_adc.o
    0x080007a0   0x080007a0   0x0000005a   Code   RO          544    .text.LL_ADC_DMA_GetRegAddr  main.o
    0x080007fa   0x080007fa   0x00000002   PAD
    0x080007fc   0x080007fc   0x00000018   Code   RO          455    .text.LL_ADC_DisableDeepPowerDown  adc.o
    0x08000814   0x08000814   0x0000001c   Code   RO          471    .text.LL_ADC_Enable  adc.o
    0x08000830   0x08000830   0x0000001c   Code   RO          554    .text.LL_ADC_Enable  main.o
    0x0800084c   0x0800084c   0x0000001e   Code   RO          457    .text.LL_ADC_EnableInternalRegulator  adc.o
    0x0800086a   0x0800086a   0x00000002   PAD
    0x0800086c   0x0800086c   0x00000046   Code   RO           57    .text.LL_ADC_Init   stm32g4xx_ll_adc.o
    0x080008b2   0x080008b2   0x00000002   PAD
    0x080008b4   0x080008b4   0x00000010   Code   RO          473    .text.LL_ADC_IsActiveFlag_ADRDY  adc.o
    0x080008c4   0x080008c4   0x00000010   Code   RO          556    .text.LL_ADC_IsActiveFlag_ADRDY  main.o
    0x080008d4   0x080008d4   0x0000000e   Code   RO          467    .text.LL_ADC_IsCalibrationOnGoing  adc.o
    0x080008e2   0x080008e2   0x00000002   PAD
    0x080008e4   0x080008e4   0x00000010   Code   RO           33    .text.LL_ADC_IsEnabled  stm32g4xx_ll_adc.o
    0x080008f4   0x080008f4   0x00000010   Code   RO          552    .text.LL_ADC_IsEnabled  main.o
    0x08000904   0x08000904   0x000000a2   Code   RO           61    .text.LL_ADC_REG_Init  stm32g4xx_ll_adc.o
    0x080009a6   0x080009a6   0x00000002   PAD
    0x080009a8   0x080009a8   0x0000001a   Code   RO           63    .text.LL_ADC_REG_SetSequencerLength  stm32g4xx_ll_adc.o
    0x080009c2   0x080009c2   0x00000002   PAD
    0x080009c4   0x080009c4   0x0000003a   Code   RO          459    .text.LL_ADC_REG_SetSequencerRanks  adc.o
    0x080009fe   0x080009fe   0x00000002   PAD
    0x08000a00   0x08000a00   0x0000001c   Code   RO          560    .text.LL_ADC_REG_StartConversion  main.o
    0x08000a1c   0x08000a1c   0x00000036   Code   RO          461    .text.LL_ADC_SetChannelSamplingTime  adc.o
    0x08000a52   0x08000a52   0x00000002   PAD
    0x08000a54   0x08000a54   0x00000034   Code   RO          463    .text.LL_ADC_SetChannelSingleDiff  adc.o
    0x08000a88   0x08000a88   0x00000028   Code   RO          465    .text.LL_ADC_StartCalibration  adc.o
    0x08000ab0   0x08000ab0   0x00000022   Code   RO          433    .text.LL_AHB1_GRP1_EnableClock  adc.o
    0x08000ad2   0x08000ad2   0x00000002   PAD
    0x08000ad4   0x08000ad4   0x00000022   Code   RO          429    .text.LL_AHB2_GRP1_EnableClock  adc.o
    0x08000af6   0x08000af6   0x00000002   PAD
    0x08000af8   0x08000af8   0x00000024   Code   RO          538    .text.LL_DMA_DisableChannel  main.o
    0x08000b1c   0x08000b1c   0x00000024   Code   RO          550    .text.LL_DMA_EnableChannel  main.o
    0x08000b40   0x08000b40   0x00000022   Code   RO          540    .text.LL_DMA_IsEnabledChannel  main.o
    0x08000b62   0x08000b62   0x00000002   PAD
    0x08000b64   0x08000b64   0x00000030   Code   RO          439    .text.LL_DMA_SetChannelPriorityLevel  adc.o
    0x08000b94   0x08000b94   0x00000036   Code   RO          548    .text.LL_DMA_SetDataLength  main.o
    0x08000bca   0x08000bca   0x00000002   PAD
    0x08000bcc   0x08000bcc   0x00000032   Code   RO          437    .text.LL_DMA_SetDataTransferDirection  adc.o
    0x08000bfe   0x08000bfe   0x00000002   PAD
    0x08000c00   0x08000c00   0x00000024   Code   RO          546    .text.LL_DMA_SetMemoryAddress  main.o
    0x08000c24   0x08000c24   0x00000030   Code   RO          445    .text.LL_DMA_SetMemoryIncMode  adc.o
    0x08000c54   0x08000c54   0x00000030   Code   RO          449    .text.LL_DMA_SetMemorySize  adc.o
    0x08000c84   0x08000c84   0x00000030   Code   RO          441    .text.LL_DMA_SetMode  adc.o
    0x08000cb4   0x08000cb4   0x00000024   Code   RO          542    .text.LL_DMA_SetPeriphAddress  main.o
    0x08000cd8   0x08000cd8   0x00000030   Code   RO          443    .text.LL_DMA_SetPeriphIncMode  adc.o
    0x08000d08   0x08000d08   0x00000048   Code   RO          435    .text.LL_DMA_SetPeriphRequest  adc.o
    0x08000d50   0x08000d50   0x00000030   Code   RO          447    .text.LL_DMA_SetPeriphSize  adc.o
    0x08000d80   0x08000d80   0x00000012   Code   RO          491    .text.LL_FLASH_EnableDataCache  clock_system.o
    0x08000d92   0x08000d92   0x00000002   PAD
    0x08000d94   0x08000d94   0x00000012   Code   RO          489    .text.LL_FLASH_EnableInstCache  clock_system.o
    0x08000da6   0x08000da6   0x00000002   PAD
    0x08000da8   0x08000da8   0x00000012   Code   RO          487    .text.LL_FLASH_EnablePrefetch  clock_system.o
    0x08000dba   0x08000dba   0x00000002   PAD
    0x08000dbc   0x08000dbc   0x00000010   Code   RO          180    .text.LL_FLASH_GetLatency  stm32g4xx_ll_utils.o
    0x08000dcc   0x08000dcc   0x0000001c   Code   RO          178    .text.LL_FLASH_SetLatency  stm32g4xx_ll_utils.o
    0x08000de8   0x08000de8   0x000000dc   Code   RO          128    .text.LL_GPIO_Init  stm32g4xx_ll_gpio.o
    0x08000ec4   0x08000ec4   0x0000007c   Code   RO          136    .text.LL_GPIO_SetAFPin_0_7  stm32g4xx_ll_gpio.o
    0x08000f40   0x08000f40   0x00000080   Code   RO          138    .text.LL_GPIO_SetAFPin_8_15  stm32g4xx_ll_gpio.o
    0x08000fc0   0x08000fc0   0x0000007c   Code   RO          140    .text.LL_GPIO_SetPinMode  stm32g4xx_ll_gpio.o
    0x0800103c   0x0800103c   0x0000001e   Code   RO          132    .text.LL_GPIO_SetPinOutputType  stm32g4xx_ll_gpio.o
    0x0800105a   0x0800105a   0x00000002   PAD
    0x0800105c   0x0800105c   0x0000007c   Code   RO          134    .text.LL_GPIO_SetPinPull  stm32g4xx_ll_gpio.o
    0x080010d8   0x080010d8   0x0000007c   Code   RO          130    .text.LL_GPIO_SetPinSpeed  stm32g4xx_ll_gpio.o
    0x08001154   0x08001154   0x000000de   Code   RO          198    .text.LL_PLL_ConfigSystemClock_HSE  stm32g4xx_ll_utils.o
    0x08001232   0x08001232   0x00000002   PAD
    0x08001234   0x08001234   0x00000010   Code   RO          174    .text.LL_PWR_GetRegulVoltageScaling  stm32g4xx_ll_utils.o
    0x08001244   0x08001244   0x0000001e   Code   RO          176    .text.LL_PWR_IsEnabledRange1BoostMode  stm32g4xx_ll_utils.o
    0x08001262   0x08001262   0x00000002   PAD
    0x08001264   0x08001264   0x00000010   Code   RO          216    .text.LL_RCC_GetSysClkSource  stm32g4xx_ll_utils.o
    0x08001274   0x08001274   0x00000012   Code   RO          204    .text.LL_RCC_HSE_DisableBypass  stm32g4xx_ll_utils.o
    0x08001286   0x08001286   0x00000002   PAD
    0x08001288   0x08001288   0x00000012   Code   RO          206    .text.LL_RCC_HSE_Enable  stm32g4xx_ll_utils.o
    0x0800129a   0x0800129a   0x00000002   PAD
    0x0800129c   0x0800129c   0x00000012   Code   RO          493    .text.LL_RCC_HSE_Enable  clock_system.o
    0x080012ae   0x080012ae   0x00000002   PAD
    0x080012b0   0x080012b0   0x00000012   Code   RO          202    .text.LL_RCC_HSE_EnableBypass  stm32g4xx_ll_utils.o
    0x080012c2   0x080012c2   0x00000002   PAD
    0x080012c4   0x080012c4   0x00000010   Code   RO          200    .text.LL_RCC_HSE_IsReady  stm32g4xx_ll_utils.o
    0x080012d4   0x080012d4   0x00000010   Code   RO          495    .text.LL_RCC_HSE_IsReady  clock_system.o
    0x080012e4   0x080012e4   0x00000036   Code   RO          192    .text.LL_RCC_PLL_ConfigDomain_SYS  stm32g4xx_ll_utils.o
    0x0800131a   0x0800131a   0x00000002   PAD
    0x0800131c   0x0800131c   0x00000012   Code   RO          210    .text.LL_RCC_PLL_Enable  stm32g4xx_ll_utils.o
    0x0800132e   0x0800132e   0x00000002   PAD
    0x08001330   0x08001330   0x00000012   Code   RO          212    .text.LL_RCC_PLL_EnableDomain_SYS  stm32g4xx_ll_utils.o
    0x08001342   0x08001342   0x00000002   PAD
    0x08001344   0x08001344   0x00000010   Code   RO          208    .text.LL_RCC_PLL_IsReady  stm32g4xx_ll_utils.o
    0x08001354   0x08001354   0x0000002c   Code   RO          453    .text.LL_RCC_SetADCClockSource  adc.o
    0x08001380   0x08001380   0x0000001c   Code   RO          196    .text.LL_RCC_SetAHBPrescaler  stm32g4xx_ll_utils.o
    0x0800139c   0x0800139c   0x0000001c   Code   RO          218    .text.LL_RCC_SetAPB1Prescaler  stm32g4xx_ll_utils.o
    0x080013b8   0x080013b8   0x0000001c   Code   RO          220    .text.LL_RCC_SetAPB2Prescaler  stm32g4xx_ll_utils.o
    0x080013d4   0x080013d4   0x0000001c   Code   RO          214    .text.LL_RCC_SetSysClkSource  stm32g4xx_ll_utils.o
    0x080013f0   0x080013f0   0x000001c0   Code   RO          172    .text.LL_SetFlashLatency  stm32g4xx_ll_utils.o
    0x080015b0   0x080015b0   0x00000014   Code   RO          170    .text.LL_SetSystemCoreClock  stm32g4xx_ll_utils.o
    0x080015c4   0x080015c4   0x00000012   Code   RO            2    .text.SystemInit    system_stm32g4xx.o
    0x080015d6   0x080015d6   0x00000002   PAD
    0x080015d8   0x080015d8   0x000000c8   Code   RO          194    .text.UTILS_EnablePLLAndSwitchSystem  stm32g4xx_ll_utils.o
    0x080016a0   0x080016a0   0x0000003e   Code   RO          186    .text.UTILS_GetPLLOutputFrequency  stm32g4xx_ll_utils.o
    0x080016de   0x080016de   0x00000002   PAD
    0x080016e0   0x080016e0   0x00000022   Code   RO          184    .text.UTILS_PLL_IsBusy  stm32g4xx_ll_utils.o
    0x08001702   0x08001702   0x00000006   PAD
    0x08001708   0x08001708   0x00000158   Code   RO          558    .text.main          main.o
    0x08001860   0x08001860   0x00000062   Code   RO          581    x$fpl$d2f           fz_wm.l(d2f.o)
    0x080018c2   0x080018c2   0x00000002   PAD
    0x080018c4   0x080018c4   0x000002b8   Code   RO          584    x$fpl$ddiv          fz_wm.l(ddiv.o)
    0x08001b7c   0x08001b7c   0x0000002e   Code   RO          588    x$fpl$dflt          fz_wm.l(dflt_clz.o)
    0x08001baa   0x08001baa   0x00000002   PAD
    0x08001bac   0x08001bac   0x00000154   Code   RO          593    x$fpl$dmul          fz_wm.l(dmul.o)
    0x08001d00   0x08001d00   0x0000009c   Code   RO          596    x$fpl$dnaninf       fz_wm.l(dnaninf.o)
    0x08001d9c   0x08001d9c   0x0000000c   Code   RO          598    x$fpl$dretinf       fz_wm.l(dretinf.o)
    0x08001da8   0x08001da8   0x0000001a   Code   RO          689    x$fpl$fpinit        fz_wm.l(fpinit.o)
    0x08001dc2   0x08001dc2   0x0000000a   Code   RO          600    x$fpl$fretinf       fz_wm.l(fretinf.o)
    0x08001dcc   0x08001dcc   0x00000000   Code   RO          602    x$fpl$usenofp       fz_wm.l(usenofp.o)
    0x08001dcc   0x08001dcc   0x00000018   Data   RO          476    .rodata..L__const.ADC_Init.ADC_REG_InitStruct  adc.o
    0x08001de4   0x08001de4   0x00000010   Data   RO            7    .rodata.AHBPrescTable  system_stm32g4xx.o
    0x08001df4   0x08001df4   0x00000008   Data   RO          477    .rodata.CHANNEL_OFFSET_TAB  adc.o
    0x08001dfc   0x08001dfc   0x00000008   Data   RO          567    .rodata.CHANNEL_OFFSET_TAB  main.o
    0x08001e04   0x08001e04   0x00000020   Data   RO          764    Region$$Table       anon$$obj.o


    Execution Region ER_RW (Exec base: 0x20000000, Load base: 0x08001e24, Size: 0x00000004, Max: 0xffffffff, ABSOLUTE)

    Exec Addr    Load Addr    Size         Type   Attr      Idx    E Section Name        Object

    0x20000000   0x08001e24   0x00000004   Data   RW            6    .data.SystemCoreClock  system_stm32g4xx.o


    Execution Region ER_ZI (Exec base: 0x20000008, Load base: 0x08001e28, Size: 0x00000678, Max: 0xffffffff, ABSOLUTE)

    Exec Addr    Load Addr    Size         Type   Attr      Idx    E Section Name        Object

    0x20000008        -       0x00000060   Zero   RW          629    .bss                c_w.l(libspace.o)
    0x20000068        -       0x00000008   Zero   RW          562    .bss.ADC_Buffer     main.o
    0x20000070        -       0x00000004   Zero   RW          563    .bss.V0             main.o
    0x20000074        -       0x00000004   Zero   RW          564    .bss.V1             main.o
    0x20000078        -       0x00000004   Zero   RW          565    .bss.V2             main.o
    0x2000007c        -       0x00000004   Zero   RW          566    .bss.V3             main.o
    0x20000080        -       0x00000200   Zero   RW           16    HEAP                startup_stm32g474xx.o
    0x20000280        -       0x00000400   Zero   RW           15    STACK               startup_stm32g474xx.o


==============================================================================

Image component sizes


      Code (inc. data)   RO Data    RW Data    ZI Data      Debug   Object Name

      1454          0         32          0          0       7674   adc.o
       174          0          0          0          0       3080   clock_system.o
       904         16          8          0         24       4279   main.o
        64         26        472          0       1536        960   startup_stm32g474xx.o
       502          0          0          0          0       7046   stm32g4xx_ll_adc.o
       874          0          0          0          0       5151   stm32g4xx_ll_gpio.o
      1380          0          0          0          0       8214   stm32g4xx_ll_utils.o
        18          0         16          4          0       2795   system_stm32g4xx.o

    ----------------------------------------------------------------------
      5440         42        560          4       1560      39199   Object Totals
         0          0         32          0          0          0   (incl. Generated)
        70          0          0          0          0          0   (incl. Padding)

    ----------------------------------------------------------------------

      Code (inc. data)   RO Data    RW Data    ZI Data      Debug   Library Member Name

         8          0          0          0          0         68   __main.o
         0          0          0          0          0          0   __rtentry.o
        12          0          0          0          0          0   __rtentry2.o
         6          0          0          0          0          0   __rtentry4.o
        94          8          0          0          0          0   __scatter.o
        26          0          0          0          0          0   __scatter_copy.o
        28          0          0          0          0          0   __scatter_zi.o
        18          0          0          0          0         80   exit.o
         6          0          0          0          0        152   heapauxi.o
         0          0          0          0          0          0   indicate_semi.o
         2          0          0          0          0          0   libinit.o
         6          0          0          0          0          0   libinit2.o
         2          0          0          0          0          0   libshutdown.o
         2          0          0          0          0          0   libshutdown2.o
         8          4          0          0         96         68   libspace.o
         2          0          0          0          0          0   rtexit.o
        10          0          0          0          0          0   rtexit2.o
        12          4          0          0          0         68   sys_exit.o
        74          0          0          0          0         80   sys_stackheap_outer.o
         2          0          0          0          0         68   use_no_semi.o
        98          4          0          0          0        140   d2f.o
       696        140          0          0          0        264   ddiv.o
        46          0          0          0          0        116   dflt_clz.o
       340         12          0          0          0        152   dmul.o
       156          4          0          0          0        140   dnaninf.o
        12          0          0          0          0        116   dretinf.o
        26          0          0          0          0        116   fpinit.o
        10          0          0          0          0        116   fretinf.o
         0          0          0          0          0          0   usenofp.o

    ----------------------------------------------------------------------
      1716        176          0          0         96       1744   Library Totals
        14          0          0          0          0          0   (incl. Padding)

    ----------------------------------------------------------------------

      Code (inc. data)   RO Data    RW Data    ZI Data      Debug   Library Name

       318         16          0          0         96        584   c_w.l
      1384        160          0          0          0       1160   fz_wm.l

    ----------------------------------------------------------------------
      1716        176          0          0         96       1744   Library Totals

    ----------------------------------------------------------------------

==============================================================================


      Code (inc. data)   RO Data    RW Data    ZI Data      Debug   

      7156        218        560          4       1656      40035   Grand Totals
      7156        218        560          4       1656      40035   ELF Image Totals
      7156        218        560          4          0          0   ROM Totals

==============================================================================

    Total RO  Size (Code + RO Data)                 7716 (   7.54kB)
    Total RW  Size (RW Data + ZI Data)              1660 (   1.62kB)
    Total ROM Size (Code + RO Data + RW Data)       7720 (   7.54kB)

==============================================================================

