Component: Arm Compiler for Embedded 6.24 Tool: armlink [5f371500]

==============================================================================

Section Cross References

    startup_stm32g474xx.o(STACK) refers (Special) to heapauxi.o(.text) for __use_two_region_memory
    startup_stm32g474xx.o(HEAP) refers (Special) to heapauxi.o(.text) for __use_two_region_memory
    startup_stm32g474xx.o(RESET) refers (Special) to heapauxi.o(.text) for __use_two_region_memory
    startup_stm32g474xx.o(RESET) refers to startup_stm32g474xx.o(STACK) for __initial_sp
    startup_stm32g474xx.o(RESET) refers to startup_stm32g474xx.o(.text) for Reset_Handler
    startup_stm32g474xx.o(.text) refers (Special) to heapauxi.o(.text) for __use_two_region_memory
    startup_stm32g474xx.o(.text) refers to system_stm32g4xx.o(.text.SystemInit) for SystemInit
    startup_stm32g474xx.o(.text) refers to __main.o(!!!main) for __main
    startup_stm32g474xx.o(.text) refers to startup_stm32g474xx.o(HEAP) for Heap_Mem
    startup_stm32g474xx.o(.text) refers to startup_stm32g474xx.o(STACK) for Stack_Mem
    system_stm32g4xx.o(.ARM.exidx.text.SystemInit) refers to system_stm32g4xx.o(.text.SystemInit) for [Anonymous Symbol]
    system_stm32g4xx.o(.text.SystemCoreClockUpdate) refers to system_stm32g4xx.o(.data.SystemCoreClock) for SystemCoreClock
    system_stm32g4xx.o(.text.SystemCoreClockUpdate) refers to system_stm32g4xx.o(.rodata.AHBPrescTable) for AHBPrescTable
    system_stm32g4xx.o(.ARM.exidx.text.SystemCoreClockUpdate) refers to system_stm32g4xx.o(.text.SystemCoreClockUpdate) for [Anonymous Symbol]
    stm32g4xx_ll_adc.o(.text.LL_ADC_CommonDeInit) refers to stm32g4xx_ll_adc.o(.text.LL_AHB2_GRP1_ForceReset) for LL_AHB2_GRP1_ForceReset
    stm32g4xx_ll_adc.o(.text.LL_ADC_CommonDeInit) refers to stm32g4xx_ll_adc.o(.text.LL_AHB2_GRP1_ReleaseReset) for LL_AHB2_GRP1_ReleaseReset
    stm32g4xx_ll_adc.o(.ARM.exidx.text.LL_ADC_CommonDeInit) refers to stm32g4xx_ll_adc.o(.text.LL_ADC_CommonDeInit) for [Anonymous Symbol]
    stm32g4xx_ll_adc.o(.ARM.exidx.text.LL_AHB2_GRP1_ForceReset) refers to stm32g4xx_ll_adc.o(.text.LL_AHB2_GRP1_ForceReset) for [Anonymous Symbol]
    stm32g4xx_ll_adc.o(.ARM.exidx.text.LL_AHB2_GRP1_ReleaseReset) refers to stm32g4xx_ll_adc.o(.text.LL_AHB2_GRP1_ReleaseReset) for [Anonymous Symbol]
    stm32g4xx_ll_adc.o(.text.LL_ADC_CommonInit) refers to stm32g4xx_ll_adc.o(.text.LL_ADC_IsEnabled) for LL_ADC_IsEnabled
    stm32g4xx_ll_adc.o(.ARM.exidx.text.LL_ADC_CommonInit) refers to stm32g4xx_ll_adc.o(.text.LL_ADC_CommonInit) for [Anonymous Symbol]
    stm32g4xx_ll_adc.o(.ARM.exidx.text.LL_ADC_IsEnabled) refers to stm32g4xx_ll_adc.o(.text.LL_ADC_IsEnabled) for [Anonymous Symbol]
    stm32g4xx_ll_adc.o(.ARM.exidx.text.LL_ADC_CommonStructInit) refers to stm32g4xx_ll_adc.o(.text.LL_ADC_CommonStructInit) for [Anonymous Symbol]
    stm32g4xx_ll_adc.o(.text.LL_ADC_DeInit) refers to stm32g4xx_ll_adc.o(.text.LL_ADC_IsEnabled) for LL_ADC_IsEnabled
    stm32g4xx_ll_adc.o(.text.LL_ADC_DeInit) refers to stm32g4xx_ll_adc.o(.text.LL_ADC_REG_IsConversionOngoing) for LL_ADC_REG_IsConversionOngoing
    stm32g4xx_ll_adc.o(.text.LL_ADC_DeInit) refers to stm32g4xx_ll_adc.o(.text.LL_ADC_REG_IsStopConversionOngoing) for LL_ADC_REG_IsStopConversionOngoing
    stm32g4xx_ll_adc.o(.text.LL_ADC_DeInit) refers to stm32g4xx_ll_adc.o(.text.LL_ADC_REG_StopConversion) for LL_ADC_REG_StopConversion
    stm32g4xx_ll_adc.o(.text.LL_ADC_DeInit) refers to stm32g4xx_ll_adc.o(.text.LL_ADC_INJ_IsConversionOngoing) for LL_ADC_INJ_IsConversionOngoing
    stm32g4xx_ll_adc.o(.text.LL_ADC_DeInit) refers to stm32g4xx_ll_adc.o(.text.LL_ADC_INJ_IsStopConversionOngoing) for LL_ADC_INJ_IsStopConversionOngoing
    stm32g4xx_ll_adc.o(.text.LL_ADC_DeInit) refers to stm32g4xx_ll_adc.o(.text.LL_ADC_INJ_StopConversion) for LL_ADC_INJ_StopConversion
    stm32g4xx_ll_adc.o(.text.LL_ADC_DeInit) refers to stm32g4xx_ll_adc.o(.text.LL_ADC_INJ_SetQueueMode) for LL_ADC_INJ_SetQueueMode
    stm32g4xx_ll_adc.o(.text.LL_ADC_DeInit) refers to stm32g4xx_ll_adc.o(.text.LL_ADC_Disable) for LL_ADC_Disable
    stm32g4xx_ll_adc.o(.text.LL_ADC_DeInit) refers to stm32g4xx_ll_adc.o(.text.LL_ADC_IsDisableOngoing) for LL_ADC_IsDisableOngoing
    stm32g4xx_ll_adc.o(.ARM.exidx.text.LL_ADC_DeInit) refers to stm32g4xx_ll_adc.o(.text.LL_ADC_DeInit) for [Anonymous Symbol]
    stm32g4xx_ll_adc.o(.ARM.exidx.text.LL_ADC_REG_IsConversionOngoing) refers to stm32g4xx_ll_adc.o(.text.LL_ADC_REG_IsConversionOngoing) for [Anonymous Symbol]
    stm32g4xx_ll_adc.o(.ARM.exidx.text.LL_ADC_REG_IsStopConversionOngoing) refers to stm32g4xx_ll_adc.o(.text.LL_ADC_REG_IsStopConversionOngoing) for [Anonymous Symbol]
    stm32g4xx_ll_adc.o(.ARM.exidx.text.LL_ADC_REG_StopConversion) refers to stm32g4xx_ll_adc.o(.text.LL_ADC_REG_StopConversion) for [Anonymous Symbol]
    stm32g4xx_ll_adc.o(.ARM.exidx.text.LL_ADC_INJ_IsConversionOngoing) refers to stm32g4xx_ll_adc.o(.text.LL_ADC_INJ_IsConversionOngoing) for [Anonymous Symbol]
[...]
    Removing usart.o(.ARM.exidx.text.LL_DMA_SetMode), (8 bytes).
    Removing usart.o(.ARM.exidx.text.LL_DMA_SetPeriphIncMode), (8 bytes).
    Removing usart.o(.ARM.exidx.text.LL_DMA_SetMemoryIncMode), (8 bytes).
    Removing usart.o(.ARM.exidx.text.LL_DMA_SetPeriphSize), (8 bytes).
    Removing usart.o(.ARM.exidx.text.LL_DMA_SetMemorySize), (8 bytes).
    Removing usart.o(.ARM.exidx.text.USART1_DMA_RX_Init), (8 bytes).
    Removing usart.o(.ARM.exidx.text.Send_Data_USART1_DMA), (8 bytes).
    Removing usart.o(.ARM.exidx.text.LL_DMA_DisableChannel), (8 bytes).
    Removing usart.o(.ARM.exidx.text.LL_DMA_SetMemoryAddress), (8 bytes).
    Removing usart.o(.ARM.exidx.text.LL_DMA_SetPeriphAddress), (8 bytes).
    Removing usart.o(.ARM.exidx.text.LL_USART_DMA_GetRegAddr), (8 bytes).
    Removing usart.o(.ARM.exidx.text.LL_DMA_SetDataLength), (8 bytes).
    Removing usart.o(.ARM.exidx.text.LL_USART_EnableDMAReq_TX), (8 bytes).
    Removing usart.o(.ARM.exidx.text.LL_DMA_EnableChannel), (8 bytes).
    Removing usart.o(.ARM.exidx.text.Receive_Data_USART1_DMA), (8 bytes).
    Removing usart.o(.ARM.exidx.text.LL_USART_EnableDMAReq_RX), (8 bytes).
    Removing usart.o(.ARM.exidx.text.USART3_DMA_TX_Init), (8 bytes).
    Removing usart.o(.ARM.exidx.text.USART3_DMA_RX_Init), (8 bytes).
    Removing usart.o(.ARM.exidx.text.Send_Data_USART3_DMA), (8 bytes).
    Removing usart.o(.ARM.exidx.text.Receive_Data_USART3_DMA), (8 bytes).
    Removing usart.o(.text.USART1_Master_Init), (242 bytes).
    Removing usart.o(.ARM.exidx.text.USART1_Master_Init), (8 bytes).
    Removing usart.o(.text.USART3_Slave_Init), (308 bytes).
    Removing usart.o(.ARM.exidx.text.USART3_Slave_Init), (8 bytes).
    Removing usart.o(.text.LL_USART_ConfigNodeAddress), (40 bytes).
    Removing usart.o(.ARM.exidx.text.LL_USART_ConfigNodeAddress), (8 bytes).
    Removing usart.o(.text.LL_USART_SetWakeUpMethod), (26 bytes).
    Removing usart.o(.ARM.exidx.text.LL_USART_SetWakeUpMethod), (8 bytes).
    Removing usart.o(.text.LL_USART_EnableMuteMode), (42 bytes).
    Removing usart.o(.ARM.exidx.text.LL_USART_EnableMuteMode), (8 bytes).
    Removing usart.o(.text.LL_USART_RequestEnterMuteMode), (18 bytes).
    Removing usart.o(.ARM.exidx.text.LL_USART_RequestEnterMuteMode), (8 bytes).
    Removing usart.o(.text.UART4_Slave_Init), (308 bytes).
    Removing usart.o(.ARM.exidx.text.UART4_Slave_Init), (8 bytes).
    Removing usart.o(.text.LL_RCC_SetUARTClockSource), (30 bytes).
    Removing usart.o(.ARM.exidx.text.LL_RCC_SetUARTClockSource), (8 bytes).
    Removing main.o(.text), (0 bytes).
    Removing main.o(.ARM.exidx.text.main), (8 bytes).
    Removing main.o(.data.tx_msg_U1_2), (3 bytes).
    Removing main.o(.data.tx_msg_U4), (3 bytes).
    Removing main.o(.bss.address_packet), (2 bytes).
    Removing main.o(.bss.rx_buffer_U4), (20 bytes).
    Removing main.o(.ARM.use_no_argv), (4 bytes).

660 unused section(s) (total 23526 bytes) removed from the image.

==============================================================================

Image Symbol Table

    Local Symbols

    Symbol Name                              Value     Ov Type        Size  Object(Section)

    ../clib/angel/boardlib.s                 0x00000000   Number         0  boardinit1.o ABSOLUTE
    ../clib/angel/boardlib.s                 0x00000000   Number         0  boardinit2.o ABSOLUTE
    ../clib/angel/boardlib.s                 0x00000000   Number         0  boardinit3.o ABSOLUTE
    ../clib/angel/boardlib.s                 0x00000000   Number         0  boardshut.o ABSOLUTE
    ../clib/angel/handlers.s                 0x00000000   Number         0  __scatter_copy.o ABSOLUTE
    ../clib/angel/handlers.s                 0x00000000   Number         0  __scatter_zi.o ABSOLUTE
    ../clib/angel/kernel.s                   0x00000000   Number         0  __rtentry.o ABSOLUTE
    ../clib/angel/kernel.s                   0x00000000   Number         0  __rtentry2.o ABSOLUTE
    ../clib/angel/kernel.s                   0x00000000   Number         0  __rtentry4.o ABSOLUTE
    ../clib/angel/kernel.s                   0x00000000   Number         0  rtexit.o ABSOLUTE
    ../clib/angel/kernel.s                   0x00000000   Number         0  rtexit2.o ABSOLUTE
    ../clib/angel/rt.s                       0x00000000   Number         0  rt_raise.o ABSOLUTE
    ../clib/angel/scatter.s                  0x00000000   Number         0  __scatter.o ABSOLUTE
    ../clib/angel/startup.s                  0x00000000   Number         0  __main.o ABSOLUTE
    ../clib/angel/sys.s                      0x00000000   Number         0  sys_stackheap_outer.o ABSOLUTE
    ../clib/angel/sys.s                      0x00000000   Number         0  libspace.o ABSOLUTE
    ../clib/angel/sys.s                      0x00000000   Number         0  use_no_semi.o ABSOLUTE
    ../clib/angel/sys.s                      0x00000000   Number         0  indicate_semi.o ABSOLUTE
    ../clib/angel/sysapp.c                   0x00000000   Number         0  sys_exit.o ABSOLUTE
    ../clib/angel/sysapp.c                   0x00000000   Number         0  sys_exit_hlt.o ABSOLUTE
    ../clib/angel/sysapp.c                   0x00000000   Number         0  sys_command.o ABSOLUTE
    ../clib/angel/sysapp.c                   0x00000000   Number         0  sys_command_hlt.o ABSOLUTE
    ../clib/angel/sysapp.c                   0x00000000   Number         0  sys_wrch.o ABSOLUTE
    ../clib/angel/sysapp.c                   0x00000000   Number         0  sys_wrch_hlt.o ABSOLUTE
    ../clib/armsys.c                         0x00000000   Number         0  argv_veneer.o ABSOLUTE
    ../clib/armsys.c                         0x00000000   Number         0  argv_veneer.o ABSOLUTE
    ../clib/armsys.c                         0x00000000   Number         0  _get_argv_nomalloc.o ABSOLUTE
    ../clib/armsys.c                         0x00000000   Number         0  no_argv.o ABSOLUTE
    ../clib/heapalloc.c                      0x00000000   Number         0  hrguard.o ABSOLUTE
    ../clib/heapaux.c                        0x00000000   Number         0  heapauxi.o ABSOLUTE
    ../clib/libinit.s                        0x00000000   Number         0  libinit.o ABSOLUTE
    ../clib/libinit.s                        0x00000000   Number         0  libinit2.o ABSOLUTE
    ../clib/libinit.s                        0x00000000   Number         0  libshutdown.o ABSOLUTE
    ../clib/libinit.s                        0x00000000   Number         0  libshutdown2.o ABSOLUTE
    ../clib/memcpset.s                       0x00000000   Number         0  rt_memclr_w.o ABSOLUTE
    ../clib/signal.c                         0x00000000   Number         0  defsig_rtmem_outer.o ABSOLUTE
    ../clib/signal.c                         0x00000000   Number         0  defsig_rtmem_formal.o ABSOLUTE
    ../clib/signal.c                         0x00000000   Number         0  defsig_exit.o ABSOLUTE
    ../clib/signal.c                         0x00000000   Number         0  defsig_rtmem_inner.o ABSOLUTE
    ../clib/signal.c                         0x00000000   Number         0  __raise.o ABSOLUTE
    ../clib/signal.c                         0x00000000   Number         0  defsig_general.o ABSOLUTE
    ../clib/signal.c                         0x00000000   Number         0  defsig_abrt_inner.o ABSOLUTE
    ../clib/signal.c                         0x00000000   Number         0  defsig_fpe_inner.o ABSOLUTE
    ../clib/signal.c                         0x00000000   Number         0  defsig_rtred_inner.o ABSOLUTE
    ../clib/signal.c                         0x00000000   Number         0  defsig_stak_inner.o ABSOLUTE
    ../clib/signal.c                         0x00000000   Number         0  defsig_pvfn_inner.o ABSOLUTE
    ../clib/signal.c                         0x00000000   Number         0  defsig_cppl_inner.o ABSOLUTE
    ../clib/signal.c                         0x00000000   Number         0  defsig_segv_inner.o ABSOLUTE
    ../clib/signal.c                         0x00000000   Number         0  defsig_other.o ABSOLUTE
    ../clib/signal.s                         0x00000000   Number         0  defsig.o ABSOLUTE
    ../clib/stdlib.c                         0x00000000   Number         0  exit.o ABSOLUTE
    ../fplib/fpinit.s                        0x00000000   Number         0  fpinit.o ABSOLUTE
    ../libraries/CMSIS/Device/ST/STM32G4xx/Source/Templates/arm/startup_stm32g474xx.s 0x00000000   Number         0  startup_stm32g474xx.o ABSOLUTE
    ADC.c                                    0x00000000   Number         0  adc.o ABSOLUTE
    Clock_system.c                           0x00000000   Number         0  clock_system.o ABSOLUTE
    DMA.c                                    0x00000000   Number         0  dma.o ABSOLUTE
    SPI.c                                    0x00000000   Number         0  spi.o ABSOLUTE
    Timer.c                                  0x00000000   Number         0  timer.o ABSOLUTE
    Timer_oversampling.c                     0x00000000   Number         0  timer_oversampling.o ABSOLUTE
    USART.c                                  0x00000000   Number         0  usart.o ABSOLUTE
    dc.s                                     0x00000000   Number         0  dc.o ABSOLUTE
    main.c                                   0x00000000   Number         0  main.o ABSOLUTE
    stm32g4xx_ll_adc.c                       0x00000000   Number         0  stm32g4xx_ll_adc.o ABSOLUTE
    stm32g4xx_ll_dma.c                       0x00000000   Number         0  stm32g4xx_ll_dma.o ABSOLUTE
    stm32g4xx_ll_gpio.c                      0x00000000   Number         0  stm32g4xx_ll_gpio.o ABSOLUTE
    stm32g4xx_ll_pwr.c                       0x00000000   Number         0  stm32g4xx_ll_pwr.o ABSOLUTE
    stm32g4xx_ll_rcc.c                       0x00000000   Number         0  stm32g4xx_ll_rcc.o ABSOLUTE
    stm32g4xx_ll_spi.c                       0x00000000   Number         0  stm32g4xx_ll_spi.o ABSOLUTE
    stm32g4xx_ll_tim.c                       0x00000000   Number         0  stm32g4xx_ll_tim.o ABSOLUTE
    stm32g4xx_ll_usart.c                     0x00000000   Number         0  stm32g4xx_ll_usart.o ABSOLUTE
    stm32g4xx_ll_utils.c                     0x00000000   Number         0  stm32g4xx_ll_utils.o ABSOLUTE
    system_stm32g4xx.c                       0x00000000   Number         0  system_stm32g4xx.o ABSOLUTE
    RESET                                    0x08000000   Section      472  startup_stm32g474xx.o(RESET)
    !!!main                                  0x080001d8   Section        8  __main.o(!!!main)
    !!!scatter                               0x080001e0   Section       92  __scatter.o(!!!scatter)
    !!handler_copy                           0x0800023c   Section       26  __scatter_copy.o(!!handler_copy)
    !!handler_null                           0x08000258   Section        2  __scatter.o(!!handler_null)
    !!handler_zi                             0x0800025c   Section       28  __scatter_zi.o(!!handler_zi)
    .ARM.Collect$$libinit$$00000000          0x08000278   Section        2  libinit.o(.ARM.Collect$$libinit$$00000000)
    .ARM.Collect$$libinit$$00000001          0x0800027a   Section        4  libinit2.o(.ARM.Collect$$libinit$$00000001)
    .ARM.Collect$$libinit$$00000004          0x0800027e   Section        0  libinit2.o(.ARM.Collect$$libinit$$00000004)
    .ARM.Collect$$libinit$$00000006          0x0800027e   Section        0  libinit2.o(.ARM.Collect$$libinit$$00000006)
    .ARM.Collect$$libinit$$0000000C          0x0800027e   Section        0  libinit2.o(.ARM.Collect$$libinit$$0000000C)
    .ARM.Collect$$libinit$$0000000E          0x0800027e   Section        0  libinit2.o(.ARM.Collect$$libinit$$0000000E)
    .ARM.Collect$$libinit$$00000010          0x0800027e   Section        0  libinit2.o(.ARM.Collect$$libinit$$00000010)
    .ARM.Collect$$libinit$$00000013          0x0800027e   Section        0  libinit2.o(.ARM.Collect$$libinit$$00000013)
    .ARM.Collect$$libinit$$00000015          0x0800027e   Section        0  libinit2.o(.ARM.Collect$$libinit$$00000015)
    .ARM.Collect$$libinit$$00000017          0x0800027e   Section        0  libinit2.o(.ARM.Collect$$libinit$$00000017)
    .ARM.Collect$$libinit$$00000019          0x0800027e   Section        0  libinit2.o(.ARM.Collect$$libinit$$00000019)
    .ARM.Collect$$libinit$$0000001B          0x0800027e   Section        0  libinit2.o(.ARM.Collect$$libinit$$0000001B)
    .ARM.Collect$$libinit$$0000001D          0x0800027e   Section        0  libinit2.o(.ARM.Collect$$libinit$$0000001D)
    .ARM.Collect$$libinit$$0000001F          0x0800027e   Section        0  libinit2.o(.ARM.Collect$$libinit$$0000001F)
    .ARM.Collect$$libinit$$00000021          0x0800027e   Section        0  libinit2.o(.ARM.Collect$$libinit$$00000021)
    .ARM.Collect$$libinit$$00000023          0x0800027e   Section        0  libinit2.o(.ARM.Collect$$libinit$$00000023)
    .ARM.Collect$$libinit$$00000025          0x0800027e   Section        0  libinit2.o(.ARM.Collect$$libinit$$00000025)
    .ARM.Collect$$libinit$$00000027          0x0800027e   Section        0  libinit2.o(.ARM.Collect$$libinit$$00000027)
    .ARM.Collect$$libinit$$0000002E          0x0800027e   Section        0  libinit2.o(.ARM.Collect$$libinit$$0000002E)
    .ARM.Collect$$libinit$$00000030          0x0800027e   Section        0  libinit2.o(.ARM.Collect$$libinit$$00000030)
    .ARM.Collect$$libinit$$00000032          0x0800027e   Section        0  libinit2.o(.ARM.Collect$$libinit$$00000032)
    .ARM.Collect$$libinit$$00000034          0x0800027e   Section        0  libinit2.o(.ARM.Collect$$libinit$$00000034)
    .ARM.Collect$$libinit$$00000035          0x0800027e   Section        2  libinit2.o(.ARM.Collect$$libinit$$00000035)
    .ARM.Collect$$libshutdown$$00000000      0x08000280   Section        2  libshutdown.o(.ARM.Collect$$libshutdown$$00000000)
    .ARM.Collect$$libshutdown$$00000002      0x08000282   Section        0  libshutdown2.o(.ARM.Collect$$libshutdown$$00000002)
    .ARM.Collect$$libshutdown$$00000004      0x08000282   Section        0  libshutdown2.o(.ARM.Collect$$libshutdown$$00000004)
    .ARM.Collect$$libshutdown$$00000007      0x08000282   Section        0  libshutdown2.o(.ARM.Collect$$libshutdown$$00000007)
    .ARM.Collect$$libshutdown$$0000000A      0x08000282   Section        0  libshutdown2.o(.ARM.Collect$$libshutdown$$0000000A)
    .ARM.Collect$$libshutdown$$0000000C      0x08000282   Section        0  libshutdown2.o(.ARM.Collect$$libshutdown$$0000000C)
    .ARM.Collect$$libshutdown$$0000000F      0x08000282   Section        0  libshutdown2.o(.ARM.Collect$$libshutdown$$0000000F)
    .ARM.Collect$$libshutdown$$00000010      0x08000282   Section        2  libshutdown2.o(.ARM.Collect$$libshutdown$$00000010)
    .ARM.Collect$$rtentry$$00000000          0x08000284   Section        0  __rtentry.o(.ARM.Collect$$rtentry$$00000000)
    .ARM.Collect$$rtentry$$00000002          0x08000284   Section        0  __rtentry2.o(.ARM.Collect$$rtentry$$00000002)
    .ARM.Collect$$rtentry$$00000004          0x08000284   Section        6  __rtentry4.o(.ARM.Collect$$rtentry$$00000004)
    .ARM.Collect$$rtentry$$00000009          0x0800028a   Section        0  __rtentry2.o(.ARM.Collect$$rtentry$$00000009)
    .ARM.Collect$$rtentry$$0000000A          0x0800028a   Section        4  __rtentry2.o(.ARM.Collect$$rtentry$$0000000A)
    .ARM.Collect$$rtentry$$0000000C          0x0800028e   Section        0  __rtentry2.o(.ARM.Collect$$rtentry$$0000000C)
    .ARM.Collect$$rtentry$$0000000D          0x0800028e   Section        8  __rtentry2.o(.ARM.Collect$$rtentry$$0000000D)
    .ARM.Collect$$rtexit$$00000000           0x08000296   Section        2  rtexit.o(.ARM.Collect$$rtexit$$00000000)
    .ARM.Collect$$rtexit$$00000002           0x08000298   Section        0  rtexit2.o(.ARM.Collect$$rtexit$$00000002)
    .ARM.Collect$$rtexit$$00000003           0x08000298   Section        4  rtexit2.o(.ARM.Collect$$rtexit$$00000003)
    .ARM.Collect$$rtexit$$00000004           0x0800029c   Section        6  rtexit2.o(.ARM.Collect$$rtexit$$00000004)
    $v0                                      0x080002a4   Number         0  startup_stm32g474xx.o(.text)
    .text                                    0x080002a4   Section       64  startup_stm32g474xx.o(.text)
    .text                                    0x080002e4   Section        0  heapauxi.o(.text)
    .text                                    0x080002ea   Section       74  sys_stackheap_outer.o(.text)
    .text                                    0x08000334   Section        0  exit.o(.text)
    .text                                    0x08000348   Section        8  libspace.o(.text)
    .text                                    0x08000350   Section        0  sys_exit.o(.text)
    .text                                    0x0800035c   Section        2  use_no_semi.o(.text)
    .text                                    0x0800035e   Section        0  indicate_semi.o(.text)
    [Anonymous Symbol]                       0x08000360   Section        0  clock_system.o(.text.Clock_system)
    LL_AHB1_GRP1_EnableClock                 0x080003c5   Thumb Code    34  usart.o(.text.LL_AHB1_GRP1_EnableClock)
    [Anonymous Symbol]                       0x080003c4   Section        0  usart.o(.text.LL_AHB1_GRP1_EnableClock)
    LL_AHB2_GRP1_EnableClock                 0x080003e9   Thumb Code    34  usart.o(.text.LL_AHB2_GRP1_EnableClock)
    [Anonymous Symbol]                       0x080003e8   Section        0  usart.o(.text.LL_AHB2_GRP1_EnableClock)
    LL_APB1_GRP1_EnableClock                 0x0800040d   Thumb Code    34  usart.o(.text.LL_APB1_GRP1_EnableClock)
    [Anonymous Symbol]                       0x0800040c   Section        0  usart.o(.text.LL_APB1_GRP1_EnableClock)
    LL_APB2_GRP1_EnableClock                 0x08000431   Thumb Code    34  usart.o(.text.LL_APB2_GRP1_EnableClock)
    [Anonymous Symbol]                       0x08000430   Section        0  usart.o(.text.LL_APB2_GRP1_EnableClock)
    LL_DMA_DisableChannel                    0x08000455   Thumb Code    36  usart.o(.text.LL_DMA_DisableChannel)
    [Anonymous Symbol]                       0x08000454   Section        0  usart.o(.text.LL_DMA_DisableChannel)
    LL_DMA_EnableChannel                     0x08000479   Thumb Code    36  usart.o(.text.LL_DMA_EnableChannel)
    [Anonymous Symbol]                       0x08000478   Section        0  usart.o(.text.LL_DMA_EnableChannel)
    LL_DMA_SetChannelPriorityLevel           0x0800049d   Thumb Code    48  usart.o(.text.LL_DMA_SetChannelPriorityLevel)
    [Anonymous Symbol]                       0x0800049c   Section        0  usart.o(.text.LL_DMA_SetChannelPriorityLevel)
    LL_DMA_SetDataLength                     0x080004cd   Thumb Code    54  usart.o(.text.LL_DMA_SetDataLength)
    [Anonymous Symbol]                       0x080004cc   Section        0  usart.o(.text.LL_DMA_SetDataLength)
    LL_DMA_SetDataTransferDirection          0x08000505   Thumb Code    50  usart.o(.text.LL_DMA_SetDataTransferDirection)
    [Anonymous Symbol]                       0x08000504   Section        0  usart.o(.text.LL_DMA_SetDataTransferDirection)
    LL_DMA_SetMemoryAddress                  0x08000539   Thumb Code    36  usart.o(.text.LL_DMA_SetMemoryAddress)
    [Anonymous Symbol]                       0x08000538   Section        0  usart.o(.text.LL_DMA_SetMemoryAddress)
    LL_DMA_SetMemoryIncMode                  0x0800055d   Thumb Code    48  usart.o(.text.LL_DMA_SetMemoryIncMode)
    [Anonymous Symbol]                       0x0800055c   Section        0  usart.o(.text.LL_DMA_SetMemoryIncMode)
    LL_DMA_SetMemorySize                     0x0800058d   Thumb Code    48  usart.o(.text.LL_DMA_SetMemorySize)
    [Anonymous Symbol]                       0x0800058c   Section        0  usart.o(.text.LL_DMA_SetMemorySize)
    LL_DMA_SetMode                           0x080005bd   Thumb Code    48  usart.o(.text.LL_DMA_SetMode)
    [Anonymous Symbol]                       0x080005bc   Section        0  usart.o(.text.LL_DMA_SetMode)
    LL_DMA_SetPeriphAddress                  0x080005ed   Thumb Code    36  usart.o(.text.LL_DMA_SetPeriphAddress)
    [Anonymous Symbol]                       0x080005ec   Section        0  usart.o(.text.LL_DMA_SetPeriphAddress)
    LL_DMA_SetPeriphIncMode                  0x08000611   Thumb Code    48  usart.o(.text.LL_DMA_SetPeriphIncMode)
    [Anonymous Symbol]                       0x08000610   Section        0  usart.o(.text.LL_DMA_SetPeriphIncMode)
    LL_DMA_SetPeriphRequest                  0x08000641   Thumb Code    72  usart.o(.text.LL_DMA_SetPeriphRequest)
    [Anonymous Symbol]                       0x08000640   Section        0  usart.o(.text.LL_DMA_SetPeriphRequest)
    LL_DMA_SetPeriphSize                     0x08000689   Thumb Code    48  usart.o(.text.LL_DMA_SetPeriphSize)
    [Anonymous Symbol]                       0x08000688   Section        0  usart.o(.text.LL_DMA_SetPeriphSize)
    LL_FLASH_EnableDataCache                 0x080006b9   Thumb Code    18  clock_system.o(.text.LL_FLASH_EnableDataCache)
    [Anonymous Symbol]                       0x080006b8   Section        0  clock_system.o(.text.LL_FLASH_EnableDataCache)
    LL_FLASH_EnableInstCache                 0x080006cd   Thumb Code    18  clock_system.o(.text.LL_FLASH_EnableInstCache)
    [Anonymous Symbol]                       0x080006cc   Section        0  clock_system.o(.text.LL_FLASH_EnableInstCache)
    LL_FLASH_EnablePrefetch                  0x080006e1   Thumb Code    18  clock_system.o(.text.LL_FLASH_EnablePrefetch)
    [Anonymous Symbol]                       0x080006e0   Section        0  clock_system.o(.text.LL_FLASH_EnablePrefetch)
    LL_FLASH_GetLatency                      0x080006f5   Thumb Code    16  stm32g4xx_ll_utils.o(.text.LL_FLASH_GetLatency)
    [Anonymous Symbol]                       0x080006f4   Section        0  stm32g4xx_ll_utils.o(.text.LL_FLASH_GetLatency)
    LL_FLASH_SetLatency                      0x08000705   Thumb Code    28  stm32g4xx_ll_utils.o(.text.LL_FLASH_SetLatency)
    [Anonymous Symbol]                       0x08000704   Section        0  stm32g4xx_ll_utils.o(.text.LL_FLASH_SetLatency)
    [Anonymous Symbol]                       0x08000720   Section        0  stm32g4xx_ll_gpio.o(.text.LL_GPIO_Init)
    LL_GPIO_SetAFPin_0_7                     0x080007fd   Thumb Code   124  stm32g4xx_ll_gpio.o(.text.LL_GPIO_SetAFPin_0_7)
    [Anonymous Symbol]                       0x080007fc   Section        0  stm32g4xx_ll_gpio.o(.text.LL_GPIO_SetAFPin_0_7)
    LL_GPIO_SetAFPin_8_15                    0x08000879   Thumb Code   128  stm32g4xx_ll_gpio.o(.text.LL_GPIO_SetAFPin_8_15)
    [Anonymous Symbol]                       0x08000878   Section        0  stm32g4xx_ll_gpio.o(.text.LL_GPIO_SetAFPin_8_15)
    LL_GPIO_SetPinMode                       0x080008f9   Thumb Code   124  stm32g4xx_ll_gpio.o(.text.LL_GPIO_SetPinMode)
    [Anonymous Symbol]                       0x080008f8   Section        0  stm32g4xx_ll_gpio.o(.text.LL_GPIO_SetPinMode)
    LL_GPIO_SetPinOutputType                 0x08000975   Thumb Code    30  stm32g4xx_ll_gpio.o(.text.LL_GPIO_SetPinOutputType)
    [Anonymous Symbol]                       0x08000974   Section        0  stm32g4xx_ll_gpio.o(.text.LL_GPIO_SetPinOutputType)
    LL_GPIO_SetPinPull                       0x08000995   Thumb Code   124  stm32g4xx_ll_gpio.o(.text.LL_GPIO_SetPinPull)
    [Anonymous Symbol]                       0x08000994   Section        0  stm32g4xx_ll_gpio.o(.text.LL_GPIO_SetPinPull)
    LL_GPIO_SetPinSpeed                      0x08000a11   Thumb Code   124  stm32g4xx_ll_gpio.o(.text.LL_GPIO_SetPinSpeed)
    [Anonymous Symbol]                       0x08000a10   Section        0  stm32g4xx_ll_gpio.o(.text.LL_GPIO_SetPinSpeed)
    [Anonymous Symbol]                       0x08000a8c   Section        0  stm32g4xx_ll_utils.o(.text.LL_Init1msTick)
    LL_InitTick                              0x08000aa1   Thumb Code    54  stm32g4xx_ll_utils.o(.text.LL_InitTick)
    [Anonymous Symbol]                       0x08000aa0   Section        0  stm32g4xx_ll_utils.o(.text.LL_InitTick)
    [Anonymous Symbol]                       0x08000ad8   Section        0  stm32g4xx_ll_utils.o(.text.LL_PLL_ConfigSystemClock_HSE)
    LL_PWR_GetRegulVoltageScaling            0x08000bb9   Thumb Code    16  stm32g4xx_ll_utils.o(.text.LL_PWR_GetRegulVoltageScaling)
    [Anonymous Symbol]                       0x08000bb8   Section        0  stm32g4xx_ll_utils.o(.text.LL_PWR_GetRegulVoltageScaling)
    LL_PWR_IsEnabledRange1BoostMode          0x08000bc9   Thumb Code    30  stm32g4xx_ll_utils.o(.text.LL_PWR_IsEnabledRange1BoostMode)
    [Anonymous Symbol]                       0x08000bc8   Section        0  stm32g4xx_ll_utils.o(.text.LL_PWR_IsEnabledRange1BoostMode)
    LL_RCC_GetAHBPrescaler                   0x08000be9   Thumb Code    16  stm32g4xx_ll_rcc.o(.text.LL_RCC_GetAHBPrescaler)
    [Anonymous Symbol]                       0x08000be8   Section        0  stm32g4xx_ll_rcc.o(.text.LL_RCC_GetAHBPrescaler)
    LL_RCC_GetAPB1Prescaler                  0x08000bf9   Thumb Code    16  stm32g4xx_ll_rcc.o(.text.LL_RCC_GetAPB1Prescaler)
    [Anonymous Symbol]                       0x08000bf8   Section        0  stm32g4xx_ll_rcc.o(.text.LL_RCC_GetAPB1Prescaler)
    LL_RCC_GetAPB2Prescaler                  0x08000c09   Thumb Code    16  stm32g4xx_ll_rcc.o(.text.LL_RCC_GetAPB2Prescaler)
    [Anonymous Symbol]                       0x08000c08   Section        0  stm32g4xx_ll_rcc.o(.text.LL_RCC_GetAPB2Prescaler)
    LL_RCC_GetSysClkSource                   0x08000c19   Thumb Code    16  stm32g4xx_ll_rcc.o(.text.LL_RCC_GetSysClkSource)
    [Anonymous Symbol]                       0x08000c18   Section        0  stm32g4xx_ll_rcc.o(.text.LL_RCC_GetSysClkSource)
    LL_RCC_GetSysClkSource                   0x08000c29   Thumb Code    16  stm32g4xx_ll_utils.o(.text.LL_RCC_GetSysClkSource)
    [Anonymous Symbol]                       0x08000c28   Section        0  stm32g4xx_ll_utils.o(.text.LL_RCC_GetSysClkSource)
    [Anonymous Symbol]                       0x08000c38   Section        0  stm32g4xx_ll_rcc.o(.text.LL_RCC_GetUARTClockFreq)
    LL_RCC_GetUARTClockSource                0x08000d59   Thumb Code    26  stm32g4xx_ll_rcc.o(.text.LL_RCC_GetUARTClockSource)
    [Anonymous Symbol]                       0x08000d58   Section        0  stm32g4xx_ll_rcc.o(.text.LL_RCC_GetUARTClockSource)
    [Anonymous Symbol]                       0x08000d74   Section        0  stm32g4xx_ll_rcc.o(.text.LL_RCC_GetUSARTClockFreq)
    LL_RCC_GetUSARTClockSource               0x08000ee9   Thumb Code    26  stm32g4xx_ll_rcc.o(.text.LL_RCC_GetUSARTClockSource)
    [Anonymous Symbol]                       0x08000ee8   Section        0  stm32g4xx_ll_rcc.o(.text.LL_RCC_GetUSARTClockSource)
    LL_RCC_HSE_DisableBypass                 0x08000f05   Thumb Code    18  stm32g4xx_ll_utils.o(.text.LL_RCC_HSE_DisableBypass)
    [Anonymous Symbol]                       0x08000f04   Section        0  stm32g4xx_ll_utils.o(.text.LL_RCC_HSE_DisableBypass)
    LL_RCC_HSE_Enable                        0x08000f19   Thumb Code    18  stm32g4xx_ll_utils.o(.text.LL_RCC_HSE_Enable)
    [Anonymous Symbol]                       0x08000f18   Section        0  stm32g4xx_ll_utils.o(.text.LL_RCC_HSE_Enable)
    LL_RCC_HSE_Enable                        0x08000f2d   Thumb Code    18  clock_system.o(.text.LL_RCC_HSE_Enable)
    [Anonymous Symbol]                       0x08000f2c   Section        0  clock_system.o(.text.LL_RCC_HSE_Enable)
    LL_RCC_HSE_EnableBypass                  0x08000f41   Thumb Code    18  stm32g4xx_ll_utils.o(.text.LL_RCC_HSE_EnableBypass)
    [Anonymous Symbol]                       0x08000f40   Section        0  stm32g4xx_ll_utils.o(.text.LL_RCC_HSE_EnableBypass)
    LL_RCC_HSE_IsReady                       0x08000f55   Thumb Code    16  stm32g4xx_ll_utils.o(.text.LL_RCC_HSE_IsReady)
    [Anonymous Symbol]                       0x08000f54   Section        0  stm32g4xx_ll_utils.o(.text.LL_RCC_HSE_IsReady)
    LL_RCC_HSE_IsReady                       0x08000f65   Thumb Code    16  clock_system.o(.text.LL_RCC_HSE_IsReady)
    [Anonymous Symbol]                       0x08000f64   Section        0  clock_system.o(.text.LL_RCC_HSE_IsReady)
    LL_RCC_HSI_IsReady                       0x08000f75   Thumb Code    16  stm32g4xx_ll_rcc.o(.text.LL_RCC_HSI_IsReady)
    [Anonymous Symbol]                       0x08000f74   Section        0  stm32g4xx_ll_rcc.o(.text.LL_RCC_HSI_IsReady)
    LL_RCC_LSE_IsReady                       0x08000f85   Thumb Code    16  stm32g4xx_ll_rcc.o(.text.LL_RCC_LSE_IsReady)
    [Anonymous Symbol]                       0x08000f84   Section        0  stm32g4xx_ll_rcc.o(.text.LL_RCC_LSE_IsReady)
    LL_RCC_PLL_ConfigDomain_SYS              0x08000f95   Thumb Code    54  stm32g4xx_ll_utils.o(.text.LL_RCC_PLL_ConfigDomain_SYS)
    [Anonymous Symbol]                       0x08000f94   Section        0  stm32g4xx_ll_utils.o(.text.LL_RCC_PLL_ConfigDomain_SYS)
    LL_RCC_PLL_Enable                        0x08000fcd   Thumb Code    18  stm32g4xx_ll_utils.o(.text.LL_RCC_PLL_Enable)
    [Anonymous Symbol]                       0x08000fcc   Section        0  stm32g4xx_ll_utils.o(.text.LL_RCC_PLL_Enable)
    LL_RCC_PLL_EnableDomain_SYS              0x08000fe1   Thumb Code    18  stm32g4xx_ll_utils.o(.text.LL_RCC_PLL_EnableDomain_SYS)
    [Anonymous Symbol]                       0x08000fe0   Section        0  stm32g4xx_ll_utils.o(.text.LL_RCC_PLL_EnableDomain_SYS)
    LL_RCC_PLL_GetDivider                    0x08000ff5   Thumb Code    16  stm32g4xx_ll_rcc.o(.text.LL_RCC_PLL_GetDivider)
    [Anonymous Symbol]                       0x08000ff4   Section        0  stm32g4xx_ll_rcc.o(.text.LL_RCC_PLL_GetDivider)
    LL_RCC_PLL_GetMainSource                 0x08001005   Thumb Code    16  stm32g4xx_ll_rcc.o(.text.LL_RCC_PLL_GetMainSource)
    [Anonymous Symbol]                       0x08001004   Section        0  stm32g4xx_ll_rcc.o(.text.LL_RCC_PLL_GetMainSource)
    LL_RCC_PLL_GetN                          0x08001015   Thumb Code    16  stm32g4xx_ll_rcc.o(.text.LL_RCC_PLL_GetN)
    [Anonymous Symbol]                       0x08001014   Section        0  stm32g4xx_ll_rcc.o(.text.LL_RCC_PLL_GetN)
    LL_RCC_PLL_GetR                          0x08001025   Thumb Code    16  stm32g4xx_ll_rcc.o(.text.LL_RCC_PLL_GetR)
    [Anonymous Symbol]                       0x08001024   Section        0  stm32g4xx_ll_rcc.o(.text.LL_RCC_PLL_GetR)
    LL_RCC_PLL_IsReady                       0x08001035   Thumb Code    16  stm32g4xx_ll_utils.o(.text.LL_RCC_PLL_IsReady)
    [Anonymous Symbol]                       0x08001034   Section        0  stm32g4xx_ll_utils.o(.text.LL_RCC_PLL_IsReady)
    LL_RCC_SetAHBPrescaler                   0x08001045   Thumb Code    28  stm32g4xx_ll_utils.o(.text.LL_RCC_SetAHBPrescaler)
    [Anonymous Symbol]                       0x08001044   Section        0  stm32g4xx_ll_utils.o(.text.LL_RCC_SetAHBPrescaler)
    LL_RCC_SetAPB1Prescaler                  0x08001061   Thumb Code    28  stm32g4xx_ll_utils.o(.text.LL_RCC_SetAPB1Prescaler)
    [Anonymous Symbol]                       0x08001060   Section        0  stm32g4xx_ll_utils.o(.text.LL_RCC_SetAPB1Prescaler)
    LL_RCC_SetAPB2Prescaler                  0x0800107d   Thumb Code    28  stm32g4xx_ll_utils.o(.text.LL_RCC_SetAPB2Prescaler)
    [Anonymous Symbol]                       0x0800107c   Section        0  stm32g4xx_ll_utils.o(.text.LL_RCC_SetAPB2Prescaler)
    LL_RCC_SetSysClkSource                   0x08001099   Thumb Code    28  stm32g4xx_ll_utils.o(.text.LL_RCC_SetSysClkSource)
    [Anonymous Symbol]                       0x08001098   Section        0  stm32g4xx_ll_utils.o(.text.LL_RCC_SetSysClkSource)
    LL_RCC_SetUSARTClockSource               0x080010b5   Thumb Code    30  usart.o(.text.LL_RCC_SetUSARTClockSource)
    [Anonymous Symbol]                       0x080010b4   Section        0  usart.o(.text.LL_RCC_SetUSARTClockSource)
    [Anonymous Symbol]                       0x080010d4   Section        0  stm32g4xx_ll_utils.o(.text.LL_SetFlashLatency)
    [Anonymous Symbol]                       0x08001294   Section        0  stm32g4xx_ll_utils.o(.text.LL_SetSystemCoreClock)
    LL_USART_ConfigAsyncMode                 0x080012a9   Thumb Code    28  usart.o(.text.LL_USART_ConfigAsyncMode)
    [Anonymous Symbol]                       0x080012a8   Section        0  usart.o(.text.LL_USART_ConfigAsyncMode)
    LL_USART_DMA_GetRegAddr                  0x080012c5   Thumb Code    34  usart.o(.text.LL_USART_DMA_GetRegAddr)
    [Anonymous Symbol]                       0x080012c4   Section        0  usart.o(.text.LL_USART_DMA_GetRegAddr)
    LL_USART_DisableDMADeactOnRxErr          0x080012e9   Thumb Code    18  usart.o(.text.LL_USART_DisableDMADeactOnRxErr)
    [Anonymous Symbol]                       0x080012e8   Section        0  usart.o(.text.LL_USART_DisableDMADeactOnRxErr)
    LL_USART_DisableOverrunDetect            0x080012fd   Thumb Code    18  usart.o(.text.LL_USART_DisableOverrunDetect)
    [Anonymous Symbol]                       0x080012fc   Section        0  usart.o(.text.LL_USART_DisableOverrunDetect)
    LL_USART_Enable                          0x08001311   Thumb Code    18  usart.o(.text.LL_USART_Enable)
    [Anonymous Symbol]                       0x08001310   Section        0  usart.o(.text.LL_USART_Enable)
    LL_USART_EnableDMAReq_RX                 0x08001325   Thumb Code    42  usart.o(.text.LL_USART_EnableDMAReq_RX)
    [Anonymous Symbol]                       0x08001324   Section        0  usart.o(.text.LL_USART_EnableDMAReq_RX)
    LL_USART_EnableDMAReq_TX                 0x08001351   Thumb Code    42  usart.o(.text.LL_USART_EnableDMAReq_TX)
    [Anonymous Symbol]                       0x08001350   Section        0  usart.o(.text.LL_USART_EnableDMAReq_TX)
    LL_USART_EnableFIFO                      0x0800137d   Thumb Code    18  usart.o(.text.LL_USART_EnableFIFO)
    [Anonymous Symbol]                       0x0800137c   Section        0  usart.o(.text.LL_USART_EnableFIFO)
    [Anonymous Symbol]                       0x08001390   Section        0  stm32g4xx_ll_usart.o(.text.LL_USART_Init)
    LL_USART_IsActiveFlag_REACK              0x080014bd   Thumb Code    16  usart.o(.text.LL_USART_IsActiveFlag_REACK)
    [Anonymous Symbol]                       0x080014bc   Section        0  usart.o(.text.LL_USART_IsActiveFlag_REACK)
    LL_USART_IsActiveFlag_TEACK              0x080014cd   Thumb Code    16  usart.o(.text.LL_USART_IsActiveFlag_TEACK)
    [Anonymous Symbol]                       0x080014cc   Section        0  usart.o(.text.LL_USART_IsActiveFlag_TEACK)
    LL_USART_IsEnabled                       0x080014dd   Thumb Code    16  stm32g4xx_ll_usart.o(.text.LL_USART_IsEnabled)
    [Anonymous Symbol]                       0x080014dc   Section        0  stm32g4xx_ll_usart.o(.text.LL_USART_IsEnabled)
    LL_USART_SetBaudRate                     0x080014ed   Thumb Code   160  stm32g4xx_ll_usart.o(.text.LL_USART_SetBaudRate)
    [Anonymous Symbol]                       0x080014ec   Section        0  stm32g4xx_ll_usart.o(.text.LL_USART_SetBaudRate)
    LL_USART_SetHWFlowCtrl                   0x0800158d   Thumb Code    26  stm32g4xx_ll_usart.o(.text.LL_USART_SetHWFlowCtrl)
    [Anonymous Symbol]                       0x0800158c   Section        0  stm32g4xx_ll_usart.o(.text.LL_USART_SetHWFlowCtrl)
    LL_USART_SetPrescaler                    0x080015a9   Thumb Code    28  stm32g4xx_ll_usart.o(.text.LL_USART_SetPrescaler)
    [Anonymous Symbol]                       0x080015a8   Section        0  stm32g4xx_ll_usart.o(.text.LL_USART_SetPrescaler)
    LL_USART_SetRXFIFOThreshold              0x080015c5   Thumb Code    50  usart.o(.text.LL_USART_SetRXFIFOThreshold)
    [Anonymous Symbol]                       0x080015c4   Section        0  usart.o(.text.LL_USART_SetRXFIFOThreshold)
    LL_USART_SetStopBitsLength               0x080015f9   Thumb Code    26  stm32g4xx_ll_usart.o(.text.LL_USART_SetStopBitsLength)
    [Anonymous Symbol]                       0x080015f8   Section        0  stm32g4xx_ll_usart.o(.text.LL_USART_SetStopBitsLength)
    LL_USART_SetTXFIFOThreshold              0x08001615   Thumb Code    50  usart.o(.text.LL_USART_SetTXFIFOThreshold)
    [Anonymous Symbol]                       0x08001614   Section        0  usart.o(.text.LL_USART_SetTXFIFOThreshold)
    [Anonymous Symbol]                       0x08001648   Section        0  stm32g4xx_ll_utils.o(.text.LL_mDelay)
    RCC_GetHCLKClockFreq                     0x08001699   Thumb Code    42  stm32g4xx_ll_rcc.o(.text.RCC_GetHCLKClockFreq)
    [Anonymous Symbol]                       0x08001698   Section        0  stm32g4xx_ll_rcc.o(.text.RCC_GetHCLKClockFreq)
    RCC_GetPCLK1ClockFreq                    0x080016c5   Thumb Code    40  stm32g4xx_ll_rcc.o(.text.RCC_GetPCLK1ClockFreq)
    [Anonymous Symbol]                       0x080016c4   Section        0  stm32g4xx_ll_rcc.o(.text.RCC_GetPCLK1ClockFreq)
    RCC_GetPCLK2ClockFreq                    0x080016ed   Thumb Code    40  stm32g4xx_ll_rcc.o(.text.RCC_GetPCLK2ClockFreq)
    [Anonymous Symbol]                       0x080016ec   Section        0  stm32g4xx_ll_rcc.o(.text.RCC_GetPCLK2ClockFreq)
    RCC_GetSystemClockFreq                   0x08001715   Thumb Code    84  stm32g4xx_ll_rcc.o(.text.RCC_GetSystemClockFreq)
    [Anonymous Symbol]                       0x08001714   Section        0  stm32g4xx_ll_rcc.o(.text.RCC_GetSystemClockFreq)
    RCC_PLL_GetFreqDomain_SYS                0x08001769   Thumb Code   124  stm32g4xx_ll_rcc.o(.text.RCC_PLL_GetFreqDomain_SYS)
    [Anonymous Symbol]                       0x08001768   Section        0  stm32g4xx_ll_rcc.o(.text.RCC_PLL_GetFreqDomain_SYS)
    [Anonymous Symbol]                       0x080017e4   Section        0  usart.o(.text.Receive_Data_USART1_DMA)
    [Anonymous Symbol]                       0x0800183c   Section        0  usart.o(.text.Receive_Data_USART3_DMA)
    [Anonymous Symbol]                       0x08001894   Section        0  usart.o(.text.Send_Data_USART1_DMA)
    [Anonymous Symbol]                       0x080018ec   Section        0  usart.o(.text.Send_Data_USART3_DMA)
    [Anonymous Symbol]                       0x08001944   Section        0  system_stm32g4xx.o(.text.SystemInit)
    [Anonymous Symbol]                       0x08001958   Section        0  usart.o(.text.USART1_DMA_RX_Init)
    [Anonymous Symbol]                       0x080019bc   Section        0  usart.o(.text.USART1_DMA_TX_Init)
    [Anonymous Symbol]                       0x08001a28   Section        0  usart.o(.text.USART1_UART_Init)
    [Anonymous Symbol]                       0x08001b20   Section        0  usart.o(.text.USART3_DMA_RX_Init)
    [Anonymous Symbol]                       0x08001b84   Section        0  usart.o(.text.USART3_DMA_TX_Init)
    [Anonymous Symbol]                       0x08001bf4   Section        0  usart.o(.text.USART3_UART_Init)
    UTILS_EnablePLLAndSwitchSystem           0x08001cf1   Thumb Code   200  stm32g4xx_ll_utils.o(.text.UTILS_EnablePLLAndSwitchSystem)
    [Anonymous Symbol]                       0x08001cf0   Section        0  stm32g4xx_ll_utils.o(.text.UTILS_EnablePLLAndSwitchSystem)
    UTILS_GetPLLOutputFrequency              0x08001db9   Thumb Code    62  stm32g4xx_ll_utils.o(.text.UTILS_GetPLLOutputFrequency)
    [Anonymous Symbol]                       0x08001db8   Section        0  stm32g4xx_ll_utils.o(.text.UTILS_GetPLLOutputFrequency)
    UTILS_PLL_IsBusy                         0x08001df9   Thumb Code    34  stm32g4xx_ll_utils.o(.text.UTILS_PLL_IsBusy)
    [Anonymous Symbol]                       0x08001df8   Section        0  stm32g4xx_ll_utils.o(.text.UTILS_PLL_IsBusy)
    [Anonymous Symbol]                       0x08001e1c   Section        0  main.o(.text.main)
    $v0                                      0x08001e90   Number         0  fpinit.o(x$fpl$fpinit)
    x$fpl$fpinit                             0x08001e90   Section       26  fpinit.o(x$fpl$fpinit)
    CHANNEL_OFFSET_TAB                       0x08001ec2   Data           8  usart.o(.rodata.CHANNEL_OFFSET_TAB)
    [Anonymous Symbol]                       0x08001ec2   Section        0  usart.o(.rodata.CHANNEL_OFFSET_TAB)
    USART_PRESCALER_TAB                      0x08001ecc   Data          48  stm32g4xx_ll_usart.o(.rodata.USART_PRESCALER_TAB)
    [Anonymous Symbol]                       0x08001ecc   Section        0  stm32g4xx_ll_usart.o(.rodata.USART_PRESCALER_TAB)
    .bss                                     0x20000010   Section       96  libspace.o(.bss)
    Heap_Mem                                 0x20000098   Data         512  startup_stm32g474xx.o(HEAP)
    HEAP                                     0x20000098   Section      512  startup_stm32g474xx.o(HEAP)
    Stack_Mem                                0x20000298   Data        1024  startup_stm32g474xx.o(STACK)
    STACK                                    0x20000298   Section     1024  startup_stm32g474xx.o(STACK)
    __initial_sp                             0x20000698   Data           0  startup_stm32g474xx.o(STACK)

    Global Symbols

    Symbol Name                              Value     Ov Type        Size  Object(Section)

    BuildAttributes$$THM_ISAv4$E$P$D$K$B$S$7EM$VFPi3$EXTD16$VFPS$VFMA$PE$A:L22UL41UL21$X:L11$S22US41US21$IEEE1$IW$~IW$USESV6$~STKCKD$USESV7$~SHL$OSPACE$ROPI$EBA8$UX$STANDARDLIB$REQ8$PRES8$EABIv2 0x00000000   Number         0  anon$$obj.o ABSOLUTE
    __ARM_exceptions_init                     - Undefined Weak Reference
    __alloca_initialize                       - Undefined Weak Reference
    __arm_preinit_                            - Undefined Weak Reference
    __arm_relocate_pie_                       - Undefined Weak Reference
    __cpp_initialize__aeabi_                  - Undefined Weak Reference
    __cxa_finalize                            - Undefined Weak Reference
    __rt_locale                               - Undefined Weak Reference
    __sigvec_lookup                           - Undefined Weak Reference
    _atexit_init                              - Undefined Weak Reference
    _call_atexit_fns                          - Undefined Weak Reference
    _clock_init                               - Undefined Weak Reference
    _fp_trap_init                             - Undefined Weak Reference
    _fp_trap_shutdown                         - Undefined Weak Reference
    _get_lc_collate                           - Undefined Weak Reference
    _get_lc_ctype                             - Undefined Weak Reference
    _get_lc_monetary                          - Undefined Weak Reference
    _get_lc_numeric                           - Undefined Weak Reference
    _get_lc_time                              - Undefined Weak Reference
    _getenv_init                              - Undefined Weak Reference
    _handle_redirection                       - Undefined Weak Reference
    _init_alloc                               - Undefined Weak Reference
    _init_user_alloc                          - Undefined Weak Reference
    _initio                                   - Undefined Weak Reference
    _rand_init                                - Undefined Weak Reference
    _signal_finish                            - Undefined Weak Reference
    _signal_init                              - Undefined Weak Reference
    _terminate_alloc                          - Undefined Weak Reference
    _terminate_user_alloc                     - Undefined Weak Reference
    _terminateio                              - Undefined Weak Reference
    __Vectors_Size                           0x000001d8   Number         0  startup_stm32g474xx.o ABSOLUTE
    __Vectors                                0x08000000   Data           4  startup_stm32g474xx.o(RESET)
    __Vectors_End                            0x080001d8   Data           0  startup_stm32g474xx.o(RESET)
    __main                                   0x080001d9   Thumb Code     8  __main.o(!!!main)
    __scatterload                            0x080001e1   Thumb Code     0  __scatter.o(!!!scatter)
    __scatterload_rt2                        0x080001e1   Thumb Code    84  __scatter.o(!!!scatter)
    __scatterload_rt2_thumb_only             0x080001e1   Thumb Code     0  __scatter.o(!!!scatter)
    __scatterload_loop                       0x080001eb   Thumb Code     0  __scatter.o(!!!scatter)
    __scatterload_copy                       0x0800023d   Thumb Code    26  __scatter_copy.o(!!handler_copy)
    __scatterload_null                       0x08000259   Thumb Code     2  __scatter.o(!!handler_null)
    __scatterload_zeroinit                   0x0800025d   Thumb Code    28  __scatter_zi.o(!!handler_zi)
    __rt_lib_init                            0x08000279   Thumb Code     0  libinit.o(.ARM.Collect$$libinit$$00000000)
    __rt_lib_init_fp_1                       0x0800027b   Thumb Code     0  libinit2.o(.ARM.Collect$$libinit$$00000001)
    __rt_lib_init_alloca_1                   0x0800027f   Thumb Code     0  libinit2.o(.ARM.Collect$$libinit$$00000030)
    __rt_lib_init_argv_1                     0x0800027f   Thumb Code     0  libinit2.o(.ARM.Collect$$libinit$$0000002E)
    __rt_lib_init_atexit_1                   0x0800027f   Thumb Code     0  libinit2.o(.ARM.Collect$$libinit$$0000001D)
    __rt_lib_init_clock_1                    0x0800027f   Thumb Code     0  libinit2.o(.ARM.Collect$$libinit$$00000023)
    __rt_lib_init_cpp_1                      0x0800027f   Thumb Code     0  libinit2.o(.ARM.Collect$$libinit$$00000034)
    __rt_lib_init_exceptions_1               0x0800027f   Thumb Code     0  libinit2.o(.ARM.Collect$$libinit$$00000032)
    __rt_lib_init_fp_trap_1                  0x0800027f   Thumb Code     0  libinit2.o(.ARM.Collect$$libinit$$00000021)
    __rt_lib_init_getenv_1                   0x0800027f   Thumb Code     0  libinit2.o(.ARM.Collect$$libinit$$00000025)
    __rt_lib_init_heap_1                     0x0800027f   Thumb Code     0  libinit2.o(.ARM.Collect$$libinit$$0000000C)
    __rt_lib_init_lc_collate_1               0x0800027f   Thumb Code     0  libinit2.o(.ARM.Collect$$libinit$$00000013)
    __rt_lib_init_lc_ctype_1                 0x0800027f   Thumb Code     0  libinit2.o(.ARM.Collect$$libinit$$00000015)
    __rt_lib_init_lc_monetary_1              0x0800027f   Thumb Code     0  libinit2.o(.ARM.Collect$$libinit$$00000017)
    __rt_lib_init_lc_numeric_1               0x0800027f   Thumb Code     0  libinit2.o(.ARM.Collect$$libinit$$00000019)
    __rt_lib_init_lc_time_1                  0x0800027f   Thumb Code     0  libinit2.o(.ARM.Collect$$libinit$$0000001B)
    __rt_lib_init_preinit_1                  0x0800027f   Thumb Code     0  libinit2.o(.ARM.Collect$$libinit$$00000006)
    __rt_lib_init_rand_1                     0x0800027f   Thumb Code     0  libinit2.o(.ARM.Collect$$libinit$$00000010)
    __rt_lib_init_relocate_pie_1             0x0800027f   Thumb Code     0  libinit2.o(.ARM.Collect$$libinit$$00000004)
    __rt_lib_init_return                     0x0800027f   Thumb Code     0  libinit2.o(.ARM.Collect$$libinit$$00000035)
    __rt_lib_init_signal_1                   0x0800027f   Thumb Code     0  libinit2.o(.ARM.Collect$$libinit$$0000001F)
    __rt_lib_init_stdio_1                    0x0800027f   Thumb Code     0  libinit2.o(.ARM.Collect$$libinit$$00000027)
    __rt_lib_init_user_alloc_1               0x0800027f   Thumb Code     0  libinit2.o(.ARM.Collect$$libinit$$0000000E)
    __rt_lib_shutdown                        0x08000281   Thumb Code     0  libshutdown.o(.ARM.Collect$$libshutdown$$00000000)
    __rt_lib_shutdown_cpp_1                  0x08000283   Thumb Code     0  libshutdown2.o(.ARM.Collect$$libshutdown$$00000002)
    __rt_lib_shutdown_fp_trap_1              0x08000283   Thumb Code     0  libshutdown2.o(.ARM.Collect$$libshutdown$$00000007)
    __rt_lib_shutdown_heap_1                 0x08000283   Thumb Code     0  libshutdown2.o(.ARM.Collect$$libshutdown$$0000000F)
    __rt_lib_shutdown_return                 0x08000283   Thumb Code     0  libshutdown2.o(.ARM.Collect$$libshutdown$$00000010)
    __rt_lib_shutdown_signal_1               0x08000283   Thumb Code     0  libshutdown2.o(.ARM.Collect$$libshutdown$$0000000A)
    __rt_lib_shutdown_stdio_1                0x08000283   Thumb Code     0  libshutdown2.o(.ARM.Collect$$libshutdown$$00000004)
    __rt_lib_shutdown_user_alloc_1           0x08000283   Thumb Code     0  libshutdown2.o(.ARM.Collect$$libshutdown$$0000000C)
    __rt_entry                               0x08000285   Thumb Code     0  __rtentry.o(.ARM.Collect$$rtentry$$00000000)
    __rt_entry_presh_1                       0x08000285   Thumb Code     0  __rtentry2.o(.ARM.Collect$$rtentry$$00000002)
    __rt_entry_sh                            0x08000285   Thumb Code     0  __rtentry4.o(.ARM.Collect$$rtentry$$00000004)
    __rt_entry_li                            0x0800028b   Thumb Code     0  __rtentry2.o(.ARM.Collect$$rtentry$$0000000A)
    __rt_entry_postsh_1                      0x0800028b   Thumb Code     0  __rtentry2.o(.ARM.Collect$$rtentry$$00000009)
    __rt_entry_main                          0x0800028f   Thumb Code     0  __rtentry2.o(.ARM.Collect$$rtentry$$0000000D)
    __rt_entry_postli_1                      0x0800028f   Thumb Code     0  __rtentry2.o(.ARM.Collect$$rtentry$$0000000C)
    __rt_exit                                0x08000297   Thumb Code     0  rtexit.o(.ARM.Collect$$rtexit$$00000000)
    __rt_exit_ls                             0x08000299   Thumb Code     0  rtexit2.o(.ARM.Collect$$rtexit$$00000003)
    __rt_exit_prels_1                        0x08000299   Thumb Code     0  rtexit2.o(.ARM.Collect$$rtexit$$00000002)
    __rt_exit_exit                           0x0800029d   Thumb Code     0  rtexit2.o(.ARM.Collect$$rtexit$$00000004)
    Reset_Handler                            0x080002a5   Thumb Code     8  startup_stm32g474xx.o(.text)
    NMI_Handler                              0x080002ad   Thumb Code     2  startup_stm32g474xx.o(.text)
    HardFault_Handler                        0x080002af   Thumb Code     2  startup_stm32g474xx.o(.text)
    MemManage_Handler                        0x080002b1   Thumb Code     2  startup_stm32g474xx.o(.text)
    BusFault_Handler                         0x080002b3   Thumb Code     2  startup_stm32g474xx.o(.text)
    UsageFault_Handler                       0x080002b5   Thumb Code     2  startup_stm32g474xx.o(.text)
    SVC_Handler                              0x080002b7   Thumb Code     2  startup_stm32g474xx.o(.text)
    DebugMon_Handler                         0x080002b9   Thumb Code     2  startup_stm32g474xx.o(.text)
    PendSV_Handler                           0x080002bb   Thumb Code     2  startup_stm32g474xx.o(.text)
    SysTick_Handler                          0x080002bd   Thumb Code     2  startup_stm32g474xx.o(.text)
    ADC1_2_IRQHandler                        0x080002bf   Thumb Code     0  startup_stm32g474xx.o(.text)
    ADC3_IRQHandler                          0x080002bf   Thumb Code     0  startup_stm32g474xx.o(.text)
    ADC4_IRQHandler                          0x080002bf   Thumb Code     0  startup_stm32g474xx.o(.text)
    ADC5_IRQHandler                          0x080002bf   Thumb Code     0  startup_stm32g474xx.o(.text)
    COMP1_2_3_IRQHandler                     0x080002bf   Thumb Code     0  startup_stm32g474xx.o(.text)
    COMP4_5_6_IRQHandler                     0x080002bf   Thumb Code     0  startup_stm32g474xx.o(.text)
    COMP7_IRQHandler                         0x080002bf   Thumb Code     0  startup_stm32g474xx.o(.text)
    CORDIC_IRQHandler                        0x080002bf   Thumb Code     0  startup_stm32g474xx.o(.text)
    CRS_IRQHandler                           0x080002bf   Thumb Code     0  startup_stm32g474xx.o(.text)
    DMA1_Channel1_IRQHandler                 0x080002bf   Thumb Code     0  startup_stm32g474xx.o(.text)
    DMA1_Channel2_IRQHandler                 0x080002bf   Thumb Code     0  startup_stm32g474xx.o(.text)
    DMA1_Channel3_IRQHandler                 0x080002bf   Thumb Code     0  startup_stm32g474xx.o(.text)
    DMA1_Channel4_IRQHandler                 0x080002bf   Thumb Code     0  startup_stm32g474xx.o(.text)
    DMA1_Channel5_IRQHandler                 0x080002bf   Thumb Code     0  startup_stm32g474xx.o(.text)
    DMA1_Channel6_IRQHandler                 0x080002bf   Thumb Code     0  startup_stm32g474xx.o(.text)
    DMA1_Channel7_IRQHandler                 0x080002bf   Thumb Code     0  startup_stm32g474xx.o(.text)
    DMA1_Channel8_IRQHandler                 0x080002bf   Thumb Code     0  startup_stm32g474xx.o(.text)
    DMA2_Channel1_IRQHandler                 0x080002bf   Thumb Code     0  startup_stm32g474xx.o(.text)
    DMA2_Channel2_IRQHandler                 0x080002bf   Thumb Code     0  startup_stm32g474xx.o(.text)
    DMA2_Channel3_IRQHandler                 0x080002bf   Thumb Code     0  startup_stm32g474xx.o(.text)
    DMA2_Channel4_IRQHandler                 0x080002bf   Thumb Code     0  startup_stm32g474xx.o(.text)
    DMA2_Channel5_IRQHandler                 0x080002bf   Thumb Code     0  startup_stm32g474xx.o(.text)
    DMA2_Channel6_IRQHandler                 0x080002bf   Thumb Code     0  startup_stm32g474xx.o(.text)
    DMA2_Channel7_IRQHandler                 0x080002bf   Thumb Code     0  startup_stm32g474xx.o(.text)
    DMA2_Channel8_IRQHandler                 0x080002bf   Thumb Code     0  startup_stm32g474xx.o(.text)
    DMAMUX_OVR_IRQHandler                    0x080002bf   Thumb Code     0  startup_stm32g474xx.o(.text)
    EXTI0_IRQHandler                         0x080002bf   Thumb Code     0  startup_stm32g474xx.o(.text)
    EXTI15_10_IRQHandler                     0x080002bf   Thumb Code     0  startup_stm32g474xx.o(.text)
    EXTI1_IRQHandler                         0x080002bf   Thumb Code     0  startup_stm32g474xx.o(.text)
    EXTI2_IRQHandler                         0x080002bf   Thumb Code     0  startup_stm32g474xx.o(.text)
    EXTI3_IRQHandler                         0x080002bf   Thumb Code     0  startup_stm32g474xx.o(.text)
    EXTI4_IRQHandler                         0x080002bf   Thumb Code     0  startup_stm32g474xx.o(.text)
    EXTI9_5_IRQHandler                       0x080002bf   Thumb Code     0  startup_stm32g474xx.o(.text)
    FDCAN1_IT0_IRQHandler                    0x080002bf   Thumb Code     0  startup_stm32g474xx.o(.text)
    FDCAN1_IT1_IRQHandler                    0x080002bf   Thumb Code     0  startup_stm32g474xx.o(.text)
    FDCAN2_IT0_IRQHandler                    0x080002bf   Thumb Code     0  startup_stm32g474xx.o(.text)
    FDCAN2_IT1_IRQHandler                    0x080002bf   Thumb Code     0  startup_stm32g474xx.o(.text)
    FDCAN3_IT0_IRQHandler                    0x080002bf   Thumb Code     0  startup_stm32g474xx.o(.text)
    FDCAN3_IT1_IRQHandler                    0x080002bf   Thumb Code     0  startup_stm32g474xx.o(.text)
    FLASH_IRQHandler                         0x080002bf   Thumb Code     0  startup_stm32g474xx.o(.text)
    FMAC_IRQHandler                          0x080002bf   Thumb Code     0  startup_stm32g474xx.o(.text)
    FMC_IRQHandler                           0x080002bf   Thumb Code     0  startup_stm32g474xx.o(.text)
    FPU_IRQHandler                           0x080002bf   Thumb Code     0  startup_stm32g474xx.o(.text)
    HRTIM1_FLT_IRQHandler                    0x080002bf   Thumb Code     0  startup_stm32g474xx.o(.text)
    HRTIM1_Master_IRQHandler                 0x080002bf   Thumb Code     0  startup_stm32g474xx.o(.text)
    HRTIM1_TIMA_IRQHandler                   0x080002bf   Thumb Code     0  startup_stm32g474xx.o(.text)
    HRTIM1_TIMB_IRQHandler                   0x080002bf   Thumb Code     0  startup_stm32g474xx.o(.text)
    HRTIM1_TIMC_IRQHandler                   0x080002bf   Thumb Code     0  startup_stm32g474xx.o(.text)
    HRTIM1_TIMD_IRQHandler                   0x080002bf   Thumb Code     0  startup_stm32g474xx.o(.text)
    HRTIM1_TIME_IRQHandler                   0x080002bf   Thumb Code     0  startup_stm32g474xx.o(.text)
    HRTIM1_TIMF_IRQHandler                   0x080002bf   Thumb Code     0  startup_stm32g474xx.o(.text)
    I2C1_ER_IRQHandler                       0x080002bf   Thumb Code     0  startup_stm32g474xx.o(.text)
    I2C1_EV_IRQHandler                       0x080002bf   Thumb Code     0  startup_stm32g474xx.o(.text)
    I2C2_ER_IRQHandler                       0x080002bf   Thumb Code     0  startup_stm32g474xx.o(.text)
    I2C2_EV_IRQHandler                       0x080002bf   Thumb Code     0  startup_stm32g474xx.o(.text)
    I2C3_ER_IRQHandler                       0x080002bf   Thumb Code     0  startup_stm32g474xx.o(.text)
    I2C3_EV_IRQHandler                       0x080002bf   Thumb Code     0  startup_stm32g474xx.o(.text)
    I2C4_ER_IRQHandler                       0x080002bf   Thumb Code     0  startup_stm32g474xx.o(.text)
    I2C4_EV_IRQHandler                       0x080002bf   Thumb Code     0  startup_stm32g474xx.o(.text)
    LPTIM1_IRQHandler                        0x080002bf   Thumb Code     0  startup_stm32g474xx.o(.text)
    LPUART1_IRQHandler                       0x080002bf   Thumb Code     0  startup_stm32g474xx.o(.text)
    PVD_PVM_IRQHandler                       0x080002bf   Thumb Code     0  startup_stm32g474xx.o(.text)
    QUADSPI_IRQHandler                       0x080002bf   Thumb Code     0  startup_stm32g474xx.o(.text)
    RCC_IRQHandler                           0x080002bf   Thumb Code     0  startup_stm32g474xx.o(.text)
    RNG_IRQHandler                           0x080002bf   Thumb Code     0  startup_stm32g474xx.o(.text)
    RTC_Alarm_IRQHandler                     0x080002bf   Thumb Code     0  startup_stm32g474xx.o(.text)
    RTC_TAMP_LSECSS_IRQHandler               0x080002bf   Thumb Code     0  startup_stm32g474xx.o(.text)
    RTC_WKUP_IRQHandler                      0x080002bf   Thumb Code     0  startup_stm32g474xx.o(.text)
    SAI1_IRQHandler                          0x080002bf   Thumb Code     0  startup_stm32g474xx.o(.text)
    SPI1_IRQHandler                          0x080002bf   Thumb Code     0  startup_stm32g474xx.o(.text)
    SPI2_IRQHandler                          0x080002bf   Thumb Code     0  startup_stm32g474xx.o(.text)
    SPI3_IRQHandler                          0x080002bf   Thumb Code     0  startup_stm32g474xx.o(.text)
    SPI4_IRQHandler                          0x080002bf   Thumb Code     0  startup_stm32g474xx.o(.text)
    TIM1_BRK_TIM15_IRQHandler                0x080002bf   Thumb Code     0  startup_stm32g474xx.o(.text)
    TIM1_CC_IRQHandler                       0x080002bf   Thumb Code     0  startup_stm32g474xx.o(.text)
    TIM1_TRG_COM_TIM17_IRQHandler            0x080002bf   Thumb Code     0  startup_stm32g474xx.o(.text)
    TIM1_UP_TIM16_IRQHandler                 0x080002bf   Thumb Code     0  startup_stm32g474xx.o(.text)
    TIM20_BRK_IRQHandler                     0x080002bf   Thumb Code     0  startup_stm32g474xx.o(.text)
    TIM20_CC_IRQHandler                      0x080002bf   Thumb Code     0  startup_stm32g474xx.o(.text)
    TIM20_TRG_COM_IRQHandler                 0x080002bf   Thumb Code     0  startup_stm32g474xx.o(.text)
    TIM20_UP_IRQHandler                      0x080002bf   Thumb Code     0  startup_stm32g474xx.o(.text)
    TIM2_IRQHandler                          0x080002bf   Thumb Code     0  startup_stm32g474xx.o(.text)
    TIM3_IRQHandler                          0x080002bf   Thumb Code     0  startup_stm32g474xx.o(.text)
    TIM4_IRQHandler                          0x080002bf   Thumb Code     0  startup_stm32g474xx.o(.text)
    TIM5_IRQHandler                          0x080002bf   Thumb Code     0  startup_stm32g474xx.o(.text)
    TIM6_DAC_IRQHandler                      0x080002bf   Thumb Code     0  startup_stm32g474xx.o(.text)
    TIM7_DAC_IRQHandler                      0x080002bf   Thumb Code     0  startup_stm32g474xx.o(.text)
    TIM8_BRK_IRQHandler                      0x080002bf   Thumb Code     0  startup_stm32g474xx.o(.text)
    TIM8_CC_IRQHandler                       0x080002bf   Thumb Code     0  startup_stm32g474xx.o(.text)
    TIM8_TRG_COM_IRQHandler                  0x080002bf   Thumb Code     0  startup_stm32g474xx.o(.text)
    TIM8_UP_IRQHandler                       0x080002bf   Thumb Code     0  startup_stm32g474xx.o(.text)
    UART4_IRQHandler                         0x080002bf   Thumb Code     0  startup_stm32g474xx.o(.text)
    UART5_IRQHandler                         0x080002bf   Thumb Code     0  startup_stm32g474xx.o(.text)
    UCPD1_IRQHandler                         0x080002bf   Thumb Code     0  startup_stm32g474xx.o(.text)
    USART1_IRQHandler                        0x080002bf   Thumb Code     0  startup_stm32g474xx.o(.text)
    USART2_IRQHandler                        0x080002bf   Thumb Code     0  startup_stm32g474xx.o(.text)
    USART3_IRQHandler                        0x080002bf   Thumb Code     0  startup_stm32g474xx.o(.text)
    USBWakeUp_IRQHandler                     0x080002bf   Thumb Code     0  startup_stm32g474xx.o(.text)
    USB_HP_IRQHandler                        0x080002bf   Thumb Code     0  startup_stm32g474xx.o(.text)
    USB_LP_IRQHandler                        0x080002bf   Thumb Code     0  startup_stm32g474xx.o(.text)
    WWDG_IRQHandler                          0x080002bf   Thumb Code     0  startup_stm32g474xx.o(.text)
    __user_initial_stackheap                 0x080002c1   Thumb Code     0  startup_stm32g474xx.o(.text)
    __use_two_region_memory                  0x080002e5   Thumb Code     2  heapauxi.o(.text)
    __rt_heap_escrow$2region                 0x080002e7   Thumb Code     2  heapauxi.o(.text)
    __rt_heap_expand$2region                 0x080002e9   Thumb Code     2  heapauxi.o(.text)
    __user_setup_stackheap                   0x080002eb   Thumb Code    74  sys_stackheap_outer.o(.text)
    exit                                     0x08000335   Thumb Code    18  exit.o(.text)
    __user_libspace                          0x08000349   Thumb Code     8  libspace.o(.text)
    __user_perproc_libspace                  0x08000349   Thumb Code     0  libspace.o(.text)
    __user_perthread_libspace                0x08000349   Thumb Code     0  libspace.o(.text)
    _sys_exit                                0x08000351   Thumb Code     8  sys_exit.o(.text)
    __I$use$semihosting                      0x0800035d   Thumb Code     0  use_no_semi.o(.text)
    __use_no_semihosting_swi                 0x0800035d   Thumb Code     2  use_no_semi.o(.text)
    __semihosting_library_function           0x0800035f   Thumb Code     0  indicate_semi.o(.text)
    Clock_system                             0x08000361   Thumb Code    98  clock_system.o(.text.Clock_system)
    LL_GPIO_Init                             0x08000721   Thumb Code   220  stm32g4xx_ll_gpio.o(.text.LL_GPIO_Init)
    LL_Init1msTick                           0x08000a8d   Thumb Code    20  stm32g4xx_ll_utils.o(.text.LL_Init1msTick)
    LL_PLL_ConfigSystemClock_HSE             0x08000ad9   Thumb Code   222  stm32g4xx_ll_utils.o(.text.LL_PLL_ConfigSystemClock_HSE)
    LL_RCC_GetUARTClockFreq                  0x08000c39   Thumb Code   286  stm32g4xx_ll_rcc.o(.text.LL_RCC_GetUARTClockFreq)
    LL_RCC_GetUSARTClockFreq                 0x08000d75   Thumb Code   370  stm32g4xx_ll_rcc.o(.text.LL_RCC_GetUSARTClockFreq)
    LL_SetFlashLatency                       0x080010d5   Thumb Code   448  stm32g4xx_ll_utils.o(.text.LL_SetFlashLatency)
    LL_SetSystemCoreClock                    0x08001295   Thumb Code    20  stm32g4xx_ll_utils.o(.text.LL_SetSystemCoreClock)
    LL_USART_Init                            0x08001391   Thumb Code   300  stm32g4xx_ll_usart.o(.text.LL_USART_Init)
    LL_mDelay                                0x08001649   Thumb Code    78  stm32g4xx_ll_utils.o(.text.LL_mDelay)
    Receive_Data_USART1_DMA                  0x080017e5   Thumb Code    88  usart.o(.text.Receive_Data_USART1_DMA)
    Receive_Data_USART3_DMA                  0x0800183d   Thumb Code    88  usart.o(.text.Receive_Data_USART3_DMA)
    Send_Data_USART1_DMA                     0x08001895   Thumb Code    88  usart.o(.text.Send_Data_USART1_DMA)
    Send_Data_USART3_DMA                     0x080018ed   Thumb Code    88  usart.o(.text.Send_Data_USART3_DMA)
    SystemInit                               0x08001945   Thumb Code    18  system_stm32g4xx.o(.text.SystemInit)
    USART1_DMA_RX_Init                       0x08001959   Thumb Code    98  usart.o(.text.USART1_DMA_RX_Init)
    USART1_DMA_TX_Init                       0x080019bd   Thumb Code   108  usart.o(.text.USART1_DMA_TX_Init)
    USART1_UART_Init                         0x08001a29   Thumb Code   248  usart.o(.text.USART1_UART_Init)
    USART3_DMA_RX_Init                       0x08001b21   Thumb Code    98  usart.o(.text.USART3_DMA_RX_Init)
    USART3_DMA_TX_Init                       0x08001b85   Thumb Code   110  usart.o(.text.USART3_DMA_TX_Init)
    USART3_UART_Init                         0x08001bf5   Thumb Code   252  usart.o(.text.USART3_UART_Init)
    main                                     0x08001e1d   Thumb Code   116  main.o(.text.main)
    _fp_init                                 0x08001e91   Thumb Code    26  fpinit.o(x$fpl$fpinit)
    __fplib_config_fpu_vfp                   0x08001ea9   Thumb Code     0  fpinit.o(x$fpl$fpinit)
    __fplib_config_pureend_doubles           0x08001ea9   Thumb Code     0  fpinit.o(x$fpl$fpinit)
    AHBPrescTable                            0x08001eaa   Data          16  system_stm32g4xx.o(.rodata.AHBPrescTable)
    APBPrescTable                            0x08001eba   Data           8  system_stm32g4xx.o(.rodata.APBPrescTable)
    Region$$Table$$Base                      0x08001efc   Number         0  anon$$obj.o(Region$$Table)
    Region$$Table$$Limit                     0x08001f1c   Number         0  anon$$obj.o(Region$$Table)
    SystemCoreClock                          0x20000000   Data           4  system_stm32g4xx.o(.data.SystemCoreClock)
    tx_msg_U1                                0x20000004   Data           3  main.o(.data.tx_msg_U1)
    tx_msg_U3                                0x20000007   Data           3  main.o(.data.tx_msg_U3)
    __libspace_start                         0x20000010   Data          96  libspace.o(.bss)
    __temporary_stack_top$libspace           0x20000070   Data           0  libspace.o(.bss)
    rx_buffer_U1                             0x20000070   Data          20  main.o(.bss.rx_buffer_U1)
    rx_buffer_U3                             0x20000084   Data          20  main.o(.bss.rx_buffer_U3)



==============================================================================

Memory Map of the image

  Image Entry point : 0x080002a5

  Load Region LR_1 (Base: 0x08000000, Size: 0x00001f28, Max: 0xffffffff, ABSOLUTE)

    Execution Region ER_RO (Exec base: 0x08000000, Load base: 0x08000000, Size: 0x00001f1c, Max: 0xffffffff, ABSOLUTE)

    Exec Addr    Load Addr    Size         Type   Attr      Idx    E Section Name        Object

    0x08000000   0x08000000   0x000001d8   Data   RO            3    RESET               startup_stm32g474xx.o
    0x080001d8   0x080001d8   0x00000008   Code   RO          898  * !!!main             c_w.l(__main.o)
    0x080001e0   0x080001e0   0x0000005c   Code   RO         1063    !!!scatter          c_w.l(__scatter.o)
    0x0800023c   0x0800023c   0x0000001a   Code   RO         1067    !!handler_copy      c_w.l(__scatter_copy.o)
    0x08000256   0x08000256   0x00000002   PAD
    0x08000258   0x08000258   0x00000002   Code   RO         1064    !!handler_null      c_w.l(__scatter.o)
    0x0800025a   0x0800025a   0x00000002   PAD
    0x0800025c   0x0800025c   0x0000001c   Code   RO         1069    !!handler_zi        c_w.l(__scatter_zi.o)
    0x08000278   0x08000278   0x00000002   Code   RO          925    .ARM.Collect$$libinit$$00000000  c_w.l(libinit.o)
    0x0800027a   0x0800027a   0x00000004   Code   RO          931    .ARM.Collect$$libinit$$00000001  c_w.l(libinit2.o)
    0x0800027e   0x0800027e   0x00000000   Code   RO          934    .ARM.Collect$$libinit$$00000004  c_w.l(libinit2.o)
    0x0800027e   0x0800027e   0x00000000   Code   RO          936    .ARM.Collect$$libinit$$00000006  c_w.l(libinit2.o)
    0x0800027e   0x0800027e   0x00000000   Code   RO          939    .ARM.Collect$$libinit$$0000000C  c_w.l(libinit2.o)
    0x0800027e   0x0800027e   0x00000000   Code   RO          941    .ARM.Collect$$libinit$$0000000E  c_w.l(libinit2.o)
    0x0800027e   0x0800027e   0x00000000   Code   RO          943    .ARM.Collect$$libinit$$00000010  c_w.l(libinit2.o)
    0x0800027e   0x0800027e   0x00000000   Code   RO          946    .ARM.Collect$$libinit$$00000013  c_w.l(libinit2.o)
    0x0800027e   0x0800027e   0x00000000   Code   RO          948    .ARM.Collect$$libinit$$00000015  c_w.l(libinit2.o)
    0x0800027e   0x0800027e   0x00000000   Code   RO          950    .ARM.Collect$$libinit$$00000017  c_w.l(libinit2.o)
    0x0800027e   0x0800027e   0x00000000   Code   RO          952    .ARM.Collect$$libinit$$00000019  c_w.l(libinit2.o)
    0x0800027e   0x0800027e   0x00000000   Code   RO          954    .ARM.Collect$$libinit$$0000001B  c_w.l(libinit2.o)
    0x0800027e   0x0800027e   0x00000000   Code   RO          956    .ARM.Collect$$libinit$$0000001D  c_w.l(libinit2.o)
    0x0800027e   0x0800027e   0x00000000   Code   RO          958    .ARM.Collect$$libinit$$0000001F  c_w.l(libinit2.o)
    0x0800027e   0x0800027e   0x00000000   Code   RO          960    .ARM.Collect$$libinit$$00000021  c_w.l(libinit2.o)
    0x0800027e   0x0800027e   0x00000000   Code   RO          962    .ARM.Collect$$libinit$$00000023  c_w.l(libinit2.o)
    0x0800027e   0x0800027e   0x00000000   Code   RO          964    .ARM.Collect$$libinit$$00000025  c_w.l(libinit2.o)
    0x0800027e   0x0800027e   0x00000000   Code   RO          966    .ARM.Collect$$libinit$$00000027  c_w.l(libinit2.o)
    0x0800027e   0x0800027e   0x00000000   Code   RO          970    .ARM.Collect$$libinit$$0000002E  c_w.l(libinit2.o)
    0x0800027e   0x0800027e   0x00000000   Code   RO          972    .ARM.Collect$$libinit$$00000030  c_w.l(libinit2.o)
    0x0800027e   0x0800027e   0x00000000   Code   RO          974    .ARM.Collect$$libinit$$00000032  c_w.l(libinit2.o)
    0x0800027e   0x0800027e   0x00000000   Code   RO          976    .ARM.Collect$$libinit$$00000034  c_w.l(libinit2.o)
    0x0800027e   0x0800027e   0x00000002   Code   RO          977    .ARM.Collect$$libinit$$00000035  c_w.l(libinit2.o)
    0x08000280   0x08000280   0x00000002   Code   RO          999    .ARM.Collect$$libshutdown$$00000000  c_w.l(libshutdown.o)
    0x08000282   0x08000282   0x00000000   Code   RO         1014    .ARM.Collect$$libshutdown$$00000002  c_w.l(libshutdown2.o)
    0x08000282   0x08000282   0x00000000   Code   RO         1016    .ARM.Collect$$libshutdown$$00000004  c_w.l(libshutdown2.o)
    0x08000282   0x08000282   0x00000000   Code   RO         1019    .ARM.Collect$$libshutdown$$00000007  c_w.l(libshutdown2.o)
    0x08000282   0x08000282   0x00000000   Code   RO         1022    .ARM.Collect$$libshutdown$$0000000A  c_w.l(libshutdown2.o)
    0x08000282   0x08000282   0x00000000   Code   RO         1024    .ARM.Collect$$libshutdown$$0000000C  c_w.l(libshutdown2.o)
    0x08000282   0x08000282   0x00000000   Code   RO         1027    .ARM.Collect$$libshutdown$$0000000F  c_w.l(libshutdown2.o)
    0x08000282   0x08000282   0x00000002   Code   RO         1028    .ARM.Collect$$libshutdown$$00000010  c_w.l(libshutdown2.o)
    0x08000284   0x08000284   0x00000000   Code   RO          900    .ARM.Collect$$rtentry$$00000000  c_w.l(__rtentry.o)
    0x08000284   0x08000284   0x00000000   Code   RO          902    .ARM.Collect$$rtentry$$00000002  c_w.l(__rtentry2.o)
    0x08000284   0x08000284   0x00000006   Code   RO          914    .ARM.Collect$$rtentry$$00000004  c_w.l(__rtentry4.o)
    0x0800028a   0x0800028a   0x00000000   Code   RO          904    .ARM.Collect$$rtentry$$00000009  c_w.l(__rtentry2.o)
    0x0800028a   0x0800028a   0x00000004   Code   RO          905    .ARM.Collect$$rtentry$$0000000A  c_w.l(__rtentry2.o)
    0x0800028e   0x0800028e   0x00000000   Code   RO          907    .ARM.Collect$$rtentry$$0000000C  c_w.l(__rtentry2.o)
    0x0800028e   0x0800028e   0x00000008   Code   RO          908    .ARM.Collect$$rtentry$$0000000D  c_w.l(__rtentry2.o)
    0x08000296   0x08000296   0x00000002   Code   RO          929    .ARM.Collect$$rtexit$$00000000  c_w.l(rtexit.o)
    0x08000298   0x08000298   0x00000000   Code   RO          979    .ARM.Collect$$rtexit$$00000002  c_w.l(rtexit2.o)
    0x08000298   0x08000298   0x00000004   Code   RO          980    .ARM.Collect$$rtexit$$00000003  c_w.l(rtexit2.o)
    0x0800029c   0x0800029c   0x00000006   Code   RO          981    .ARM.Collect$$rtexit$$00000004  c_w.l(rtexit2.o)
    0x080002a2   0x080002a2   0x00000002   PAD
    0x080002a4   0x080002a4   0x00000040   Code   RO            4  * .text               startup_stm32g474xx.o
    0x080002e4   0x080002e4   0x00000006   Code   RO          896    .text               c_w.l(heapauxi.o)
    0x080002ea   0x080002ea   0x0000004a   Code   RO          916    .text               c_w.l(sys_stackheap_outer.o)
    0x08000334   0x08000334   0x00000012   Code   RO          918    .text               c_w.l(exit.o)
    0x08000346   0x08000346   0x00000002   PAD
    0x08000348   0x08000348   0x00000008   Code   RO          926    .text               c_w.l(libspace.o)
    0x08000350   0x08000350   0x0000000c   Code   RO          989    .text               c_w.l(sys_exit.o)
    0x0800035c   0x0800035c   0x00000002   Code   RO         1004    .text               c_w.l(use_no_semi.o)
    0x0800035e   0x0800035e   0x00000000   Code   RO         1006    .text               c_w.l(indicate_semi.o)
    0x0800035e   0x0800035e   0x00000002   PAD
    0x08000360   0x08000360   0x00000062   Code   RO          573    .text.Clock_system  clock_system.o
    0x080003c2   0x080003c2   0x00000002   PAD
    0x080003c4   0x080003c4   0x00000022   Code   RO          804    .text.LL_AHB1_GRP1_EnableClock  usart.o
    0x080003e6   0x080003e6   0x00000002   PAD
    0x080003e8   0x080003e8   0x00000022   Code   RO          778    .text.LL_AHB2_GRP1_EnableClock  usart.o
    0x0800040a   0x0800040a   0x00000002   PAD
    0x0800040c   0x0800040c   0x00000022   Code   RO          800    .text.LL_APB1_GRP1_EnableClock  usart.o
    0x0800042e   0x0800042e   0x00000002   PAD
    0x08000430   0x08000430   0x00000022   Code   RO          776    .text.LL_APB2_GRP1_EnableClock  usart.o
    0x08000452   0x08000452   0x00000002   PAD
    0x08000454   0x08000454   0x00000024   Code   RO          826    .text.LL_DMA_DisableChannel  usart.o
    0x08000478   0x08000478   0x00000024   Code   RO          838    .text.LL_DMA_EnableChannel  usart.o
    0x0800049c   0x0800049c   0x00000030   Code   RO          810    .text.LL_DMA_SetChannelPriorityLevel  usart.o
    0x080004cc   0x080004cc   0x00000036   Code   RO          834    .text.LL_DMA_SetDataLength  usart.o
    0x08000502   0x08000502   0x00000002   PAD
    0x08000504   0x08000504   0x00000032   Code   RO          808    .text.LL_DMA_SetDataTransferDirection  usart.o
    0x08000536   0x08000536   0x00000002   PAD
    0x08000538   0x08000538   0x00000024   Code   RO          828    .text.LL_DMA_SetMemoryAddress  usart.o
    0x0800055c   0x0800055c   0x00000030   Code   RO          816    .text.LL_DMA_SetMemoryIncMode  usart.o
    0x0800058c   0x0800058c   0x00000030   Code   RO          820    .text.LL_DMA_SetMemorySize  usart.o
    0x080005bc   0x080005bc   0x00000030   Code   RO          812    .text.LL_DMA_SetMode  usart.o
    0x080005ec   0x080005ec   0x00000024   Code   RO          830    .text.LL_DMA_SetPeriphAddress  usart.o
    0x08000610   0x08000610   0x00000030   Code   RO          814    .text.LL_DMA_SetPeriphIncMode  usart.o
    0x08000640   0x08000640   0x00000048   Code   RO          806    .text.LL_DMA_SetPeriphRequest  usart.o
    0x08000688   0x08000688   0x00000030   Code   RO          818    .text.LL_DMA_SetPeriphSize  usart.o
    0x080006b8   0x080006b8   0x00000012   Code   RO          579    .text.LL_FLASH_EnableDataCache  clock_system.o
    0x080006ca   0x080006ca   0x00000002   PAD
    0x080006cc   0x080006cc   0x00000012   Code   RO          577    .text.LL_FLASH_EnableInstCache  clock_system.o
    0x080006de   0x080006de   0x00000002   PAD
    0x080006e0   0x080006e0   0x00000012   Code   RO          575    .text.LL_FLASH_EnablePrefetch  clock_system.o
    0x080006f2   0x080006f2   0x00000002   PAD
    0x080006f4   0x080006f4   0x00000010   Code   RO          414    .text.LL_FLASH_GetLatency  stm32g4xx_ll_utils.o
    0x08000704   0x08000704   0x0000001c   Code   RO          412    .text.LL_FLASH_SetLatency  stm32g4xx_ll_utils.o
    0x08000720   0x08000720   0x000000dc   Code   RO          128    .text.LL_GPIO_Init  stm32g4xx_ll_gpio.o
    0x080007fc   0x080007fc   0x0000007c   Code   RO          136    .text.LL_GPIO_SetAFPin_0_7  stm32g4xx_ll_gpio.o
    0x08000878   0x08000878   0x00000080   Code   RO          138    .text.LL_GPIO_SetAFPin_8_15  stm32g4xx_ll_gpio.o
    0x080008f8   0x080008f8   0x0000007c   Code   RO          140    .text.LL_GPIO_SetPinMode  stm32g4xx_ll_gpio.o
    0x08000974   0x08000974   0x0000001e   Code   RO          132    .text.LL_GPIO_SetPinOutputType  stm32g4xx_ll_gpio.o
    0x08000992   0x08000992   0x00000002   PAD
    0x08000994   0x08000994   0x0000007c   Code   RO          134    .text.LL_GPIO_SetPinPull  stm32g4xx_ll_gpio.o
    0x08000a10   0x08000a10   0x0000007c   Code   RO          130    .text.LL_GPIO_SetPinSpeed  stm32g4xx_ll_gpio.o
    0x08000a8c   0x08000a8c   0x00000014   Code   RO          398    .text.LL_Init1msTick  stm32g4xx_ll_utils.o
    0x08000aa0   0x08000aa0   0x00000036   Code   RO          400    .text.LL_InitTick   stm32g4xx_ll_utils.o
    0x08000ad6   0x08000ad6   0x00000002   PAD
    0x08000ad8   0x08000ad8   0x000000de   Code   RO          432    .text.LL_PLL_ConfigSystemClock_HSE  stm32g4xx_ll_utils.o
    0x08000bb6   0x08000bb6   0x00000002   PAD
    0x08000bb8   0x08000bb8   0x00000010   Code   RO          408    .text.LL_PWR_GetRegulVoltageScaling  stm32g4xx_ll_utils.o
    0x08000bc8   0x08000bc8   0x0000001e   Code   RO          410    .text.LL_PWR_IsEnabledRange1BoostMode  stm32g4xx_ll_utils.o
    0x08000be6   0x08000be6   0x00000002   PAD
    0x08000be8   0x08000be8   0x00000010   Code   RO          262    .text.LL_RCC_GetAHBPrescaler  stm32g4xx_ll_rcc.o
    0x08000bf8   0x08000bf8   0x00000010   Code   RO          264    .text.LL_RCC_GetAPB1Prescaler  stm32g4xx_ll_rcc.o
    0x08000c08   0x08000c08   0x00000010   Code   RO          266    .text.LL_RCC_GetAPB2Prescaler  stm32g4xx_ll_rcc.o
    0x08000c18   0x08000c18   0x00000010   Code   RO          172    .text.LL_RCC_GetSysClkSource  stm32g4xx_ll_rcc.o
    0x08000c28   0x08000c28   0x00000010   Code   RO          450    .text.LL_RCC_GetSysClkSource  stm32g4xx_ll_utils.o
    0x08000c38   0x08000c38   0x0000011e   Code   RO          194    .text.LL_RCC_GetUARTClockFreq  stm32g4xx_ll_rcc.o
    0x08000d56   0x08000d56   0x00000002   PAD
    0x08000d58   0x08000d58   0x0000001a   Code   RO          196    .text.LL_RCC_GetUARTClockSource  stm32g4xx_ll_rcc.o
    0x08000d72   0x08000d72   0x00000002   PAD
    0x08000d74   0x08000d74   0x00000172   Code   RO          188    .text.LL_RCC_GetUSARTClockFreq  stm32g4xx_ll_rcc.o
    0x08000ee6   0x08000ee6   0x00000002   PAD
    0x08000ee8   0x08000ee8   0x0000001a   Code   RO          190    .text.LL_RCC_GetUSARTClockSource  stm32g4xx_ll_rcc.o
    0x08000f02   0x08000f02   0x00000002   PAD
    0x08000f04   0x08000f04   0x00000012   Code   RO          438    .text.LL_RCC_HSE_DisableBypass  stm32g4xx_ll_utils.o
    0x08000f16   0x08000f16   0x00000002   PAD
    0x08000f18   0x08000f18   0x00000012   Code   RO          440    .text.LL_RCC_HSE_Enable  stm32g4xx_ll_utils.o
    0x08000f2a   0x08000f2a   0x00000002   PAD
    0x08000f2c   0x08000f2c   0x00000012   Code   RO          581    .text.LL_RCC_HSE_Enable  clock_system.o
    0x08000f3e   0x08000f3e   0x00000002   PAD
    0x08000f40   0x08000f40   0x00000012   Code   RO          436    .text.LL_RCC_HSE_EnableBypass  stm32g4xx_ll_utils.o
    0x08000f52   0x08000f52   0x00000002   PAD
    0x08000f54   0x08000f54   0x00000010   Code   RO          434    .text.LL_RCC_HSE_IsReady  stm32g4xx_ll_utils.o
    0x08000f64   0x08000f64   0x00000010   Code   RO          583    .text.LL_RCC_HSE_IsReady  clock_system.o
    0x08000f74   0x08000f74   0x00000010   Code   RO          168    .text.LL_RCC_HSI_IsReady  stm32g4xx_ll_rcc.o
    0x08000f84   0x08000f84   0x00000010   Code   RO          192    .text.LL_RCC_LSE_IsReady  stm32g4xx_ll_rcc.o
    0x08000f94   0x08000f94   0x00000036   Code   RO          426    .text.LL_RCC_PLL_ConfigDomain_SYS  stm32g4xx_ll_utils.o
    0x08000fca   0x08000fca   0x00000002   PAD
    0x08000fcc   0x08000fcc   0x00000012   Code   RO          444    .text.LL_RCC_PLL_Enable  stm32g4xx_ll_utils.o
    0x08000fde   0x08000fde   0x00000002   PAD
    0x08000fe0   0x08000fe0   0x00000012   Code   RO          446    .text.LL_RCC_PLL_EnableDomain_SYS  stm32g4xx_ll_utils.o
    0x08000ff2   0x08000ff2   0x00000002   PAD
    0x08000ff4   0x08000ff4   0x00000010   Code   RO          258    .text.LL_RCC_PLL_GetDivider  stm32g4xx_ll_rcc.o
    0x08001004   0x08001004   0x00000010   Code   RO          254    .text.LL_RCC_PLL_GetMainSource  stm32g4xx_ll_rcc.o
    0x08001014   0x08001014   0x00000010   Code   RO          256    .text.LL_RCC_PLL_GetN  stm32g4xx_ll_rcc.o
    0x08001024   0x08001024   0x00000010   Code   RO          260    .text.LL_RCC_PLL_GetR  stm32g4xx_ll_rcc.o
    0x08001034   0x08001034   0x00000010   Code   RO          442    .text.LL_RCC_PLL_IsReady  stm32g4xx_ll_utils.o
    0x08001044   0x08001044   0x0000001c   Code   RO          430    .text.LL_RCC_SetAHBPrescaler  stm32g4xx_ll_utils.o
    0x08001060   0x08001060   0x0000001c   Code   RO          452    .text.LL_RCC_SetAPB1Prescaler  stm32g4xx_ll_utils.o
    0x0800107c   0x0800107c   0x0000001c   Code   RO          454    .text.LL_RCC_SetAPB2Prescaler  stm32g4xx_ll_utils.o
    0x08001098   0x08001098   0x0000001c   Code   RO          448    .text.LL_RCC_SetSysClkSource  stm32g4xx_ll_utils.o
    0x080010b4   0x080010b4   0x0000001e   Code   RO          774    .text.LL_RCC_SetUSARTClockSource  usart.o
    0x080010d2   0x080010d2   0x00000002   PAD
    0x080010d4   0x080010d4   0x000001c0   Code   RO          406    .text.LL_SetFlashLatency  stm32g4xx_ll_utils.o
    0x08001294   0x08001294   0x00000014   Code   RO          404    .text.LL_SetSystemCoreClock  stm32g4xx_ll_utils.o
    0x080012a8   0x080012a8   0x0000001c   Code   RO          790    .text.LL_USART_ConfigAsyncMode  usart.o
    0x080012c4   0x080012c4   0x00000022   Code   RO          832    .text.LL_USART_DMA_GetRegAddr  usart.o
    0x080012e6   0x080012e6   0x00000002   PAD
    0x080012e8   0x080012e8   0x00000012   Code   RO          788    .text.LL_USART_DisableDMADeactOnRxErr  usart.o
    0x080012fa   0x080012fa   0x00000002   PAD
    0x080012fc   0x080012fc   0x00000012   Code   RO          786    .text.LL_USART_DisableOverrunDetect  usart.o
    0x0800130e   0x0800130e   0x00000002   PAD
    0x08001310   0x08001310   0x00000012   Code   RO          792    .text.LL_USART_Enable  usart.o
    0x08001322   0x08001322   0x00000002   PAD
    0x08001324   0x08001324   0x0000002a   Code   RO          842    .text.LL_USART_EnableDMAReq_RX  usart.o
    0x0800134e   0x0800134e   0x00000002   PAD
    0x08001350   0x08001350   0x0000002a   Code   RO          836    .text.LL_USART_EnableDMAReq_TX  usart.o
    0x0800137a   0x0800137a   0x00000002   PAD
    0x0800137c   0x0800137c   0x00000012   Code   RO          784    .text.LL_USART_EnableFIFO  usart.o
    0x0800138e   0x0800138e   0x00000002   PAD
    0x08001390   0x08001390   0x0000012c   Code   RO          372    .text.LL_USART_Init  stm32g4xx_ll_usart.o
    0x080014bc   0x080014bc   0x00000010   Code   RO          796    .text.LL_USART_IsActiveFlag_REACK  usart.o
    0x080014cc   0x080014cc   0x00000010   Code   RO          794    .text.LL_USART_IsActiveFlag_TEACK  usart.o
    0x080014dc   0x080014dc   0x00000010   Code   RO          374    .text.LL_USART_IsEnabled  stm32g4xx_ll_usart.o
    0x080014ec   0x080014ec   0x000000a0   Code   RO          380    .text.LL_USART_SetBaudRate  stm32g4xx_ll_usart.o
    0x0800158c   0x0800158c   0x0000001a   Code   RO          378    .text.LL_USART_SetHWFlowCtrl  stm32g4xx_ll_usart.o
    0x080015a6   0x080015a6   0x00000002   PAD
    0x080015a8   0x080015a8   0x0000001c   Code   RO          382    .text.LL_USART_SetPrescaler  stm32g4xx_ll_usart.o
    0x080015c4   0x080015c4   0x00000032   Code   RO          782    .text.LL_USART_SetRXFIFOThreshold  usart.o
    0x080015f6   0x080015f6   0x00000002   PAD
    0x080015f8   0x080015f8   0x0000001a   Code   RO          376    .text.LL_USART_SetStopBitsLength  stm32g4xx_ll_usart.o
    0x08001612   0x08001612   0x00000002   PAD
    0x08001614   0x08001614   0x00000032   Code   RO          780    .text.LL_USART_SetTXFIFOThreshold  usart.o
    0x08001646   0x08001646   0x00000002   PAD
    0x08001648   0x08001648   0x0000004e   Code   RO          402    .text.LL_mDelay     stm32g4xx_ll_utils.o
    0x08001696   0x08001696   0x00000002   PAD
    0x08001698   0x08001698   0x0000002a   Code   RO          182    .text.RCC_GetHCLKClockFreq  stm32g4xx_ll_rcc.o
    0x080016c2   0x080016c2   0x00000002   PAD
    0x080016c4   0x080016c4   0x00000028   Code   RO          184    .text.RCC_GetPCLK1ClockFreq  stm32g4xx_ll_rcc.o
    0x080016ec   0x080016ec   0x00000028   Code   RO          186    .text.RCC_GetPCLK2ClockFreq  stm32g4xx_ll_rcc.o
    0x08001714   0x08001714   0x00000054   Code   RO          180    .text.RCC_GetSystemClockFreq  stm32g4xx_ll_rcc.o
    0x08001768   0x08001768   0x0000007c   Code   RO          252    .text.RCC_PLL_GetFreqDomain_SYS  stm32g4xx_ll_rcc.o
    0x080017e4   0x080017e4   0x00000058   Code   RO          840    .text.Receive_Data_USART1_DMA  usart.o
    0x0800183c   0x0800183c   0x00000058   Code   RO          850    .text.Receive_Data_USART3_DMA  usart.o
    0x08001894   0x08001894   0x00000058   Code   RO          824    .text.Send_Data_USART1_DMA  usart.o
    0x080018ec   0x080018ec   0x00000058   Code   RO          848    .text.Send_Data_USART3_DMA  usart.o
    0x08001944   0x08001944   0x00000012   Code   RO           11    .text.SystemInit    system_stm32g4xx.o
    0x08001956   0x08001956   0x00000002   PAD
    0x08001958   0x08001958   0x00000062   Code   RO          822    .text.USART1_DMA_RX_Init  usart.o
    0x080019ba   0x080019ba   0x00000002   PAD
    0x080019bc   0x080019bc   0x0000006c   Code   RO          802    .text.USART1_DMA_TX_Init  usart.o
    0x08001a28   0x08001a28   0x000000f8   Code   RO          772    .text.USART1_UART_Init  usart.o
    0x08001b20   0x08001b20   0x00000062   Code   RO          846    .text.USART3_DMA_RX_Init  usart.o
    0x08001b82   0x08001b82   0x00000002   PAD
    0x08001b84   0x08001b84   0x0000006e   Code   RO          844    .text.USART3_DMA_TX_Init  usart.o
    0x08001bf2   0x08001bf2   0x00000002   PAD
    0x08001bf4   0x08001bf4   0x000000fc   Code   RO          798    .text.USART3_UART_Init  usart.o
    0x08001cf0   0x08001cf0   0x000000c8   Code   RO          428    .text.UTILS_EnablePLLAndSwitchSystem  stm32g4xx_ll_utils.o
    0x08001db8   0x08001db8   0x0000003e   Code   RO          420    .text.UTILS_GetPLLOutputFrequency  stm32g4xx_ll_utils.o
    0x08001df6   0x08001df6   0x00000002   PAD
    0x08001df8   0x08001df8   0x00000022   Code   RO          418    .text.UTILS_PLL_IsBusy  stm32g4xx_ll_utils.o
    0x08001e1a   0x08001e1a   0x00000002   PAD
    0x08001e1c   0x08001e1c   0x00000074   Code   RO          876    .text.main          main.o
    0x08001e90   0x08001e90   0x0000001a   Code   RO          987    x$fpl$fpinit        fz_wm.l(fpinit.o)
    0x08001eaa   0x08001eaa   0x00000010   Data   RO           16    .rodata.AHBPrescTable  system_stm32g4xx.o
    0x08001eba   0x08001eba   0x00000008   Data   RO           17    .rodata.APBPrescTable  system_stm32g4xx.o
    0x08001ec2   0x08001ec2   0x00000008   Data   RO          868    .rodata.CHANNEL_OFFSET_TAB  usart.o
    0x08001eca   0x08001eca   0x00000002   PAD
    0x08001ecc   0x08001ecc   0x00000030   Data   RO          390    .rodata.USART_PRESCALER_TAB  stm32g4xx_ll_usart.o
    0x08001efc   0x08001efc   0x00000020   Data   RO         1062    Region$$Table       anon$$obj.o


    Execution Region ER_RW (Exec base: 0x20000000, Load base: 0x08001f1c, Size: 0x0000000c, Max: 0xffffffff, ABSOLUTE)

    Exec Addr    Load Addr    Size         Type   Attr      Idx    E Section Name        Object

    0x20000000   0x08001f1c   0x00000004   Data   RW           15    .data.SystemCoreClock  system_stm32g4xx.o
    0x20000004   0x08001f20   0x00000003   Data   RW          878    .data.tx_msg_U1     main.o
    0x20000007   0x08001f23   0x00000003   Data   RW          880    .data.tx_msg_U3     main.o


    Execution Region ER_ZI (Exec base: 0x20000010, Load base: 0x08001f28, Size: 0x00000688, Max: 0xffffffff, ABSOLUTE)

    Exec Addr    Load Addr    Size         Type   Attr      Idx    E Section Name        Object

    0x20000010        -       0x00000060   Zero   RW          927    .bss                c_w.l(libspace.o)
    0x20000070        -       0x00000014   Zero   RW          883    .bss.rx_buffer_U1   main.o
    0x20000084        -       0x00000014   Zero   RW          884    .bss.rx_buffer_U3   main.o
    0x20000098        -       0x00000200   Zero   RW            2    HEAP                startup_stm32g474xx.o
    0x20000298        -       0x00000400   Zero   RW            1    STACK               startup_stm32g474xx.o


==============================================================================

Image component sizes


      Code (inc. data)   RO Data    RW Data    ZI Data      Debug   Object Name

       186          0          0          0          0       4010   clock_system.o
       116          0          0          6         40        994   main.o
        64         26        472          0       1536        976   startup_stm32g474xx.o
       874          0          0          0          0       5166   stm32g4xx_ll_gpio.o
      1198         18          0          0          0      11073   stm32g4xx_ll_rcc.o
       556          0         48          0          0       5254   stm32g4xx_ll_usart.o
      1532          0          0          0          0       8229   stm32g4xx_ll_utils.o
        18          0         24          4          0       2810   system_stm32g4xx.o
      2390          0          8          0          0      10818   usart.o

    ----------------------------------------------------------------------
      7024         44        586         12       1576      49330   Object Totals
         0          0         32          0          0          0   (incl. Generated)
        90          0          2          2          0          0   (incl. Padding)

    ----------------------------------------------------------------------

      Code (inc. data)   RO Data    RW Data    ZI Data      Debug   Library Member Name

         8          0          0          0          0         68   __main.o
         0          0          0          0          0          0   __rtentry.o
        12          0          0          0          0          0   __rtentry2.o
         6          0          0          0          0          0   __rtentry4.o
        94          8          0          0          0          0   __scatter.o
        26          0          0          0          0          0   __scatter_copy.o
        28          0          0          0          0          0   __scatter_zi.o
        18          0          0          0          0         80   exit.o
         6          0          0          0          0        152   heapauxi.o
         0          0          0          0          0          0   indicate_semi.o
         2          0          0          0          0          0   libinit.o
         6          0          0          0          0          0   libinit2.o
         2          0          0          0          0          0   libshutdown.o
         2          0          0          0          0          0   libshutdown2.o
         8          4          0          0         96         68   libspace.o
         2          0          0          0          0          0   rtexit.o
        10          0          0          0          0          0   rtexit2.o
        12          4          0          0          0         68   sys_exit.o
        74          0          0          0          0         80   sys_stackheap_outer.o
         2          0          0          0          0         68   use_no_semi.o
        26          0          0          0          0        116   fpinit.o

    ----------------------------------------------------------------------
       354         16          0          0         96        700   Library Totals
        10          0          0          0          0          0   (incl. Padding)

    ----------------------------------------------------------------------

      Code (inc. data)   RO Data    RW Data    ZI Data      Debug   Library Name

       318         16          0          0         96        584   c_w.l
        26          0          0          0          0        116   fz_wm.l

    ----------------------------------------------------------------------
       354         16          0          0         96        700   Library Totals

    ----------------------------------------------------------------------

==============================================================================


      Code (inc. data)   RO Data    RW Data    ZI Data      Debug   

      7378         60        586         12       1672      49802   Grand Totals
      7378         60        586         12       1672      49802   ELF Image Totals
      7378         60        586         12          0          0   ROM Totals

==============================================================================

    Total RO  Size (Code + RO Data)                 7964 (   7.78kB)
    Total RW  Size (RW Data + ZI Data)              1684 (   1.64kB)
    Total ROM Size (Code + RO Data + RW Data)       7976 (   7.79kB)

==============================================================================

