Component: Arm Compiler for Embedded 6.24 Tool: armlink [5f371500]

==============================================================================

Section Cross References

    system_stm32g4xx.o(.ARM.exidx.text.SystemInit) refers to system_stm32g4xx.o(.text.SystemInit) for [Anonymous Symbol]
    system_stm32g4xx.o(.text.SystemCoreClockUpdate) refers to system_stm32g4xx.o(.data.SystemCoreClock) for SystemCoreClock
    system_stm32g4xx.o(.text.SystemCoreClockUpdate) refers to system_stm32g4xx.o(.rodata.AHBPrescTable) for AHBPrescTable
    system_stm32g4xx.o(.ARM.exidx.text.SystemCoreClockUpdate) refers to system_stm32g4xx.o(.text.SystemCoreClockUpdate) for [Anonymous Symbol]
    startup_stm32g474xx.o(STACK) refers (Special) to heapauxi.o(.text) for __use_two_region_memory
    startup_stm32g474xx.o(HEAP) refers (Special) to heapauxi.o(.text) for __use_two_region_memory
    startup_stm32g474xx.o(RESET) refers (Special) to heapauxi.o(.text) for __use_two_region_memory
    startup_stm32g474xx.o(RESET) refers to startup_stm32g474xx.o(STACK) for __initial_sp
    startup_stm32g474xx.o(RESET) refers to startup_stm32g474xx.o(.text) for Reset_Handler
    startup_stm32g474xx.o(.text) refers (Special) to heapauxi.o(.text) for __use_two_region_memory
    startup_stm32g474xx.o(.text) refers to system_stm32g4xx.o(.text.SystemInit) for SystemInit
    startup_stm32g474xx.o(.text) refers to __main.o(!!!main) for __main
    startup_stm32g474xx.o(.text) refers to startup_stm32g474xx.o(HEAP) for Heap_Mem
    startup_stm32g474xx.o(.text) refers to startup_stm32g474xx.o(STACK) for Stack_Mem
    stm32g4xx_ll_adc.o(.text.LL_ADC_CommonDeInit) refers to stm32g4xx_ll_adc.o(.text.LL_AHB2_GRP1_ForceReset) for LL_AHB2_GRP1_ForceReset
    stm32g4xx_ll_adc.o(.text.LL_ADC_CommonDeInit) refers to stm32g4xx_ll_adc.o(.text.LL_AHB2_GRP1_ReleaseReset) for LL_AHB2_GRP1_ReleaseReset
    stm32g4xx_ll_adc.o(.ARM.exidx.text.LL_ADC_CommonDeInit) refers to stm32g4xx_ll_adc.o(.text.LL_ADC_CommonDeInit) for [Anonymous Symbol]
    stm32g4xx_ll_adc.o(.ARM.exidx.text.LL_AHB2_GRP1_ForceReset) refers to stm32g4xx_ll_adc.o(.text.LL_AHB2_GRP1_ForceReset) for [Anonymous Symbol]
    stm32g4xx_ll_adc.o(.ARM.exidx.text.LL_AHB2_GRP1_ReleaseReset) refers to stm32g4xx_ll_adc.o(.text.LL_AHB2_GRP1_ReleaseReset) for [Anonymous Symbol]
    stm32g4xx_ll_adc.o(.text.LL_ADC_CommonInit) refers to stm32g4xx_ll_adc.o(.text.LL_ADC_IsEnabled) for LL_ADC_IsEnabled
    stm32g4xx_ll_adc.o(.ARM.exidx.text.LL_ADC_CommonInit) refers to stm32g4xx_ll_adc.o(.text.LL_ADC_CommonInit) for [Anonymous Symbol]
    stm32g4xx_ll_adc.o(.ARM.exidx.text.LL_ADC_IsEnabled) refers to stm32g4xx_ll_adc.o(.text.LL_ADC_IsEnabled) for [Anonymous Symbol]
    stm32g4xx_ll_adc.o(.ARM.exidx.text.LL_ADC_CommonStructInit) refers to stm32g4xx_ll_adc.o(.text.LL_ADC_CommonStructInit) for [Anonymous Symbol]
    stm32g4xx_ll_adc.o(.text.LL_ADC_DeInit) refers to stm32g4xx_ll_adc.o(.text.LL_ADC_IsEnabled) for LL_ADC_IsEnabled
    stm32g4xx_ll_adc.o(.text.LL_ADC_DeInit) refers to stm32g4xx_ll_adc.o(.text.LL_ADC_REG_IsConversionOngoing) for LL_ADC_REG_IsConversionOngoing
    stm32g4xx_ll_adc.o(.text.LL_ADC_DeInit) refers to stm32g4xx_ll_adc.o(.text.LL_ADC_REG_IsStopConversionOngoing) for LL_ADC_REG_IsStopConversionOngoing
    stm32g4xx_ll_adc.o(.text.LL_ADC_DeInit) refers to stm32g4xx_ll_adc.o(.text.LL_ADC_REG_StopConversion) for LL_ADC_REG_StopConversion
    stm32g4xx_ll_adc.o(.text.LL_ADC_DeInit) refers to stm32g4xx_ll_adc.o(.text.LL_ADC_INJ_IsConversionOngoing) for LL_ADC_INJ_IsConversionOngoing
    stm32g4xx_ll_adc.o(.text.LL_ADC_DeInit) refers to stm32g4xx_ll_adc.o(.text.LL_ADC_INJ_IsStopConversionOngoing) for LL_ADC_INJ_IsStopConversionOngoing
    stm32g4xx_ll_adc.o(.text.LL_ADC_DeInit) refers to stm32g4xx_ll_adc.o(.text.LL_ADC_INJ_StopConversion) for LL_ADC_INJ_StopConversion
    stm32g4xx_ll_adc.o(.text.LL_ADC_DeInit) refers to stm32g4xx_ll_adc.o(.text.LL_ADC_INJ_SetQueueMode) for LL_ADC_INJ_SetQueueMode
    stm32g4xx_ll_adc.o(.text.LL_ADC_DeInit) refers to stm32g4xx_ll_adc.o(.text.LL_ADC_Disable) for LL_ADC_Disable
    stm32g4xx_ll_adc.o(.text.LL_ADC_DeInit) refers to stm32g4xx_ll_adc.o(.text.LL_ADC_IsDisableOngoing) for LL_ADC_IsDisableOngoing
    stm32g4xx_ll_adc.o(.ARM.exidx.text.LL_ADC_DeInit) refers to stm32g4xx_ll_adc.o(.text.LL_ADC_DeInit) for [Anonymous Symbol]
    stm32g4xx_ll_adc.o(.ARM.exidx.text.LL_ADC_REG_IsConversionOngoing) refers to stm32g4xx_ll_adc.o(.text.LL_ADC_REG_IsConversionOngoing) for [Anonymous Symbol]
    stm32g4xx_ll_adc.o(.ARM.exidx.text.LL_ADC_REG_IsStopConversionOngoing) refers to stm32g4xx_ll_adc.o(.text.LL_ADC_REG_IsStopConversionOngoing) for [Anonymous Symbol]
    stm32g4xx_ll_adc.o(.ARM.exidx.text.LL_ADC_REG_StopConversion) refers to stm32g4xx_ll_adc.o(.text.LL_ADC_REG_StopConversion) for [Anonymous Symbol]
    stm32g4xx_ll_adc.o(.ARM.exidx.text.LL_ADC_INJ_IsConversionOngoing) refers to stm32g4xx_ll_adc.o(.text.LL_ADC_INJ_IsConversionOngoing) for [Anonymous Symbol]
[...]
    Removing stm32g4xx_ll_tim.o(.text.OC2Config), (294 bytes).
    Removing stm32g4xx_ll_tim.o(.ARM.exidx.text.OC2Config), (8 bytes).
    Removing stm32g4xx_ll_tim.o(.text.OC3Config), (292 bytes).
    Removing stm32g4xx_ll_tim.o(.ARM.exidx.text.OC3Config), (8 bytes).
    Removing stm32g4xx_ll_tim.o(.text.OC4Config), (294 bytes).
    Removing stm32g4xx_ll_tim.o(.ARM.exidx.text.OC4Config), (8 bytes).
    Removing stm32g4xx_ll_tim.o(.text.OC5Config), (228 bytes).
    Removing stm32g4xx_ll_tim.o(.ARM.exidx.text.OC5Config), (8 bytes).
    Removing stm32g4xx_ll_tim.o(.text.OC6Config), (230 bytes).
    Removing stm32g4xx_ll_tim.o(.ARM.exidx.text.OC6Config), (8 bytes).
    Removing stm32g4xx_ll_tim.o(.text.LL_TIM_IC_StructInit), (30 bytes).
    Removing stm32g4xx_ll_tim.o(.ARM.exidx.text.LL_TIM_IC_StructInit), (8 bytes).
    Removing stm32g4xx_ll_tim.o(.text.LL_TIM_IC_Init), (120 bytes).
    Removing stm32g4xx_ll_tim.o(.ARM.exidx.text.LL_TIM_IC_Init), (8 bytes).
    Removing stm32g4xx_ll_tim.o(.text.IC1Config), (72 bytes).
    Removing stm32g4xx_ll_tim.o(.ARM.exidx.text.IC1Config), (8 bytes).
    Removing stm32g4xx_ll_tim.o(.text.IC2Config), (74 bytes).
    Removing stm32g4xx_ll_tim.o(.ARM.exidx.text.IC2Config), (8 bytes).
    Removing stm32g4xx_ll_tim.o(.text.IC3Config), (74 bytes).
    Removing stm32g4xx_ll_tim.o(.ARM.exidx.text.IC3Config), (8 bytes).
    Removing stm32g4xx_ll_tim.o(.text.IC4Config), (74 bytes).
    Removing stm32g4xx_ll_tim.o(.ARM.exidx.text.IC4Config), (8 bytes).
    Removing stm32g4xx_ll_tim.o(.text.LL_TIM_ENCODER_StructInit), (52 bytes).
    Removing stm32g4xx_ll_tim.o(.ARM.exidx.text.LL_TIM_ENCODER_StructInit), (8 bytes).
    Removing stm32g4xx_ll_tim.o(.text.LL_TIM_ENCODER_Init), (178 bytes).
    Removing stm32g4xx_ll_tim.o(.ARM.exidx.text.LL_TIM_ENCODER_Init), (8 bytes).
    Removing stm32g4xx_ll_tim.o(.text.LL_TIM_SetEncoderMode), (32 bytes).
    Removing stm32g4xx_ll_tim.o(.ARM.exidx.text.LL_TIM_SetEncoderMode), (8 bytes).
    Removing stm32g4xx_ll_tim.o(.text.LL_TIM_HALLSENSOR_StructInit), (26 bytes).
    Removing stm32g4xx_ll_tim.o(.ARM.exidx.text.LL_TIM_HALLSENSOR_StructInit), (8 bytes).
    Removing stm32g4xx_ll_tim.o(.text.LL_TIM_HALLSENSOR_Init), (212 bytes).
    Removing stm32g4xx_ll_tim.o(.ARM.exidx.text.LL_TIM_HALLSENSOR_Init), (8 bytes).
    Removing stm32g4xx_ll_tim.o(.text.LL_TIM_OC_SetCompareCH2), (16 bytes).
    Removing stm32g4xx_ll_tim.o(.ARM.exidx.text.LL_TIM_OC_SetCompareCH2), (8 bytes).
    Removing stm32g4xx_ll_tim.o(.text.LL_TIM_BDTR_StructInit), (62 bytes).
    Removing stm32g4xx_ll_tim.o(.ARM.exidx.text.LL_TIM_BDTR_StructInit), (8 bytes).
    Removing stm32g4xx_ll_tim.o(.text.LL_TIM_BDTR_Init), (248 bytes).
    Removing stm32g4xx_ll_tim.o(.ARM.exidx.text.LL_TIM_BDTR_Init), (8 bytes).
    Removing stm32g4xx_ll_tim.o(.text.LL_TIM_OC_SetCompareCH1), (16 bytes).
    Removing stm32g4xx_ll_tim.o(.ARM.exidx.text.LL_TIM_OC_SetCompareCH1), (8 bytes).
    Removing stm32g4xx_ll_tim.o(.text.LL_TIM_OC_SetCompareCH3), (16 bytes).
    Removing stm32g4xx_ll_tim.o(.ARM.exidx.text.LL_TIM_OC_SetCompareCH3), (8 bytes).
    Removing stm32g4xx_ll_tim.o(.text.LL_TIM_OC_SetCompareCH4), (16 bytes).
    Removing stm32g4xx_ll_tim.o(.ARM.exidx.text.LL_TIM_OC_SetCompareCH4), (8 bytes).
    Removing stm32g4xx_ll_tim.o(.text.LL_TIM_OC_SetCompareCH5), (20 bytes).
    Removing stm32g4xx_ll_tim.o(.ARM.exidx.text.LL_TIM_OC_SetCompareCH5), (8 bytes).
    Removing stm32g4xx_ll_tim.o(.text.LL_TIM_OC_SetCompareCH6), (16 bytes).
    Removing stm32g4xx_ll_tim.o(.ARM.exidx.text.LL_TIM_OC_SetCompareCH6), (8 bytes).
    Removing stm32g4xx_ll_usart.o(.text), (0 bytes).
    Removing stm32g4xx_ll_usart.o(.text.LL_USART_DeInit), (206 bytes).
    Removing stm32g4xx_ll_usart.o(.ARM.exidx.text.LL_USART_DeInit), (8 bytes).
    Removing stm32g4xx_ll_usart.o(.text.LL_APB2_GRP1_ForceReset), (24 bytes).
    Removing stm32g4xx_ll_usart.o(.ARM.exidx.text.LL_APB2_GRP1_ForceReset), (8 bytes).
    Removing stm32g4xx_ll_usart.o(.text.LL_APB2_GRP1_ReleaseReset), (24 bytes).
    Removing stm32g4xx_ll_usart.o(.ARM.exidx.text.LL_APB2_GRP1_ReleaseReset), (8 bytes).
    Removing stm32g4xx_ll_usart.o(.text.LL_APB1_GRP1_ForceReset), (24 bytes).
    Removing stm32g4xx_ll_usart.o(.ARM.exidx.text.LL_APB1_GRP1_ForceReset), (8 bytes).
    Removing stm32g4xx_ll_usart.o(.text.LL_APB1_GRP1_ReleaseReset), (24 bytes).
    Removing stm32g4xx_ll_usart.o(.ARM.exidx.text.LL_APB1_GRP1_ReleaseReset), (8 bytes).
    Removing stm32g4xx_ll_usart.o(.text.LL_USART_Init), (300 bytes).
    Removing stm32g4xx_ll_usart.o(.ARM.exidx.text.LL_USART_Init), (8 bytes).
    Removing stm32g4xx_ll_usart.o(.text.LL_USART_IsEnabled), (16 bytes).
    Removing stm32g4xx_ll_usart.o(.ARM.exidx.text.LL_USART_IsEnabled), (8 bytes).
    Removing stm32g4xx_ll_usart.o(.text.LL_USART_SetStopBitsLength), (26 bytes).
    Removing stm32g4xx_ll_usart.o(.ARM.exidx.text.LL_USART_SetStopBitsLength), (8 bytes).
    Removing stm32g4xx_ll_usart.o(.text.LL_USART_SetHWFlowCtrl), (26 bytes).
    Removing stm32g4xx_ll_usart.o(.ARM.exidx.text.LL_USART_SetHWFlowCtrl), (8 bytes).
    Removing stm32g4xx_ll_usart.o(.text.LL_USART_SetBaudRate), (160 bytes).
    Removing stm32g4xx_ll_usart.o(.ARM.exidx.text.LL_USART_SetBaudRate), (8 bytes).
    Removing stm32g4xx_ll_usart.o(.text.LL_USART_SetPrescaler), (28 bytes).
    Removing stm32g4xx_ll_usart.o(.ARM.exidx.text.LL_USART_SetPrescaler), (8 bytes).
    Removing stm32g4xx_ll_usart.o(.text.LL_USART_StructInit), (48 bytes).
    Removing stm32g4xx_ll_usart.o(.ARM.exidx.text.LL_USART_StructInit), (8 bytes).
    Removing stm32g4xx_ll_usart.o(.text.LL_USART_ClockInit), (76 bytes).
    Removing stm32g4xx_ll_usart.o(.ARM.exidx.text.LL_USART_ClockInit), (8 bytes).
    Removing stm32g4xx_ll_usart.o(.text.LL_USART_ClockStructInit), (26 bytes).
    Removing stm32g4xx_ll_usart.o(.ARM.exidx.text.LL_USART_ClockStructInit), (8 bytes).
    Removing stm32g4xx_ll_usart.o(.rodata.USART_PRESCALER_TAB), (48 bytes).
    Removing stm32g4xx_ll_utils.o(.text), (0 bytes).
    Removing stm32g4xx_ll_utils.o(.ARM.exidx.text.LL_Init1msTick), (8 bytes).
    Removing stm32g4xx_ll_utils.o(.ARM.exidx.text.LL_InitTick), (8 bytes).
    Removing stm32g4xx_ll_utils.o(.ARM.exidx.text.LL_mDelay), (8 bytes).
    Removing stm32g4xx_ll_utils.o(.ARM.exidx.text.LL_SetSystemCoreClock), (8 bytes).
    Removing stm32g4xx_ll_utils.o(.ARM.exidx.text.LL_SetFlashLatency), (8 bytes).
    Removing stm32g4xx_ll_utils.o(.ARM.exidx.text.LL_PWR_GetRegulVoltageScaling), (8 bytes).
    Removing stm32g4xx_ll_utils.o(.ARM.exidx.text.LL_PWR_IsEnabledRange1BoostMode), (8 bytes).
    Removing stm32g4xx_ll_utils.o(.ARM.exidx.text.LL_FLASH_SetLatency), (8 bytes).
    Removing stm32g4xx_ll_utils.o(.ARM.exidx.text.LL_FLASH_GetLatency), (8 bytes).
    Removing stm32g4xx_ll_utils.o(.text.LL_PLL_ConfigSystemClock_HSI), (204 bytes).
    Removing stm32g4xx_ll_utils.o(.ARM.exidx.text.LL_PLL_ConfigSystemClock_HSI), (8 bytes).
    Removing stm32g4xx_ll_utils.o(.ARM.exidx.text.UTILS_PLL_IsBusy), (8 bytes).
    Removing stm32g4xx_ll_utils.o(.ARM.exidx.text.UTILS_GetPLLOutputFrequency), (8 bytes).
    Removing stm32g4xx_ll_utils.o(.text.LL_RCC_HSI_IsReady), (16 bytes).
    Removing stm32g4xx_ll_utils.o(.ARM.exidx.text.LL_RCC_HSI_IsReady), (8 bytes).
    Removing stm32g4xx_ll_utils.o(.text.LL_RCC_HSI_Enable), (18 bytes).
    Removing stm32g4xx_ll_utils.o(.ARM.exidx.text.LL_RCC_HSI_Enable), (8 bytes).
    Removing stm32g4xx_ll_utils.o(.ARM.exidx.text.LL_RCC_PLL_ConfigDomain_SYS), (8 bytes).
    Removing stm32g4xx_ll_utils.o(.ARM.exidx.text.UTILS_EnablePLLAndSwitchSystem), (8 bytes).
    Removing stm32g4xx_ll_utils.o(.ARM.exidx.text.LL_RCC_SetAHBPrescaler), (8 bytes).
    Removing stm32g4xx_ll_utils.o(.ARM.exidx.text.LL_PLL_ConfigSystemClock_HSE), (8 bytes).
    Removing stm32g4xx_ll_utils.o(.ARM.exidx.text.LL_RCC_HSE_IsReady), (8 bytes).
    Removing stm32g4xx_ll_utils.o(.ARM.exidx.text.LL_RCC_HSE_EnableBypass), (8 bytes).
    Removing stm32g4xx_ll_utils.o(.ARM.exidx.text.LL_RCC_HSE_DisableBypass), (8 bytes).
    Removing stm32g4xx_ll_utils.o(.ARM.exidx.text.LL_RCC_HSE_Enable), (8 bytes).
    Removing stm32g4xx_ll_utils.o(.ARM.exidx.text.LL_RCC_PLL_IsReady), (8 bytes).
    Removing stm32g4xx_ll_utils.o(.ARM.exidx.text.LL_RCC_PLL_Enable), (8 bytes).
    Removing stm32g4xx_ll_utils.o(.ARM.exidx.text.LL_RCC_PLL_EnableDomain_SYS), (8 bytes).
    Removing stm32g4xx_ll_utils.o(.ARM.exidx.text.LL_RCC_SetSysClkSource), (8 bytes).
    Removing stm32g4xx_ll_utils.o(.ARM.exidx.text.LL_RCC_GetSysClkSource), (8 bytes).
    Removing stm32g4xx_ll_utils.o(.ARM.exidx.text.LL_RCC_SetAPB1Prescaler), (8 bytes).
    Removing stm32g4xx_ll_utils.o(.ARM.exidx.text.LL_RCC_SetAPB2Prescaler), (8 bytes).
    Removing clock_system.o(.text), (0 bytes).
    Removing clock_system.o(.ARM.exidx.text.Clock_system), (8 bytes).
    Removing clock_system.o(.ARM.exidx.text.LL_FLASH_EnablePrefetch), (8 bytes).
    Removing clock_system.o(.ARM.exidx.text.LL_FLASH_EnableInstCache), (8 bytes).
    Removing clock_system.o(.ARM.exidx.text.LL_FLASH_EnableDataCache), (8 bytes).
    Removing clock_system.o(.ARM.exidx.text.LL_RCC_HSE_Enable), (8 bytes).
    Removing clock_system.o(.ARM.exidx.text.LL_RCC_HSE_IsReady), (8 bytes).
    Removing clock_system.o(.rodata..L__const.Clock_system.PLLInitStruct), (12 bytes).
    Removing clock_system.o(.rodata..L__const.Clock_system.ClkInitStruct), (12 bytes).
    Removing adc.o(.text), (0 bytes).
    Removing adc.o(.text.ADC2_PIN_Init), (48 bytes).
    Removing adc.o(.ARM.exidx.text.ADC2_PIN_Init), (8 bytes).
    Removing adc.o(.text.LL_AHB2_GRP1_EnableClock), (34 bytes).
    Removing adc.o(.ARM.exidx.text.LL_AHB2_GRP1_EnableClock), (8 bytes).
    Removing adc.o(.text.ADC2_DMA_Init), (112 bytes).
    Removing adc.o(.ARM.exidx.text.ADC2_DMA_Init), (8 bytes).
    Removing adc.o(.text.LL_AHB1_GRP1_EnableClock), (34 bytes).
    Removing adc.o(.ARM.exidx.text.LL_AHB1_GRP1_EnableClock), (8 bytes).
    Removing adc.o(.text.LL_DMA_SetPeriphRequest), (72 bytes).
    Removing adc.o(.ARM.exidx.text.LL_DMA_SetPeriphRequest), (8 bytes).
    Removing adc.o(.text.LL_DMA_SetDataTransferDirection), (50 bytes).
    Removing adc.o(.ARM.exidx.text.LL_DMA_SetDataTransferDirection), (8 bytes).
    Removing adc.o(.text.LL_DMA_SetChannelPriorityLevel), (48 bytes).
    Removing adc.o(.ARM.exidx.text.LL_DMA_SetChannelPriorityLevel), (8 bytes).
    Removing adc.o(.text.LL_DMA_SetMode), (48 bytes).
    Removing adc.o(.ARM.exidx.text.LL_DMA_SetMode), (8 bytes).
    Removing adc.o(.text.LL_DMA_SetPeriphIncMode), (48 bytes).
    Removing adc.o(.ARM.exidx.text.LL_DMA_SetPeriphIncMode), (8 bytes).
    Removing adc.o(.text.LL_DMA_SetMemoryIncMode), (48 bytes).
    Removing adc.o(.ARM.exidx.text.LL_DMA_SetMemoryIncMode), (8 bytes).
    Removing adc.o(.text.LL_DMA_SetPeriphSize), (48 bytes).
    Removing adc.o(.ARM.exidx.text.LL_DMA_SetPeriphSize), (8 bytes).
    Removing adc.o(.text.LL_DMA_SetMemorySize), (48 bytes).
    Removing adc.o(.ARM.exidx.text.LL_DMA_SetMemorySize), (8 bytes).
    Removing adc.o(.text.ADC2_Init), (454 bytes).
    Removing adc.o(.ARM.exidx.text.ADC2_Init), (8 bytes).
    Removing adc.o(.text.LL_RCC_SetADCClockSource), (44 bytes).
    Removing adc.o(.ARM.exidx.text.LL_RCC_SetADCClockSource), (8 bytes).
    Removing adc.o(.text.LL_ADC_DisableDeepPowerDown), (24 bytes).
    Removing adc.o(.ARM.exidx.text.LL_ADC_DisableDeepPowerDown), (8 bytes).
    Removing adc.o(.text.LL_ADC_EnableInternalRegulator), (30 bytes).
    Removing adc.o(.ARM.exidx.text.LL_ADC_EnableInternalRegulator), (8 bytes).
    Removing adc.o(.text.LL_ADC_SetGainCompensation), (56 bytes).
    Removing adc.o(.ARM.exidx.text.LL_ADC_SetGainCompensation), (8 bytes).
    Removing adc.o(.text.LL_ADC_REG_SetDMATransfer), (26 bytes).
    Removing adc.o(.ARM.exidx.text.LL_ADC_REG_SetDMATransfer), (8 bytes).
    Removing adc.o(.text.LL_ADC_REG_SetTriggerEdge), (26 bytes).
    Removing adc.o(.ARM.exidx.text.LL_ADC_REG_SetTriggerEdge), (8 bytes).
    Removing adc.o(.text.LL_ADC_REG_SetSequencerRanks), (58 bytes).
    Removing adc.o(.ARM.exidx.text.LL_ADC_REG_SetSequencerRanks), (8 bytes).
    Removing adc.o(.text.LL_ADC_SetChannelSamplingTime), (54 bytes).
    Removing adc.o(.ARM.exidx.text.LL_ADC_SetChannelSamplingTime), (8 bytes).
    Removing adc.o(.text.LL_ADC_SetChannelSingleDiff), (52 bytes).
    Removing adc.o(.ARM.exidx.text.LL_ADC_SetChannelSingleDiff), (8 bytes).
    Removing adc.o(.text.LL_ADC_ConfigOverSamplingRatioShift), (32 bytes).
    Removing adc.o(.ARM.exidx.text.LL_ADC_ConfigOverSamplingRatioShift), (8 bytes).
    Removing adc.o(.text.LL_ADC_SetOverSamplingScope), (28 bytes).
    Removing adc.o(.ARM.exidx.text.LL_ADC_SetOverSamplingScope), (8 bytes).
    Removing adc.o(.text.LL_ADC_SetOverSamplingDiscont), (26 bytes).
    Removing adc.o(.ARM.exidx.text.LL_ADC_SetOverSamplingDiscont), (8 bytes).
    Removing adc.o(.text.LL_ADC_StartCalibration), (40 bytes).
    Removing adc.o(.ARM.exidx.text.LL_ADC_StartCalibration), (8 bytes).
    Removing adc.o(.text.LL_ADC_IsCalibrationOnGoing), (14 bytes).
    Removing adc.o(.ARM.exidx.text.LL_ADC_IsCalibrationOnGoing), (8 bytes).
    Removing adc.o(.text.LL_ADC_SetAnalogWDMonitChannels), (68 bytes).
    Removing adc.o(.ARM.exidx.text.LL_ADC_SetAnalogWDMonitChannels), (8 bytes).
    Removing adc.o(.text.LL_ADC_ConfigAnalogWDThresholds), (52 bytes).
    Removing adc.o(.ARM.exidx.text.LL_ADC_ConfigAnalogWDThresholds), (8 bytes).
    Removing adc.o(.text.LL_ADC_SetAWDFilteringConfiguration), (28 bytes).
    Removing adc.o(.ARM.exidx.text.LL_ADC_SetAWDFilteringConfiguration), (8 bytes).
    Removing adc.o(.text.LL_ADC_EnableIT_AWD1), (18 bytes).
    Removing adc.o(.ARM.exidx.text.LL_ADC_EnableIT_AWD1), (8 bytes).
    Removing adc.o(.text.__NVIC_SetPriority), (66 bytes).
    Removing adc.o(.ARM.exidx.text.__NVIC_SetPriority), (8 bytes).
    Removing adc.o(.text.__NVIC_EnableIRQ), (48 bytes).
    Removing adc.o(.ARM.exidx.text.__NVIC_EnableIRQ), (8 bytes).
    Removing adc.o(.text.LL_ADC_ClearFlag_ADRDY), (14 bytes).
    Removing adc.o(.ARM.exidx.text.LL_ADC_ClearFlag_ADRDY), (8 bytes).
    Removing adc.o(.text.LL_ADC_Enable), (28 bytes).
    Removing adc.o(.ARM.exidx.text.LL_ADC_Enable), (8 bytes).
    Removing adc.o(.text.LL_ADC_IsActiveFlag_ADRDY), (16 bytes).
    Removing adc.o(.ARM.exidx.text.LL_ADC_IsActiveFlag_ADRDY), (8 bytes).
    Removing adc.o(.text.ADC5_PIN_Init), (50 bytes).
    Removing adc.o(.ARM.exidx.text.ADC5_PIN_Init), (8 bytes).
    Removing adc.o(.text.ADC5_Init), (318 bytes).
    Removing adc.o(.ARM.exidx.text.ADC5_Init), (8 bytes).
    Removing adc.o(.text.LL_ADC_INJ_SetTriggerEdge), (26 bytes).
    Removing adc.o(.ARM.exidx.text.LL_ADC_INJ_SetTriggerEdge), (8 bytes).
    Removing adc.o(.text.LL_ADC_INJ_SetSequencerRanks), (42 bytes).
    Removing adc.o(.ARM.exidx.text.LL_ADC_INJ_SetSequencerRanks), (8 bytes).
    Removing adc.o(.text.LL_ADC_ClearFlag_JEOS), (14 bytes).
    Removing adc.o(.ARM.exidx.text.LL_ADC_ClearFlag_JEOS), (8 bytes).
    Removing adc.o(.text.LL_ADC_EnableIT_JEOS), (18 bytes).
    Removing adc.o(.ARM.exidx.text.LL_ADC_EnableIT_JEOS), (8 bytes).
    Removing adc.o(.rodata.cst16), (48 bytes).
    Removing adc.o(.rodata..L__const.ADC2_Init.ADC_REG_InitStruct), (24 bytes).
    Removing adc.o(.rodata.CHANNEL_OFFSET_TAB), (8 bytes).
    Removing tim.o(.text), (0 bytes).
    Removing tim.o(.text.TIM2_Init), (218 bytes).
    Removing tim.o(.ARM.exidx.text.TIM2_Init), (8 bytes).
    Removing tim.o(.text.LL_AHB2_GRP1_EnableClock), (34 bytes).
    Removing tim.o(.ARM.exidx.text.LL_AHB2_GRP1_EnableClock), (8 bytes).
    Removing tim.o(.text.LL_APB1_GRP1_EnableClock), (34 bytes).
    Removing tim.o(.ARM.exidx.text.LL_APB1_GRP1_EnableClock), (8 bytes).
    Removing tim.o(.text.LL_TIM_EnableARRPreload), (18 bytes).
    Removing tim.o(.ARM.exidx.text.LL_TIM_EnableARRPreload), (8 bytes).
    Removing tim.o(.text.LL_TIM_SetClockSource), (32 bytes).
    Removing tim.o(.ARM.exidx.text.LL_TIM_SetClockSource), (8 bytes).
    Removing tim.o(.text.LL_TIM_OC_EnablePreload), (244 bytes).
    Removing tim.o(.ARM.exidx.text.LL_TIM_OC_EnablePreload), (8 bytes).
    Removing tim.o(.text.LL_TIM_OC_DisableFast), (244 bytes).
    Removing tim.o(.ARM.exidx.text.LL_TIM_OC_DisableFast), (8 bytes).
    Removing tim.o(.text.LL_TIM_SetTriggerOutput), (32 bytes).
    Removing tim.o(.ARM.exidx.text.LL_TIM_SetTriggerOutput), (8 bytes).
    Removing tim.o(.text.LL_TIM_DisableMasterSlaveMode), (18 bytes).
    Removing tim.o(.ARM.exidx.text.LL_TIM_DisableMasterSlaveMode), (8 bytes).
    Removing tim.o(.text.LL_TIM_CC_EnableChannel), (20 bytes).
    Removing tim.o(.ARM.exidx.text.LL_TIM_CC_EnableChannel), (8 bytes).
    Removing tim.o(.text.LL_TIM_EnableCounter), (18 bytes).
    Removing tim.o(.ARM.exidx.text.LL_TIM_EnableCounter), (8 bytes).
    Removing tim.o(.text.TIM3_Init), (204 bytes).
    Removing tim.o(.ARM.exidx.text.TIM3_Init), (8 bytes).
    Removing tim.o(.rodata.OFFSET_TAB_CCMRx), (10 bytes).
    Removing tim.o(.rodata.SHIFT_TAB_OCxx), (10 bytes).
    Removing spi.o(.text), (0 bytes).
    Removing spi.o(.ARM.exidx.text.SPI2_Init), (8 bytes).
    Removing spi.o(.ARM.exidx.text.LL_APB1_GRP1_EnableClock), (8 bytes).
    Removing spi.o(.ARM.exidx.text.LL_AHB2_GRP1_EnableClock), (8 bytes).
    Removing spi.o(.ARM.exidx.text.LL_GPIO_SetOutputPin), (8 bytes).
    Removing spi.o(.ARM.exidx.text.LL_SPI_SetStandard), (8 bytes).
    Removing spi.o(.ARM.exidx.text.LL_SPI_EnableNSSPulseMgt), (8 bytes).
    Removing spi.o(.ARM.exidx.text.LL_SPI_SetRxFIFOThreshold), (8 bytes).
    Removing spi.o(.ARM.exidx.text.LL_SPI_Enable), (8 bytes).
    Removing spi.o(.ARM.exidx.text.Write_W5500), (8 bytes).
    Removing spi.o(.ARM.exidx.text.LL_GPIO_ResetOutputPin), (8 bytes).
    Removing spi.o(.ARM.exidx.text.LL_SPI_TransmitData8), (8 bytes).
    Removing spi.o(.ARM.exidx.text.LL_SPI_IsActiveFlag_RXNE), (8 bytes).
    Removing spi.o(.ARM.exidx.text.LL_SPI_ReceiveData8), (8 bytes).
    Removing spi.o(.ARM.exidx.text.Read_W5500), (8 bytes).
    Removing spi.o(.ARM.exidx.text.W5500_Init), (8 bytes).
    Removing spi.o(.rodata.cst4), (8 bytes).
    Removing spi.o(.rodata.str1.1), (4 bytes).
    Removing spi.o(.rodata..L__const.W5500_Init.mac), (6 bytes).
    Removing main.o(.text), (0 bytes).
    Removing main.o(.ARM.exidx.text.W5500_TCP_Client), (8 bytes).
    Removing main.o(.ARM.exidx.text.main), (8 bytes).
    Removing main.o(.ARM.exidx.text.LL_GPIO_ResetOutputPin), (8 bytes).
    Removing main.o(.ARM.exidx.text.LL_GPIO_SetOutputPin), (8 bytes).
    Removing main.o(.bss.w5500_version), (1 bytes).
    Removing main.o(.ARM.use_no_argv), (4 bytes).

539 unused section(s) (total 19867 bytes) removed from the image.

==============================================================================

Image Symbol Table

    Local Symbols

    Symbol Name                              Value     Ov Type        Size  Object(Section)

    ../clib/angel/boardlib.s                 0x00000000   Number         0  boardinit1.o ABSOLUTE
    ../clib/angel/boardlib.s                 0x00000000   Number         0  boardinit2.o ABSOLUTE
    ../clib/angel/boardlib.s                 0x00000000   Number         0  boardinit3.o ABSOLUTE
    ../clib/angel/boardlib.s                 0x00000000   Number         0  boardshut.o ABSOLUTE
    ../clib/angel/handlers.s                 0x00000000   Number         0  __scatter_copy.o ABSOLUTE
    ../clib/angel/handlers.s                 0x00000000   Number         0  __scatter_zi.o ABSOLUTE
    ../clib/angel/kernel.s                   0x00000000   Number         0  __rtentry.o ABSOLUTE
    ../clib/angel/kernel.s                   0x00000000   Number         0  __rtentry2.o ABSOLUTE
    ../clib/angel/kernel.s                   0x00000000   Number         0  __rtentry4.o ABSOLUTE
    ../clib/angel/kernel.s                   0x00000000   Number         0  rtexit.o ABSOLUTE
    ../clib/angel/kernel.s                   0x00000000   Number         0  rtexit2.o ABSOLUTE
    ../clib/angel/rt.s                       0x00000000   Number         0  rt_raise.o ABSOLUTE
    ../clib/angel/scatter.s                  0x00000000   Number         0  __scatter.o ABSOLUTE
    ../clib/angel/startup.s                  0x00000000   Number         0  __main.o ABSOLUTE
    ../clib/angel/sys.s                      0x00000000   Number         0  sys_stackheap_outer.o ABSOLUTE
    ../clib/angel/sys.s                      0x00000000   Number         0  libspace.o ABSOLUTE
    ../clib/angel/sys.s                      0x00000000   Number         0  use_no_semi.o ABSOLUTE
    ../clib/angel/sys.s                      0x00000000   Number         0  indicate_semi.o ABSOLUTE
    ../clib/angel/sysapp.c                   0x00000000   Number         0  sys_exit.o ABSOLUTE
    ../clib/angel/sysapp.c                   0x00000000   Number         0  sys_exit_hlt.o ABSOLUTE
    ../clib/angel/sysapp.c                   0x00000000   Number         0  sys_command.o ABSOLUTE
    ../clib/angel/sysapp.c                   0x00000000   Number         0  sys_command_hlt.o ABSOLUTE
    ../clib/angel/sysapp.c                   0x00000000   Number         0  sys_wrch.o ABSOLUTE
    ../clib/angel/sysapp.c                   0x00000000   Number         0  sys_wrch_hlt.o ABSOLUTE
    ../clib/armsys.c                         0x00000000   Number         0  argv_veneer.o ABSOLUTE
    ../clib/armsys.c                         0x00000000   Number         0  argv_veneer.o ABSOLUTE
    ../clib/armsys.c                         0x00000000   Number         0  _get_argv_nomalloc.o ABSOLUTE
    ../clib/armsys.c                         0x00000000   Number         0  no_argv.o ABSOLUTE
    ../clib/heapalloc.c                      0x00000000   Number         0  hrguard.o ABSOLUTE
    ../clib/heapaux.c                        0x00000000   Number         0  heapauxi.o ABSOLUTE
    ../clib/libinit.s                        0x00000000   Number         0  libinit.o ABSOLUTE
    ../clib/libinit.s                        0x00000000   Number         0  libinit2.o ABSOLUTE
    ../clib/libinit.s                        0x00000000   Number         0  libshutdown.o ABSOLUTE
    ../clib/libinit.s                        0x00000000   Number         0  libshutdown2.o ABSOLUTE
    ../clib/memcpset.s                       0x00000000   Number         0  rt_memcpy_v6.o ABSOLUTE
    ../clib/memcpset.s                       0x00000000   Number         0  rt_memclr_w.o ABSOLUTE
    ../clib/memcpset.s                       0x00000000   Number         0  rt_memcpy_w.o ABSOLUTE
    ../clib/signal.c                         0x00000000   Number         0  defsig_rtmem_outer.o ABSOLUTE
    ../clib/signal.c                         0x00000000   Number         0  defsig_rtmem_formal.o ABSOLUTE
    ../clib/signal.c                         0x00000000   Number         0  defsig_exit.o ABSOLUTE
    ../clib/signal.c                         0x00000000   Number         0  defsig_rtmem_inner.o ABSOLUTE
    ../clib/signal.c                         0x00000000   Number         0  __raise.o ABSOLUTE
    ../clib/signal.c                         0x00000000   Number         0  defsig_general.o ABSOLUTE
    ../clib/signal.c                         0x00000000   Number         0  defsig_abrt_inner.o ABSOLUTE
    ../clib/signal.c                         0x00000000   Number         0  defsig_fpe_inner.o ABSOLUTE
    ../clib/signal.c                         0x00000000   Number         0  defsig_rtred_inner.o ABSOLUTE
    ../clib/signal.c                         0x00000000   Number         0  defsig_stak_inner.o ABSOLUTE
    ../clib/signal.c                         0x00000000   Number         0  defsig_pvfn_inner.o ABSOLUTE
    ../clib/signal.c                         0x00000000   Number         0  defsig_cppl_inner.o ABSOLUTE
    ../clib/signal.c                         0x00000000   Number         0  defsig_segv_inner.o ABSOLUTE
    ../clib/signal.c                         0x00000000   Number         0  defsig_other.o ABSOLUTE
    ../clib/signal.s                         0x00000000   Number         0  defsig.o ABSOLUTE
    ../clib/stdlib.c                         0x00000000   Number         0  exit.o ABSOLUTE
    ../fplib/fpinit.s                        0x00000000   Number         0  fpinit.o ABSOLUTE
    ../libraries/CMSIS/Device/ST/STM32G4xx/Source/Templates/arm/startup_stm32g474xx.s 0x00000000   Number         0  startup_stm32g474xx.o ABSOLUTE
    ADC.c                                    0x00000000   Number         0  adc.o ABSOLUTE
    Clock_system.c                           0x00000000   Number         0  clock_system.o ABSOLUTE
    SPI.c                                    0x00000000   Number         0  spi.o ABSOLUTE
    TIM.c                                    0x00000000   Number         0  tim.o ABSOLUTE
    dc.s                                     0x00000000   Number         0  dc.o ABSOLUTE
    main.c                                   0x00000000   Number         0  main.o ABSOLUTE
    stm32g4xx_ll_adc.c                       0x00000000   Number         0  stm32g4xx_ll_adc.o ABSOLUTE
    stm32g4xx_ll_dma.c                       0x00000000   Number         0  stm32g4xx_ll_dma.o ABSOLUTE
    stm32g4xx_ll_gpio.c                      0x00000000   Number         0  stm32g4xx_ll_gpio.o ABSOLUTE
    stm32g4xx_ll_pwr.c                       0x00000000   Number         0  stm32g4xx_ll_pwr.o ABSOLUTE
    stm32g4xx_ll_rcc.c                       0x00000000   Number         0  stm32g4xx_ll_rcc.o ABSOLUTE
    stm32g4xx_ll_spi.c                       0x00000000   Number         0  stm32g4xx_ll_spi.o ABSOLUTE
    stm32g4xx_ll_tim.c                       0x00000000   Number         0  stm32g4xx_ll_tim.o ABSOLUTE
    stm32g4xx_ll_usart.c                     0x00000000   Number         0  stm32g4xx_ll_usart.o ABSOLUTE
    stm32g4xx_ll_utils.c                     0x00000000   Number         0  stm32g4xx_ll_utils.o ABSOLUTE
    system_stm32g4xx.c                       0x00000000   Number         0  system_stm32g4xx.o ABSOLUTE
    RESET                                    0x08000000   Section      472  startup_stm32g474xx.o(RESET)
    !!!main                                  0x080001d8   Section        8  __main.o(!!!main)
    !!!scatter                               0x080001e0   Section       92  __scatter.o(!!!scatter)
    !!handler_copy                           0x0800023c   Section       26  __scatter_copy.o(!!handler_copy)
    !!handler_null                           0x08000258   Section        2  __scatter.o(!!handler_null)
    !!handler_zi                             0x0800025c   Section       28  __scatter_zi.o(!!handler_zi)
    .ARM.Collect$$libinit$$00000000          0x08000278   Section        2  libinit.o(.ARM.Collect$$libinit$$00000000)
    .ARM.Collect$$libinit$$00000001          0x0800027a   Section        4  libinit2.o(.ARM.Collect$$libinit$$00000001)
    .ARM.Collect$$libinit$$00000004          0x0800027e   Section        0  libinit2.o(.ARM.Collect$$libinit$$00000004)
    .ARM.Collect$$libinit$$00000006          0x0800027e   Section        0  libinit2.o(.ARM.Collect$$libinit$$00000006)
    .ARM.Collect$$libinit$$0000000C          0x0800027e   Section        0  libinit2.o(.ARM.Collect$$libinit$$0000000C)
    .ARM.Collect$$libinit$$0000000E          0x0800027e   Section        0  libinit2.o(.ARM.Collect$$libinit$$0000000E)
    .ARM.Collect$$libinit$$00000010          0x0800027e   Section        0  libinit2.o(.ARM.Collect$$libinit$$00000010)
    .ARM.Collect$$libinit$$00000013          0x0800027e   Section        0  libinit2.o(.ARM.Collect$$libinit$$00000013)
    .ARM.Collect$$libinit$$00000015          0x0800027e   Section        0  libinit2.o(.ARM.Collect$$libinit$$00000015)
    .ARM.Collect$$libinit$$00000017          0x0800027e   Section        0  libinit2.o(.ARM.Collect$$libinit$$00000017)
    .ARM.Collect$$libinit$$00000019          0x0800027e   Section        0  libinit2.o(.ARM.Collect$$libinit$$00000019)
    .ARM.Collect$$libinit$$0000001B          0x0800027e   Section        0  libinit2.o(.ARM.Collect$$libinit$$0000001B)
    .ARM.Collect$$libinit$$0000001D          0x0800027e   Section        0  libinit2.o(.ARM.Collect$$libinit$$0000001D)
    .ARM.Collect$$libinit$$0000001F          0x0800027e   Section        0  libinit2.o(.ARM.Collect$$libinit$$0000001F)
    .ARM.Collect$$libinit$$00000021          0x0800027e   Section        0  libinit2.o(.ARM.Collect$$libinit$$00000021)
    .ARM.Collect$$libinit$$00000023          0x0800027e   Section        0  libinit2.o(.ARM.Collect$$libinit$$00000023)
    .ARM.Collect$$libinit$$00000025          0x0800027e   Section        0  libinit2.o(.ARM.Collect$$libinit$$00000025)
    .ARM.Collect$$libinit$$00000027          0x0800027e   Section        0  libinit2.o(.ARM.Collect$$libinit$$00000027)
    .ARM.Collect$$libinit$$0000002E          0x0800027e   Section        0  libinit2.o(.ARM.Collect$$libinit$$0000002E)
    .ARM.Collect$$libinit$$00000030          0x0800027e   Section        0  libinit2.o(.ARM.Collect$$libinit$$00000030)
    .ARM.Collect$$libinit$$00000032          0x0800027e   Section        0  libinit2.o(.ARM.Collect$$libinit$$00000032)
    .ARM.Collect$$libinit$$00000034          0x0800027e   Section        0  libinit2.o(.ARM.Collect$$libinit$$00000034)
    .ARM.Collect$$libinit$$00000035          0x0800027e   Section        2  libinit2.o(.ARM.Collect$$libinit$$00000035)
    .ARM.Collect$$libshutdown$$00000000      0x08000280   Section        2  libshutdown.o(.ARM.Collect$$libshutdown$$00000000)
    .ARM.Collect$$libshutdown$$00000002      0x08000282   Section        0  libshutdown2.o(.ARM.Collect$$libshutdown$$00000002)
    .ARM.Collect$$libshutdown$$00000004      0x08000282   Section        0  libshutdown2.o(.ARM.Collect$$libshutdown$$00000004)
    .ARM.Collect$$libshutdown$$00000007      0x08000282   Section        0  libshutdown2.o(.ARM.Collect$$libshutdown$$00000007)
    .ARM.Collect$$libshutdown$$0000000A      0x08000282   Section        0  libshutdown2.o(.ARM.Collect$$libshutdown$$0000000A)
    .ARM.Collect$$libshutdown$$0000000C      0x08000282   Section        0  libshutdown2.o(.ARM.Collect$$libshutdown$$0000000C)
    .ARM.Collect$$libshutdown$$0000000F      0x08000282   Section        0  libshutdown2.o(.ARM.Collect$$libshutdown$$0000000F)
    .ARM.Collect$$libshutdown$$00000010      0x08000282   Section        2  libshutdown2.o(.ARM.Collect$$libshutdown$$00000010)
    .ARM.Collect$$rtentry$$00000000          0x08000284   Section        0  __rtentry.o(.ARM.Collect$$rtentry$$00000000)
    .ARM.Collect$$rtentry$$00000002          0x08000284   Section        0  __rtentry2.o(.ARM.Collect$$rtentry$$00000002)
    .ARM.Collect$$rtentry$$00000004          0x08000284   Section        6  __rtentry4.o(.ARM.Collect$$rtentry$$00000004)
    .ARM.Collect$$rtentry$$00000009          0x0800028a   Section        0  __rtentry2.o(.ARM.Collect$$rtentry$$00000009)
    .ARM.Collect$$rtentry$$0000000A          0x0800028a   Section        4  __rtentry2.o(.ARM.Collect$$rtentry$$0000000A)
    .ARM.Collect$$rtentry$$0000000C          0x0800028e   Section        0  __rtentry2.o(.ARM.Collect$$rtentry$$0000000C)
    .ARM.Collect$$rtentry$$0000000D          0x0800028e   Section        8  __rtentry2.o(.ARM.Collect$$rtentry$$0000000D)
    .ARM.Collect$$rtexit$$00000000           0x08000296   Section        2  rtexit.o(.ARM.Collect$$rtexit$$00000000)
    .ARM.Collect$$rtexit$$00000002           0x08000298   Section        0  rtexit2.o(.ARM.Collect$$rtexit$$00000002)
    .ARM.Collect$$rtexit$$00000003           0x08000298   Section        4  rtexit2.o(.ARM.Collect$$rtexit$$00000003)
    .ARM.Collect$$rtexit$$00000004           0x0800029c   Section        6  rtexit2.o(.ARM.Collect$$rtexit$$00000004)
    $v0                                      0x080002a4   Number         0  startup_stm32g474xx.o(.text)
    .text                                    0x080002a4   Section       64  startup_stm32g474xx.o(.text)
    .text                                    0x080002e4   Section      138  rt_memcpy_v6.o(.text)
    .text                                    0x0800036e   Section       78  rt_memclr_w.o(.text)
    .text                                    0x080003bc   Section        0  heapauxi.o(.text)
    .text                                    0x080003c2   Section      100  rt_memcpy_w.o(.text)
    .text                                    0x08000426   Section       74  sys_stackheap_outer.o(.text)
    .text                                    0x08000470   Section        0  exit.o(.text)
    .text                                    0x08000484   Section        8  libspace.o(.text)
    .text                                    0x0800048c   Section        0  sys_exit.o(.text)
    .text                                    0x08000498   Section        2  use_no_semi.o(.text)
    .text                                    0x0800049a   Section        0  indicate_semi.o(.text)
    [Anonymous Symbol]                       0x0800049c   Section        0  clock_system.o(.text.Clock_system)
    LL_AHB2_GRP1_EnableClock                 0x08000501   Thumb Code    34  spi.o(.text.LL_AHB2_GRP1_EnableClock)
    [Anonymous Symbol]                       0x08000500   Section        0  spi.o(.text.LL_AHB2_GRP1_EnableClock)
    LL_APB1_GRP1_EnableClock                 0x08000525   Thumb Code    34  spi.o(.text.LL_APB1_GRP1_EnableClock)
    [Anonymous Symbol]                       0x08000524   Section        0  spi.o(.text.LL_APB1_GRP1_EnableClock)
    LL_FLASH_EnableDataCache                 0x08000549   Thumb Code    18  clock_system.o(.text.LL_FLASH_EnableDataCache)
    [Anonymous Symbol]                       0x08000548   Section        0  clock_system.o(.text.LL_FLASH_EnableDataCache)
    LL_FLASH_EnableInstCache                 0x0800055d   Thumb Code    18  clock_system.o(.text.LL_FLASH_EnableInstCache)
    [Anonymous Symbol]                       0x0800055c   Section        0  clock_system.o(.text.LL_FLASH_EnableInstCache)
    LL_FLASH_EnablePrefetch                  0x08000571   Thumb Code    18  clock_system.o(.text.LL_FLASH_EnablePrefetch)
    [Anonymous Symbol]                       0x08000570   Section        0  clock_system.o(.text.LL_FLASH_EnablePrefetch)
    LL_FLASH_GetLatency                      0x08000585   Thumb Code    16  stm32g4xx_ll_utils.o(.text.LL_FLASH_GetLatency)
    [Anonymous Symbol]                       0x08000584   Section        0  stm32g4xx_ll_utils.o(.text.LL_FLASH_GetLatency)
    LL_FLASH_SetLatency                      0x08000595   Thumb Code    28  stm32g4xx_ll_utils.o(.text.LL_FLASH_SetLatency)
    [Anonymous Symbol]                       0x08000594   Section        0  stm32g4xx_ll_utils.o(.text.LL_FLASH_SetLatency)
    [Anonymous Symbol]                       0x080005b0   Section        0  stm32g4xx_ll_gpio.o(.text.LL_GPIO_Init)
    LL_GPIO_ResetOutputPin                   0x0800068d   Thumb Code    16  spi.o(.text.LL_GPIO_ResetOutputPin)
    [Anonymous Symbol]                       0x0800068c   Section        0  spi.o(.text.LL_GPIO_ResetOutputPin)
    LL_GPIO_ResetOutputPin                   0x0800069d   Thumb Code    16  main.o(.text.LL_GPIO_ResetOutputPin)
    [Anonymous Symbol]                       0x0800069c   Section        0  main.o(.text.LL_GPIO_ResetOutputPin)
    LL_GPIO_SetAFPin_0_7                     0x080006ad   Thumb Code   124  stm32g4xx_ll_gpio.o(.text.LL_GPIO_SetAFPin_0_7)
    [Anonymous Symbol]                       0x080006ac   Section        0  stm32g4xx_ll_gpio.o(.text.LL_GPIO_SetAFPin_0_7)
    LL_GPIO_SetAFPin_8_15                    0x08000729   Thumb Code   128  stm32g4xx_ll_gpio.o(.text.LL_GPIO_SetAFPin_8_15)
    [Anonymous Symbol]                       0x08000728   Section        0  stm32g4xx_ll_gpio.o(.text.LL_GPIO_SetAFPin_8_15)
    LL_GPIO_SetOutputPin                     0x080007a9   Thumb Code    16  spi.o(.text.LL_GPIO_SetOutputPin)
    [Anonymous Symbol]                       0x080007a8   Section        0  spi.o(.text.LL_GPIO_SetOutputPin)
    LL_GPIO_SetOutputPin                     0x080007b9   Thumb Code    16  main.o(.text.LL_GPIO_SetOutputPin)
    [Anonymous Symbol]                       0x080007b8   Section        0  main.o(.text.LL_GPIO_SetOutputPin)
    LL_GPIO_SetPinMode                       0x080007c9   Thumb Code   124  stm32g4xx_ll_gpio.o(.text.LL_GPIO_SetPinMode)
    [Anonymous Symbol]                       0x080007c8   Section        0  stm32g4xx_ll_gpio.o(.text.LL_GPIO_SetPinMode)
    LL_GPIO_SetPinOutputType                 0x08000845   Thumb Code    30  stm32g4xx_ll_gpio.o(.text.LL_GPIO_SetPinOutputType)
    [Anonymous Symbol]                       0x08000844   Section        0  stm32g4xx_ll_gpio.o(.text.LL_GPIO_SetPinOutputType)
    LL_GPIO_SetPinPull                       0x08000865   Thumb Code   124  stm32g4xx_ll_gpio.o(.text.LL_GPIO_SetPinPull)
    [Anonymous Symbol]                       0x08000864   Section        0  stm32g4xx_ll_gpio.o(.text.LL_GPIO_SetPinPull)
    LL_GPIO_SetPinSpeed                      0x080008e1   Thumb Code   124  stm32g4xx_ll_gpio.o(.text.LL_GPIO_SetPinSpeed)
    [Anonymous Symbol]                       0x080008e0   Section        0  stm32g4xx_ll_gpio.o(.text.LL_GPIO_SetPinSpeed)
    [Anonymous Symbol]                       0x0800095c   Section        0  stm32g4xx_ll_utils.o(.text.LL_Init1msTick)
    LL_InitTick                              0x08000971   Thumb Code    54  stm32g4xx_ll_utils.o(.text.LL_InitTick)
    [Anonymous Symbol]                       0x08000970   Section        0  stm32g4xx_ll_utils.o(.text.LL_InitTick)
    [Anonymous Symbol]                       0x080009a8   Section        0  stm32g4xx_ll_utils.o(.text.LL_PLL_ConfigSystemClock_HSE)
    LL_PWR_GetRegulVoltageScaling            0x08000a89   Thumb Code    16  stm32g4xx_ll_utils.o(.text.LL_PWR_GetRegulVoltageScaling)
    [Anonymous Symbol]                       0x08000a88   Section        0  stm32g4xx_ll_utils.o(.text.LL_PWR_GetRegulVoltageScaling)
    LL_PWR_IsEnabledRange1BoostMode          0x08000a99   Thumb Code    30  stm32g4xx_ll_utils.o(.text.LL_PWR_IsEnabledRange1BoostMode)
    [Anonymous Symbol]                       0x08000a98   Section        0  stm32g4xx_ll_utils.o(.text.LL_PWR_IsEnabledRange1BoostMode)
    LL_RCC_GetSysClkSource                   0x08000ab9   Thumb Code    16  stm32g4xx_ll_utils.o(.text.LL_RCC_GetSysClkSource)
    [Anonymous Symbol]                       0x08000ab8   Section        0  stm32g4xx_ll_utils.o(.text.LL_RCC_GetSysClkSource)
    LL_RCC_HSE_DisableBypass                 0x08000ac9   Thumb Code    18  stm32g4xx_ll_utils.o(.text.LL_RCC_HSE_DisableBypass)
    [Anonymous Symbol]                       0x08000ac8   Section        0  stm32g4xx_ll_utils.o(.text.LL_RCC_HSE_DisableBypass)
    LL_RCC_HSE_Enable                        0x08000add   Thumb Code    18  stm32g4xx_ll_utils.o(.text.LL_RCC_HSE_Enable)
    [Anonymous Symbol]                       0x08000adc   Section        0  stm32g4xx_ll_utils.o(.text.LL_RCC_HSE_Enable)
    LL_RCC_HSE_Enable                        0x08000af1   Thumb Code    18  clock_system.o(.text.LL_RCC_HSE_Enable)
    [Anonymous Symbol]                       0x08000af0   Section        0  clock_system.o(.text.LL_RCC_HSE_Enable)
    LL_RCC_HSE_EnableBypass                  0x08000b05   Thumb Code    18  stm32g4xx_ll_utils.o(.text.LL_RCC_HSE_EnableBypass)
    [Anonymous Symbol]                       0x08000b04   Section        0  stm32g4xx_ll_utils.o(.text.LL_RCC_HSE_EnableBypass)
    LL_RCC_HSE_IsReady                       0x08000b19   Thumb Code    16  stm32g4xx_ll_utils.o(.text.LL_RCC_HSE_IsReady)
    [Anonymous Symbol]                       0x08000b18   Section        0  stm32g4xx_ll_utils.o(.text.LL_RCC_HSE_IsReady)
    LL_RCC_HSE_IsReady                       0x08000b29   Thumb Code    16  clock_system.o(.text.LL_RCC_HSE_IsReady)
    [Anonymous Symbol]                       0x08000b28   Section        0  clock_system.o(.text.LL_RCC_HSE_IsReady)
    LL_RCC_PLL_ConfigDomain_SYS              0x08000b39   Thumb Code    54  stm32g4xx_ll_utils.o(.text.LL_RCC_PLL_ConfigDomain_SYS)
    [Anonymous Symbol]                       0x08000b38   Section        0  stm32g4xx_ll_utils.o(.text.LL_RCC_PLL_ConfigDomain_SYS)
    LL_RCC_PLL_Enable                        0x08000b71   Thumb Code    18  stm32g4xx_ll_utils.o(.text.LL_RCC_PLL_Enable)
    [Anonymous Symbol]                       0x08000b70   Section        0  stm32g4xx_ll_utils.o(.text.LL_RCC_PLL_Enable)
    LL_RCC_PLL_EnableDomain_SYS              0x08000b85   Thumb Code    18  stm32g4xx_ll_utils.o(.text.LL_RCC_PLL_EnableDomain_SYS)
    [Anonymous Symbol]                       0x08000b84   Section        0  stm32g4xx_ll_utils.o(.text.LL_RCC_PLL_EnableDomain_SYS)
    LL_RCC_PLL_IsReady                       0x08000b99   Thumb Code    16  stm32g4xx_ll_utils.o(.text.LL_RCC_PLL_IsReady)
    [Anonymous Symbol]                       0x08000b98   Section        0  stm32g4xx_ll_utils.o(.text.LL_RCC_PLL_IsReady)
    LL_RCC_SetAHBPrescaler                   0x08000ba9   Thumb Code    28  stm32g4xx_ll_utils.o(.text.LL_RCC_SetAHBPrescaler)
    [Anonymous Symbol]                       0x08000ba8   Section        0  stm32g4xx_ll_utils.o(.text.LL_RCC_SetAHBPrescaler)
    LL_RCC_SetAPB1Prescaler                  0x08000bc5   Thumb Code    28  stm32g4xx_ll_utils.o(.text.LL_RCC_SetAPB1Prescaler)
    [Anonymous Symbol]                       0x08000bc4   Section        0  stm32g4xx_ll_utils.o(.text.LL_RCC_SetAPB1Prescaler)
    LL_RCC_SetAPB2Prescaler                  0x08000be1   Thumb Code    28  stm32g4xx_ll_utils.o(.text.LL_RCC_SetAPB2Prescaler)
    [Anonymous Symbol]                       0x08000be0   Section        0  stm32g4xx_ll_utils.o(.text.LL_RCC_SetAPB2Prescaler)
    LL_RCC_SetSysClkSource                   0x08000bfd   Thumb Code    28  stm32g4xx_ll_utils.o(.text.LL_RCC_SetSysClkSource)
    [Anonymous Symbol]                       0x08000bfc   Section        0  stm32g4xx_ll_utils.o(.text.LL_RCC_SetSysClkSource)
    LL_SPI_Enable                            0x08000c19   Thumb Code    18  spi.o(.text.LL_SPI_Enable)
    [Anonymous Symbol]                       0x08000c18   Section        0  spi.o(.text.LL_SPI_Enable)
    LL_SPI_EnableNSSPulseMgt                 0x08000c2d   Thumb Code    18  spi.o(.text.LL_SPI_EnableNSSPulseMgt)
    [Anonymous Symbol]                       0x08000c2c   Section        0  spi.o(.text.LL_SPI_EnableNSSPulseMgt)
    [Anonymous Symbol]                       0x08000c40   Section        0  stm32g4xx_ll_spi.o(.text.LL_SPI_Init)
    LL_SPI_IsActiveFlag_RXNE                 0x08000cf9   Thumb Code    16  spi.o(.text.LL_SPI_IsActiveFlag_RXNE)
    [Anonymous Symbol]                       0x08000cf8   Section        0  spi.o(.text.LL_SPI_IsActiveFlag_RXNE)
    LL_SPI_IsEnabled                         0x08000d09   Thumb Code    16  stm32g4xx_ll_spi.o(.text.LL_SPI_IsEnabled)
    [Anonymous Symbol]                       0x08000d08   Section        0  stm32g4xx_ll_spi.o(.text.LL_SPI_IsEnabled)
    LL_SPI_ReceiveData8                      0x08000d19   Thumb Code    12  spi.o(.text.LL_SPI_ReceiveData8)
    [Anonymous Symbol]                       0x08000d18   Section        0  spi.o(.text.LL_SPI_ReceiveData8)
    LL_SPI_SetCRCPolynomial                  0x08000d25   Thumb Code    18  stm32g4xx_ll_spi.o(.text.LL_SPI_SetCRCPolynomial)
    [Anonymous Symbol]                       0x08000d24   Section        0  stm32g4xx_ll_spi.o(.text.LL_SPI_SetCRCPolynomial)
    LL_SPI_SetRxFIFOThreshold                0x08000d39   Thumb Code    26  stm32g4xx_ll_spi.o(.text.LL_SPI_SetRxFIFOThreshold)
    [Anonymous Symbol]                       0x08000d38   Section        0  stm32g4xx_ll_spi.o(.text.LL_SPI_SetRxFIFOThreshold)
    LL_SPI_SetRxFIFOThreshold                0x08000d55   Thumb Code    26  spi.o(.text.LL_SPI_SetRxFIFOThreshold)
    [Anonymous Symbol]                       0x08000d54   Section        0  spi.o(.text.LL_SPI_SetRxFIFOThreshold)
    LL_SPI_SetStandard                       0x08000d71   Thumb Code    26  spi.o(.text.LL_SPI_SetStandard)
    [Anonymous Symbol]                       0x08000d70   Section        0  spi.o(.text.LL_SPI_SetStandard)
    LL_SPI_TransmitData8                     0x08000d8d   Thumb Code    26  spi.o(.text.LL_SPI_TransmitData8)
    [Anonymous Symbol]                       0x08000d8c   Section        0  spi.o(.text.LL_SPI_TransmitData8)
    [Anonymous Symbol]                       0x08000da8   Section        0  stm32g4xx_ll_utils.o(.text.LL_SetFlashLatency)
    [Anonymous Symbol]                       0x08000f68   Section        0  stm32g4xx_ll_utils.o(.text.LL_SetSystemCoreClock)
    [Anonymous Symbol]                       0x08000f7c   Section        0  stm32g4xx_ll_utils.o(.text.LL_mDelay)
    [Anonymous Symbol]                       0x08000fcc   Section        0  spi.o(.text.Read_W5500)
    [Anonymous Symbol]                       0x08001100   Section        0  spi.o(.text.SPI2_Init)
    [Anonymous Symbol]                       0x08001218   Section        0  system_stm32g4xx.o(.text.SystemInit)
    UTILS_EnablePLLAndSwitchSystem           0x0800122d   Thumb Code   200  stm32g4xx_ll_utils.o(.text.UTILS_EnablePLLAndSwitchSystem)
    [Anonymous Symbol]                       0x0800122c   Section        0  stm32g4xx_ll_utils.o(.text.UTILS_EnablePLLAndSwitchSystem)
    UTILS_GetPLLOutputFrequency              0x080012f5   Thumb Code    62  stm32g4xx_ll_utils.o(.text.UTILS_GetPLLOutputFrequency)
    [Anonymous Symbol]                       0x080012f4   Section        0  stm32g4xx_ll_utils.o(.text.UTILS_GetPLLOutputFrequency)
    UTILS_PLL_IsBusy                         0x08001335   Thumb Code    34  stm32g4xx_ll_utils.o(.text.UTILS_PLL_IsBusy)
    [Anonymous Symbol]                       0x08001334   Section        0  stm32g4xx_ll_utils.o(.text.UTILS_PLL_IsBusy)
    [Anonymous Symbol]                       0x08001358   Section        0  spi.o(.text.W5500_Init)
    [Anonymous Symbol]                       0x08001400   Section        0  main.o(.text.W5500_TCP_Client)
    [Anonymous Symbol]                       0x080015b0   Section        0  spi.o(.text.Write_W5500)
    [Anonymous Symbol]                       0x080016c4   Section        0  main.o(.text.main)
    $v0                                      0x08001726   Number         0  fpinit.o(x$fpl$fpinit)
    x$fpl$fpinit                             0x08001726   Section       26  fpinit.o(x$fpl$fpinit)
    .L__const.W5500_TCP_Client.tx_buffer     0x08001740   Data          30  main.o(.rodata..L__const.W5500_TCP_Client.tx_buffer)
    .bss                                     0x20000008   Section       96  libspace.o(.bss)
    Heap_Mem                                 0x20000068   Data         512  startup_stm32g474xx.o(HEAP)
    HEAP                                     0x20000068   Section      512  startup_stm32g474xx.o(HEAP)
    Stack_Mem                                0x20000268   Data        1024  startup_stm32g474xx.o(STACK)
    STACK                                    0x20000268   Section     1024  startup_stm32g474xx.o(STACK)
    __initial_sp                             0x20000668   Data           0  startup_stm32g474xx.o(STACK)

    Global Symbols

    Symbol Name                              Value     Ov Type        Size  Object(Section)

    BuildAttributes$$THM_ISAv4$E$P$D$K$B$S$7EM$VFPi3$EXTD16$VFPS$VFMA$PE$A:L22UL41UL21$X:L11$S22US41US21$IEEE1$IW$~IW$USESV6$~STKCKD$USESV7$~SHL$OSPACE$ROPI$EBA8$UX$STANDARDLIB$REQ8$PRES8$EABIv2 0x00000000   Number         0  anon$$obj.o ABSOLUTE
    __ARM_exceptions_init                     - Undefined Weak Reference
    __alloca_initialize                       - Undefined Weak Reference
    __arm_preinit_                            - Undefined Weak Reference
    __arm_relocate_pie_                       - Undefined Weak Reference
    __cpp_initialize__aeabi_                  - Undefined Weak Reference
    __cxa_finalize                            - Undefined Weak Reference
    __rt_locale                               - Undefined Weak Reference
    __sigvec_lookup                           - Undefined Weak Reference
    _atexit_init                              - Undefined Weak Reference
    _call_atexit_fns                          - Undefined Weak Reference
    _clock_init                               - Undefined Weak Reference
    _fp_trap_init                             - Undefined Weak Reference
    _fp_trap_shutdown                         - Undefined Weak Reference
    _get_lc_collate                           - Undefined Weak Reference
    _get_lc_ctype                             - Undefined Weak Reference
    _get_lc_monetary                          - Undefined Weak Reference
    _get_lc_numeric                           - Undefined Weak Reference
    _get_lc_time                              - Undefined Weak Reference
    _getenv_init                              - Undefined Weak Reference
    _handle_redirection                       - Undefined Weak Reference
    _init_alloc                               - Undefined Weak Reference
    _init_user_alloc                          - Undefined Weak Reference
    _initio                                   - Undefined Weak Reference
    _rand_init                                - Undefined Weak Reference
    _signal_finish                            - Undefined Weak Reference
    _signal_init                              - Undefined Weak Reference
    _terminate_alloc                          - Undefined Weak Reference
    _terminate_user_alloc                     - Undefined Weak Reference
    _terminateio                              - Undefined Weak Reference
    __Vectors_Size                           0x000001d8   Number         0  startup_stm32g474xx.o ABSOLUTE
    __Vectors                                0x08000000   Data           4  startup_stm32g474xx.o(RESET)
    __Vectors_End                            0x080001d8   Data           0  startup_stm32g474xx.o(RESET)
    __main                                   0x080001d9   Thumb Code     8  __main.o(!!!main)
    __scatterload                            0x080001e1   Thumb Code     0  __scatter.o(!!!scatter)
    __scatterload_rt2                        0x080001e1   Thumb Code    84  __scatter.o(!!!scatter)
    __scatterload_rt2_thumb_only             0x080001e1   Thumb Code     0  __scatter.o(!!!scatter)
    __scatterload_loop                       0x080001eb   Thumb Code     0  __scatter.o(!!!scatter)
    __scatterload_copy                       0x0800023d   Thumb Code    26  __scatter_copy.o(!!handler_copy)
    __scatterload_null                       0x08000259   Thumb Code     2  __scatter.o(!!handler_null)
    __scatterload_zeroinit                   0x0800025d   Thumb Code    28  __scatter_zi.o(!!handler_zi)
    __rt_lib_init                            0x08000279   Thumb Code     0  libinit.o(.ARM.Collect$$libinit$$00000000)
    __rt_lib_init_fp_1                       0x0800027b   Thumb Code     0  libinit2.o(.ARM.Collect$$libinit$$00000001)
    __rt_lib_init_alloca_1                   0x0800027f   Thumb Code     0  libinit2.o(.ARM.Collect$$libinit$$00000030)
    __rt_lib_init_argv_1                     0x0800027f   Thumb Code     0  libinit2.o(.ARM.Collect$$libinit$$0000002E)
    __rt_lib_init_atexit_1                   0x0800027f   Thumb Code     0  libinit2.o(.ARM.Collect$$libinit$$0000001D)
    __rt_lib_init_clock_1                    0x0800027f   Thumb Code     0  libinit2.o(.ARM.Collect$$libinit$$00000023)
    __rt_lib_init_cpp_1                      0x0800027f   Thumb Code     0  libinit2.o(.ARM.Collect$$libinit$$00000034)
    __rt_lib_init_exceptions_1               0x0800027f   Thumb Code     0  libinit2.o(.ARM.Collect$$libinit$$00000032)
    __rt_lib_init_fp_trap_1                  0x0800027f   Thumb Code     0  libinit2.o(.ARM.Collect$$libinit$$00000021)
    __rt_lib_init_getenv_1                   0x0800027f   Thumb Code     0  libinit2.o(.ARM.Collect$$libinit$$00000025)
    __rt_lib_init_heap_1                     0x0800027f   Thumb Code     0  libinit2.o(.ARM.Collect$$libinit$$0000000C)
    __rt_lib_init_lc_collate_1               0x0800027f   Thumb Code     0  libinit2.o(.ARM.Collect$$libinit$$00000013)
    __rt_lib_init_lc_ctype_1                 0x0800027f   Thumb Code     0  libinit2.o(.ARM.Collect$$libinit$$00000015)
    __rt_lib_init_lc_monetary_1              0x0800027f   Thumb Code     0  libinit2.o(.ARM.Collect$$libinit$$00000017)
    __rt_lib_init_lc_numeric_1               0x0800027f   Thumb Code     0  libinit2.o(.ARM.Collect$$libinit$$00000019)
    __rt_lib_init_lc_time_1                  0x0800027f   Thumb Code     0  libinit2.o(.ARM.Collect$$libinit$$0000001B)
    __rt_lib_init_preinit_1                  0x0800027f   Thumb Code     0  libinit2.o(.ARM.Collect$$libinit$$00000006)
    __rt_lib_init_rand_1                     0x0800027f   Thumb Code     0  libinit2.o(.ARM.Collect$$libinit$$00000010)
    __rt_lib_init_relocate_pie_1             0x0800027f   Thumb Code     0  libinit2.o(.ARM.Collect$$libinit$$00000004)
    __rt_lib_init_return                     0x0800027f   Thumb Code     0  libinit2.o(.ARM.Collect$$libinit$$00000035)
    __rt_lib_init_signal_1                   0x0800027f   Thumb Code     0  libinit2.o(.ARM.Collect$$libinit$$0000001F)
    __rt_lib_init_stdio_1                    0x0800027f   Thumb Code     0  libinit2.o(.ARM.Collect$$libinit$$00000027)
    __rt_lib_init_user_alloc_1               0x0800027f   Thumb Code     0  libinit2.o(.ARM.Collect$$libinit$$0000000E)
    __rt_lib_shutdown                        0x08000281   Thumb Code     0  libshutdown.o(.ARM.Collect$$libshutdown$$00000000)
    __rt_lib_shutdown_cpp_1                  0x08000283   Thumb Code     0  libshutdown2.o(.ARM.Collect$$libshutdown$$00000002)
    __rt_lib_shutdown_fp_trap_1              0x08000283   Thumb Code     0  libshutdown2.o(.ARM.Collect$$libshutdown$$00000007)
    __rt_lib_shutdown_heap_1                 0x08000283   Thumb Code     0  libshutdown2.o(.ARM.Collect$$libshutdown$$0000000F)
    __rt_lib_shutdown_return                 0x08000283   Thumb Code     0  libshutdown2.o(.ARM.Collect$$libshutdown$$00000010)
    __rt_lib_shutdown_signal_1               0x08000283   Thumb Code     0  libshutdown2.o(.ARM.Collect$$libshutdown$$0000000A)
    __rt_lib_shutdown_stdio_1                0x08000283   Thumb Code     0  libshutdown2.o(.ARM.Collect$$libshutdown$$00000004)
    __rt_lib_shutdown_user_alloc_1           0x08000283   Thumb Code     0  libshutdown2.o(.ARM.Collect$$libshutdown$$0000000C)
    __rt_entry                               0x08000285   Thumb Code     0  __rtentry.o(.ARM.Collect$$rtentry$$00000000)
    __rt_entry_presh_1                       0x08000285   Thumb Code     0  __rtentry2.o(.ARM.Collect$$rtentry$$00000002)
    __rt_entry_sh                            0x08000285   Thumb Code     0  __rtentry4.o(.ARM.Collect$$rtentry$$00000004)
    __rt_entry_li                            0x0800028b   Thumb Code     0  __rtentry2.o(.ARM.Collect$$rtentry$$0000000A)
    __rt_entry_postsh_1                      0x0800028b   Thumb Code     0  __rtentry2.o(.ARM.Collect$$rtentry$$00000009)
    __rt_entry_main                          0x0800028f   Thumb Code     0  __rtentry2.o(.ARM.Collect$$rtentry$$0000000D)
    __rt_entry_postli_1                      0x0800028f   Thumb Code     0  __rtentry2.o(.ARM.Collect$$rtentry$$0000000C)
    __rt_exit                                0x08000297   Thumb Code     0  rtexit.o(.ARM.Collect$$rtexit$$00000000)
    __rt_exit_ls                             0x08000299   Thumb Code     0  rtexit2.o(.ARM.Collect$$rtexit$$00000003)
    __rt_exit_prels_1                        0x08000299   Thumb Code     0  rtexit2.o(.ARM.Collect$$rtexit$$00000002)
    __rt_exit_exit                           0x0800029d   Thumb Code     0  rtexit2.o(.ARM.Collect$$rtexit$$00000004)
    Reset_Handler                            0x080002a5   Thumb Code     8  startup_stm32g474xx.o(.text)
    NMI_Handler                              0x080002ad   Thumb Code     2  startup_stm32g474xx.o(.text)
    HardFault_Handler                        0x080002af   Thumb Code     2  startup_stm32g474xx.o(.text)
    MemManage_Handler                        0x080002b1   Thumb Code     2  startup_stm32g474xx.o(.text)
    BusFault_Handler                         0x080002b3   Thumb Code     2  startup_stm32g474xx.o(.text)
    UsageFault_Handler                       0x080002b5   Thumb Code     2  startup_stm32g474xx.o(.text)
    SVC_Handler                              0x080002b7   Thumb Code     2  startup_stm32g474xx.o(.text)
    DebugMon_Handler                         0x080002b9   Thumb Code     2  startup_stm32g474xx.o(.text)
    PendSV_Handler                           0x080002bb   Thumb Code     2  startup_stm32g474xx.o(.text)
    SysTick_Handler                          0x080002bd   Thumb Code     2  startup_stm32g474xx.o(.text)
    ADC1_2_IRQHandler                        0x080002bf   Thumb Code     0  startup_stm32g474xx.o(.text)
    ADC3_IRQHandler                          0x080002bf   Thumb Code     0  startup_stm32g474xx.o(.text)
    ADC4_IRQHandler                          0x080002bf   Thumb Code     0  startup_stm32g474xx.o(.text)
    ADC5_IRQHandler                          0x080002bf   Thumb Code     0  startup_stm32g474xx.o(.text)
    COMP1_2_3_IRQHandler                     0x080002bf   Thumb Code     0  startup_stm32g474xx.o(.text)
    COMP4_5_6_IRQHandler                     0x080002bf   Thumb Code     0  startup_stm32g474xx.o(.text)
    COMP7_IRQHandler                         0x080002bf   Thumb Code     0  startup_stm32g474xx.o(.text)
    CORDIC_IRQHandler                        0x080002bf   Thumb Code     0  startup_stm32g474xx.o(.text)
    CRS_IRQHandler                           0x080002bf   Thumb Code     0  startup_stm32g474xx.o(.text)
    DMA1_Channel1_IRQHandler                 0x080002bf   Thumb Code     0  startup_stm32g474xx.o(.text)
    DMA1_Channel2_IRQHandler                 0x080002bf   Thumb Code     0  startup_stm32g474xx.o(.text)
    DMA1_Channel3_IRQHandler                 0x080002bf   Thumb Code     0  startup_stm32g474xx.o(.text)
    DMA1_Channel4_IRQHandler                 0x080002bf   Thumb Code     0  startup_stm32g474xx.o(.text)
    DMA1_Channel5_IRQHandler                 0x080002bf   Thumb Code     0  startup_stm32g474xx.o(.text)
    DMA1_Channel6_IRQHandler                 0x080002bf   Thumb Code     0  startup_stm32g474xx.o(.text)
    DMA1_Channel7_IRQHandler                 0x080002bf   Thumb Code     0  startup_stm32g474xx.o(.text)
    DMA1_Channel8_IRQHandler                 0x080002bf   Thumb Code     0  startup_stm32g474xx.o(.text)
    DMA2_Channel1_IRQHandler                 0x080002bf   Thumb Code     0  startup_stm32g474xx.o(.text)
    DMA2_Channel2_IRQHandler                 0x080002bf   Thumb Code     0  startup_stm32g474xx.o(.text)
    DMA2_Channel3_IRQHandler                 0x080002bf   Thumb Code     0  startup_stm32g474xx.o(.text)
    DMA2_Channel4_IRQHandler                 0x080002bf   Thumb Code     0  startup_stm32g474xx.o(.text)
    DMA2_Channel5_IRQHandler                 0x080002bf   Thumb Code     0  startup_stm32g474xx.o(.text)
    DMA2_Channel6_IRQHandler                 0x080002bf   Thumb Code     0  startup_stm32g474xx.o(.text)
    DMA2_Channel7_IRQHandler                 0x080002bf   Thumb Code     0  startup_stm32g474xx.o(.text)
    DMA2_Channel8_IRQHandler                 0x080002bf   Thumb Code     0  startup_stm32g474xx.o(.text)
    DMAMUX_OVR_IRQHandler                    0x080002bf   Thumb Code     0  startup_stm32g474xx.o(.text)
    EXTI0_IRQHandler                         0x080002bf   Thumb Code     0  startup_stm32g474xx.o(.text)
    EXTI15_10_IRQHandler                     0x080002bf   Thumb Code     0  startup_stm32g474xx.o(.text)
    EXTI1_IRQHandler                         0x080002bf   Thumb Code     0  startup_stm32g474xx.o(.text)
    EXTI2_IRQHandler                         0x080002bf   Thumb Code     0  startup_stm32g474xx.o(.text)
    EXTI3_IRQHandler                         0x080002bf   Thumb Code     0  startup_stm32g474xx.o(.text)
    EXTI4_IRQHandler                         0x080002bf   Thumb Code     0  startup_stm32g474xx.o(.text)
    EXTI9_5_IRQHandler                       0x080002bf   Thumb Code     0  startup_stm32g474xx.o(.text)
    FDCAN1_IT0_IRQHandler                    0x080002bf   Thumb Code     0  startup_stm32g474xx.o(.text)
    FDCAN1_IT1_IRQHandler                    0x080002bf   Thumb Code     0  startup_stm32g474xx.o(.text)
    FDCAN2_IT0_IRQHandler                    0x080002bf   Thumb Code     0  startup_stm32g474xx.o(.text)
    FDCAN2_IT1_IRQHandler                    0x080002bf   Thumb Code     0  startup_stm32g474xx.o(.text)
    FDCAN3_IT0_IRQHandler                    0x080002bf   Thumb Code     0  startup_stm32g474xx.o(.text)
    FDCAN3_IT1_IRQHandler                    0x080002bf   Thumb Code     0  startup_stm32g474xx.o(.text)
    FLASH_IRQHandler                         0x080002bf   Thumb Code     0  startup_stm32g474xx.o(.text)
    FMAC_IRQHandler                          0x080002bf   Thumb Code     0  startup_stm32g474xx.o(.text)
    FMC_IRQHandler                           0x080002bf   Thumb Code     0  startup_stm32g474xx.o(.text)
    FPU_IRQHandler                           0x080002bf   Thumb Code     0  startup_stm32g474xx.o(.text)
    HRTIM1_FLT_IRQHandler                    0x080002bf   Thumb Code     0  startup_stm32g474xx.o(.text)
    HRTIM1_Master_IRQHandler                 0x080002bf   Thumb Code     0  startup_stm32g474xx.o(.text)
    HRTIM1_TIMA_IRQHandler                   0x080002bf   Thumb Code     0  startup_stm32g474xx.o(.text)
    HRTIM1_TIMB_IRQHandler                   0x080002bf   Thumb Code     0  startup_stm32g474xx.o(.text)
    HRTIM1_TIMC_IRQHandler                   0x080002bf   Thumb Code     0  startup_stm32g474xx.o(.text)
    HRTIM1_TIMD_IRQHandler                   0x080002bf   Thumb Code     0  startup_stm32g474xx.o(.text)
    HRTIM1_TIME_IRQHandler                   0x080002bf   Thumb Code     0  startup_stm32g474xx.o(.text)
    HRTIM1_TIMF_IRQHandler                   0x080002bf   Thumb Code     0  startup_stm32g474xx.o(.text)
    I2C1_ER_IRQHandler                       0x080002bf   Thumb Code     0  startup_stm32g474xx.o(.text)
    I2C1_EV_IRQHandler                       0x080002bf   Thumb Code     0  startup_stm32g474xx.o(.text)
    I2C2_ER_IRQHandler                       0x080002bf   Thumb Code     0  startup_stm32g474xx.o(.text)
    I2C2_EV_IRQHandler                       0x080002bf   Thumb Code     0  startup_stm32g474xx.o(.text)
    I2C3_ER_IRQHandler                       0x080002bf   Thumb Code     0  startup_stm32g474xx.o(.text)
    I2C3_EV_IRQHandler                       0x080002bf   Thumb Code     0  startup_stm32g474xx.o(.text)
    I2C4_ER_IRQHandler                       0x080002bf   Thumb Code     0  startup_stm32g474xx.o(.text)
    I2C4_EV_IRQHandler                       0x080002bf   Thumb Code     0  startup_stm32g474xx.o(.text)
    LPTIM1_IRQHandler                        0x080002bf   Thumb Code     0  startup_stm32g474xx.o(.text)
    LPUART1_IRQHandler                       0x080002bf   Thumb Code     0  startup_stm32g474xx.o(.text)
    PVD_PVM_IRQHandler                       0x080002bf   Thumb Code     0  startup_stm32g474xx.o(.text)
    QUADSPI_IRQHandler                       0x080002bf   Thumb Code     0  startup_stm32g474xx.o(.text)
    RCC_IRQHandler                           0x080002bf   Thumb Code     0  startup_stm32g474xx.o(.text)
    RNG_IRQHandler                           0x080002bf   Thumb Code     0  startup_stm32g474xx.o(.text)
    RTC_Alarm_IRQHandler                     0x080002bf   Thumb Code     0  startup_stm32g474xx.o(.text)
    RTC_TAMP_LSECSS_IRQHandler               0x080002bf   Thumb Code     0  startup_stm32g474xx.o(.text)
    RTC_WKUP_IRQHandler                      0x080002bf   Thumb Code     0  startup_stm32g474xx.o(.text)
    SAI1_IRQHandler                          0x080002bf   Thumb Code     0  startup_stm32g474xx.o(.text)
    SPI1_IRQHandler                          0x080002bf   Thumb Code     0  startup_stm32g474xx.o(.text)
    SPI2_IRQHandler                          0x080002bf   Thumb Code     0  startup_stm32g474xx.o(.text)
    SPI3_IRQHandler                          0x080002bf   Thumb Code     0  startup_stm32g474xx.o(.text)
    SPI4_IRQHandler                          0x080002bf   Thumb Code     0  startup_stm32g474xx.o(.text)
    TIM1_BRK_TIM15_IRQHandler                0x080002bf   Thumb Code     0  startup_stm32g474xx.o(.text)
    TIM1_CC_IRQHandler                       0x080002bf   Thumb Code     0  startup_stm32g474xx.o(.text)
    TIM1_TRG_COM_TIM17_IRQHandler            0x080002bf   Thumb Code     0  startup_stm32g474xx.o(.text)
    TIM1_UP_TIM16_IRQHandler                 0x080002bf   Thumb Code     0  startup_stm32g474xx.o(.text)
    TIM20_BRK_IRQHandler                     0x080002bf   Thumb Code     0  startup_stm32g474xx.o(.text)
    TIM20_CC_IRQHandler                      0x080002bf   Thumb Code     0  startup_stm32g474xx.o(.text)
    TIM20_TRG_COM_IRQHandler                 0x080002bf   Thumb Code     0  startup_stm32g474xx.o(.text)
    TIM20_UP_IRQHandler                      0x080002bf   Thumb Code     0  startup_stm32g474xx.o(.text)
    TIM2_IRQHandler                          0x080002bf   Thumb Code     0  startup_stm32g474xx.o(.text)
    TIM3_IRQHandler                          0x080002bf   Thumb Code     0  startup_stm32g474xx.o(.text)
    TIM4_IRQHandler                          0x080002bf   Thumb Code     0  startup_stm32g474xx.o(.text)
    TIM5_IRQHandler                          0x080002bf   Thumb Code     0  startup_stm32g474xx.o(.text)
    TIM6_DAC_IRQHandler                      0x080002bf   Thumb Code     0  startup_stm32g474xx.o(.text)
    TIM7_DAC_IRQHandler                      0x080002bf   Thumb Code     0  startup_stm32g474xx.o(.text)
    TIM8_BRK_IRQHandler                      0x080002bf   Thumb Code     0  startup_stm32g474xx.o(.text)
    TIM8_CC_IRQHandler                       0x080002bf   Thumb Code     0  startup_stm32g474xx.o(.text)
    TIM8_TRG_COM_IRQHandler                  0x080002bf   Thumb Code     0  startup_stm32g474xx.o(.text)
    TIM8_UP_IRQHandler                       0x080002bf   Thumb Code     0  startup_stm32g474xx.o(.text)
    UART4_IRQHandler                         0x080002bf   Thumb Code     0  startup_stm32g474xx.o(.text)
    UART5_IRQHandler                         0x080002bf   Thumb Code     0  startup_stm32g474xx.o(.text)
    UCPD1_IRQHandler                         0x080002bf   Thumb Code     0  startup_stm32g474xx.o(.text)
    USART1_IRQHandler                        0x080002bf   Thumb Code     0  startup_stm32g474xx.o(.text)
    USART2_IRQHandler                        0x080002bf   Thumb Code     0  startup_stm32g474xx.o(.text)
    USART3_IRQHandler                        0x080002bf   Thumb Code     0  startup_stm32g474xx.o(.text)
    USBWakeUp_IRQHandler                     0x080002bf   Thumb Code     0  startup_stm32g474xx.o(.text)
    USB_HP_IRQHandler                        0x080002bf   Thumb Code     0  startup_stm32g474xx.o(.text)
    USB_LP_IRQHandler                        0x080002bf   Thumb Code     0  startup_stm32g474xx.o(.text)
    WWDG_IRQHandler                          0x080002bf   Thumb Code     0  startup_stm32g474xx.o(.text)
    __user_initial_stackheap                 0x080002c1   Thumb Code     0  startup_stm32g474xx.o(.text)
    __aeabi_memcpy                           0x080002e5   Thumb Code     0  rt_memcpy_v6.o(.text)
    __rt_memcpy                              0x080002e5   Thumb Code   138  rt_memcpy_v6.o(.text)
    _memcpy_lastbytes                        0x0800034b   Thumb Code     0  rt_memcpy_v6.o(.text)
    __aeabi_memclr4                          0x0800036f   Thumb Code     0  rt_memclr_w.o(.text)
    __aeabi_memclr8                          0x0800036f   Thumb Code     0  rt_memclr_w.o(.text)
    __rt_memclr_w                            0x0800036f   Thumb Code     0  rt_memclr_w.o(.text)
    _memset_w                                0x08000373   Thumb Code    74  rt_memclr_w.o(.text)
    __use_two_region_memory                  0x080003bd   Thumb Code     2  heapauxi.o(.text)
    __rt_heap_escrow$2region                 0x080003bf   Thumb Code     2  heapauxi.o(.text)
    __rt_heap_expand$2region                 0x080003c1   Thumb Code     2  heapauxi.o(.text)
    __aeabi_memcpy4                          0x080003c3   Thumb Code     0  rt_memcpy_w.o(.text)
    __aeabi_memcpy8                          0x080003c3   Thumb Code     0  rt_memcpy_w.o(.text)
    __rt_memcpy_w                            0x080003c3   Thumb Code   100  rt_memcpy_w.o(.text)
    _memcpy_lastbytes_aligned                0x0800040b   Thumb Code     0  rt_memcpy_w.o(.text)
    __user_setup_stackheap                   0x08000427   Thumb Code    74  sys_stackheap_outer.o(.text)
    exit                                     0x08000471   Thumb Code    18  exit.o(.text)
    __user_libspace                          0x08000485   Thumb Code     8  libspace.o(.text)
    __user_perproc_libspace                  0x08000485   Thumb Code     0  libspace.o(.text)
    __user_perthread_libspace                0x08000485   Thumb Code     0  libspace.o(.text)
    _sys_exit                                0x0800048d   Thumb Code     8  sys_exit.o(.text)
    __I$use$semihosting                      0x08000499   Thumb Code     0  use_no_semi.o(.text)
    __use_no_semihosting_swi                 0x08000499   Thumb Code     2  use_no_semi.o(.text)
    __semihosting_library_function           0x0800049b   Thumb Code     0  indicate_semi.o(.text)
    Clock_system                             0x0800049d   Thumb Code    98  clock_system.o(.text.Clock_system)
    LL_GPIO_Init                             0x080005b1   Thumb Code   220  stm32g4xx_ll_gpio.o(.text.LL_GPIO_Init)
    LL_Init1msTick                           0x0800095d   Thumb Code    20  stm32g4xx_ll_utils.o(.text.LL_Init1msTick)
    LL_PLL_ConfigSystemClock_HSE             0x080009a9   Thumb Code   222  stm32g4xx_ll_utils.o(.text.LL_PLL_ConfigSystemClock_HSE)
    LL_SPI_Init                              0x08000c41   Thumb Code   184  stm32g4xx_ll_spi.o(.text.LL_SPI_Init)
    LL_SetFlashLatency                       0x08000da9   Thumb Code   448  stm32g4xx_ll_utils.o(.text.LL_SetFlashLatency)
    LL_SetSystemCoreClock                    0x08000f69   Thumb Code    20  stm32g4xx_ll_utils.o(.text.LL_SetSystemCoreClock)
    LL_mDelay                                0x08000f7d   Thumb Code    78  stm32g4xx_ll_utils.o(.text.LL_mDelay)
    Read_W5500                               0x08000fcd   Thumb Code   306  spi.o(.text.Read_W5500)
    SPI2_Init                                0x08001101   Thumb Code   278  spi.o(.text.SPI2_Init)
    SystemInit                               0x08001219   Thumb Code    18  system_stm32g4xx.o(.text.SystemInit)
    W5500_Init                               0x08001359   Thumb Code   166  spi.o(.text.W5500_Init)
    W5500_TCP_Client                         0x08001401   Thumb Code   432  main.o(.text.W5500_TCP_Client)
    Write_W5500                              0x080015b1   Thumb Code   274  spi.o(.text.Write_W5500)
    main                                     0x080016c5   Thumb Code    98  main.o(.text.main)
    _fp_init                                 0x08001727   Thumb Code    26  fpinit.o(x$fpl$fpinit)
    __fplib_config_fpu_vfp                   0x0800173f   Thumb Code     0  fpinit.o(x$fpl$fpinit)
    __fplib_config_pureend_doubles           0x0800173f   Thumb Code     0  fpinit.o(x$fpl$fpinit)
    AHBPrescTable                            0x0800175e   Data          16  system_stm32g4xx.o(.rodata.AHBPrescTable)
    Region$$Table$$Base                      0x08001770   Number         0  anon$$obj.o(Region$$Table)
    Region$$Table$$Limit                     0x08001790   Number         0  anon$$obj.o(Region$$Table)
    SystemCoreClock                          0x20000000   Data           4  system_stm32g4xx.o(.data.SystemCoreClock)
    __libspace_start                         0x20000008   Data          96  libspace.o(.bss)
    __temporary_stack_top$libspace           0x20000068   Data           0  libspace.o(.bss)



==============================================================================

Memory Map of the image

  Image Entry point : 0x080002a5

  Load Region LR_1 (Base: 0x08000000, Size: 0x00001794, Max: 0xffffffff, ABSOLUTE)

    Execution Region ER_RO (Exec base: 0x08000000, Load base: 0x08000000, Size: 0x00001790, Max: 0xffffffff, ABSOLUTE)

    Exec Addr    Load Addr    Size         Type   Attr      Idx    E Section Name        Object

    0x08000000   0x08000000   0x000001d8   Data   RO           17    RESET               startup_stm32g474xx.o
    0x080001d8   0x080001d8   0x00000008   Code   RO          713  * !!!main             c_w.l(__main.o)
    0x080001e0   0x080001e0   0x0000005c   Code   RO          880    !!!scatter          c_w.l(__scatter.o)
    0x0800023c   0x0800023c   0x0000001a   Code   RO          884    !!handler_copy      c_w.l(__scatter_copy.o)
    0x08000256   0x08000256   0x00000002   PAD
    0x08000258   0x08000258   0x00000002   Code   RO          881    !!handler_null      c_w.l(__scatter.o)
    0x0800025a   0x0800025a   0x00000002   PAD
    0x0800025c   0x0800025c   0x0000001c   Code   RO          886    !!handler_zi        c_w.l(__scatter_zi.o)
    0x08000278   0x08000278   0x00000002   Code   RO          742    .ARM.Collect$$libinit$$00000000  c_w.l(libinit.o)
    0x0800027a   0x0800027a   0x00000004   Code   RO          748    .ARM.Collect$$libinit$$00000001  c_w.l(libinit2.o)
    0x0800027e   0x0800027e   0x00000000   Code   RO          751    .ARM.Collect$$libinit$$00000004  c_w.l(libinit2.o)
    0x0800027e   0x0800027e   0x00000000   Code   RO          753    .ARM.Collect$$libinit$$00000006  c_w.l(libinit2.o)
    0x0800027e   0x0800027e   0x00000000   Code   RO          756    .ARM.Collect$$libinit$$0000000C  c_w.l(libinit2.o)
    0x0800027e   0x0800027e   0x00000000   Code   RO          758    .ARM.Collect$$libinit$$0000000E  c_w.l(libinit2.o)
    0x0800027e   0x0800027e   0x00000000   Code   RO          760    .ARM.Collect$$libinit$$00000010  c_w.l(libinit2.o)
    0x0800027e   0x0800027e   0x00000000   Code   RO          763    .ARM.Collect$$libinit$$00000013  c_w.l(libinit2.o)
    0x0800027e   0x0800027e   0x00000000   Code   RO          765    .ARM.Collect$$libinit$$00000015  c_w.l(libinit2.o)
    0x0800027e   0x0800027e   0x00000000   Code   RO          767    .ARM.Collect$$libinit$$00000017  c_w.l(libinit2.o)
    0x0800027e   0x0800027e   0x00000000   Code   RO          769    .ARM.Collect$$libinit$$00000019  c_w.l(libinit2.o)
    0x0800027e   0x0800027e   0x00000000   Code   RO          771    .ARM.Collect$$libinit$$0000001B  c_w.l(libinit2.o)
    0x0800027e   0x0800027e   0x00000000   Code   RO          773    .ARM.Collect$$libinit$$0000001D  c_w.l(libinit2.o)
    0x0800027e   0x0800027e   0x00000000   Code   RO          775    .ARM.Collect$$libinit$$0000001F  c_w.l(libinit2.o)
    0x0800027e   0x0800027e   0x00000000   Code   RO          777    .ARM.Collect$$libinit$$00000021  c_w.l(libinit2.o)
    0x0800027e   0x0800027e   0x00000000   Code   RO          779    .ARM.Collect$$libinit$$00000023  c_w.l(libinit2.o)
    0x0800027e   0x0800027e   0x00000000   Code   RO          781    .ARM.Collect$$libinit$$00000025  c_w.l(libinit2.o)
    0x0800027e   0x0800027e   0x00000000   Code   RO          783    .ARM.Collect$$libinit$$00000027  c_w.l(libinit2.o)
    0x0800027e   0x0800027e   0x00000000   Code   RO          787    .ARM.Collect$$libinit$$0000002E  c_w.l(libinit2.o)
    0x0800027e   0x0800027e   0x00000000   Code   RO          789    .ARM.Collect$$libinit$$00000030  c_w.l(libinit2.o)
    0x0800027e   0x0800027e   0x00000000   Code   RO          791    .ARM.Collect$$libinit$$00000032  c_w.l(libinit2.o)
    0x0800027e   0x0800027e   0x00000000   Code   RO          793    .ARM.Collect$$libinit$$00000034  c_w.l(libinit2.o)
    0x0800027e   0x0800027e   0x00000002   Code   RO          794    .ARM.Collect$$libinit$$00000035  c_w.l(libinit2.o)
    0x08000280   0x08000280   0x00000002   Code   RO          816    .ARM.Collect$$libshutdown$$00000000  c_w.l(libshutdown.o)
    0x08000282   0x08000282   0x00000000   Code   RO          831    .ARM.Collect$$libshutdown$$00000002  c_w.l(libshutdown2.o)
    0x08000282   0x08000282   0x00000000   Code   RO          833    .ARM.Collect$$libshutdown$$00000004  c_w.l(libshutdown2.o)
    0x08000282   0x08000282   0x00000000   Code   RO          836    .ARM.Collect$$libshutdown$$00000007  c_w.l(libshutdown2.o)
    0x08000282   0x08000282   0x00000000   Code   RO          839    .ARM.Collect$$libshutdown$$0000000A  c_w.l(libshutdown2.o)
    0x08000282   0x08000282   0x00000000   Code   RO          841    .ARM.Collect$$libshutdown$$0000000C  c_w.l(libshutdown2.o)
    0x08000282   0x08000282   0x00000000   Code   RO          844    .ARM.Collect$$libshutdown$$0000000F  c_w.l(libshutdown2.o)
    0x08000282   0x08000282   0x00000002   Code   RO          845    .ARM.Collect$$libshutdown$$00000010  c_w.l(libshutdown2.o)
    0x08000284   0x08000284   0x00000000   Code   RO          715    .ARM.Collect$$rtentry$$00000000  c_w.l(__rtentry.o)
    0x08000284   0x08000284   0x00000000   Code   RO          719    .ARM.Collect$$rtentry$$00000002  c_w.l(__rtentry2.o)
    0x08000284   0x08000284   0x00000006   Code   RO          731    .ARM.Collect$$rtentry$$00000004  c_w.l(__rtentry4.o)
    0x0800028a   0x0800028a   0x00000000   Code   RO          721    .ARM.Collect$$rtentry$$00000009  c_w.l(__rtentry2.o)
    0x0800028a   0x0800028a   0x00000004   Code   RO          722    .ARM.Collect$$rtentry$$0000000A  c_w.l(__rtentry2.o)
    0x0800028e   0x0800028e   0x00000000   Code   RO          724    .ARM.Collect$$rtentry$$0000000C  c_w.l(__rtentry2.o)
    0x0800028e   0x0800028e   0x00000008   Code   RO          725    .ARM.Collect$$rtentry$$0000000D  c_w.l(__rtentry2.o)
    0x08000296   0x08000296   0x00000002   Code   RO          746    .ARM.Collect$$rtexit$$00000000  c_w.l(rtexit.o)
    0x08000298   0x08000298   0x00000000   Code   RO          796    .ARM.Collect$$rtexit$$00000002  c_w.l(rtexit2.o)
    0x08000298   0x08000298   0x00000004   Code   RO          797    .ARM.Collect$$rtexit$$00000003  c_w.l(rtexit2.o)
    0x0800029c   0x0800029c   0x00000006   Code   RO          798    .ARM.Collect$$rtexit$$00000004  c_w.l(rtexit2.o)
    0x080002a2   0x080002a2   0x00000002   PAD
    0x080002a4   0x080002a4   0x00000040   Code   RO           18  * .text               startup_stm32g474xx.o
    0x080002e4   0x080002e4   0x0000008a   Code   RO          707    .text               c_w.l(rt_memcpy_v6.o)
    0x0800036e   0x0800036e   0x0000004e   Code   RO          709    .text               c_w.l(rt_memclr_w.o)
    0x080003bc   0x080003bc   0x00000006   Code   RO          711    .text               c_w.l(heapauxi.o)
    0x080003c2   0x080003c2   0x00000064   Code   RO          716    .text               c_w.l(rt_memcpy_w.o)
    0x08000426   0x08000426   0x0000004a   Code   RO          733    .text               c_w.l(sys_stackheap_outer.o)
    0x08000470   0x08000470   0x00000012   Code   RO          735    .text               c_w.l(exit.o)
    0x08000482   0x08000482   0x00000002   PAD
    0x08000484   0x08000484   0x00000008   Code   RO          743    .text               c_w.l(libspace.o)
    0x0800048c   0x0800048c   0x0000000c   Code   RO          806    .text               c_w.l(sys_exit.o)
    0x08000498   0x08000498   0x00000002   Code   RO          821    .text               c_w.l(use_no_semi.o)
    0x0800049a   0x0800049a   0x00000000   Code   RO          823    .text               c_w.l(indicate_semi.o)
    0x0800049a   0x0800049a   0x00000002   PAD
    0x0800049c   0x0800049c   0x00000062   Code   RO          500    .text.Clock_system  clock_system.o
    0x080004fe   0x080004fe   0x00000002   PAD
    0x08000500   0x08000500   0x00000022   Code   RO          652    .text.LL_AHB2_GRP1_EnableClock  spi.o
    0x08000522   0x08000522   0x00000002   PAD
    0x08000524   0x08000524   0x00000022   Code   RO          650    .text.LL_APB1_GRP1_EnableClock  spi.o
    0x08000546   0x08000546   0x00000002   PAD
    0x08000548   0x08000548   0x00000012   Code   RO          506    .text.LL_FLASH_EnableDataCache  clock_system.o
    0x0800055a   0x0800055a   0x00000002   PAD
    0x0800055c   0x0800055c   0x00000012   Code   RO          504    .text.LL_FLASH_EnableInstCache  clock_system.o
    0x0800056e   0x0800056e   0x00000002   PAD
    0x08000570   0x08000570   0x00000012   Code   RO          502    .text.LL_FLASH_EnablePrefetch  clock_system.o
    0x08000582   0x08000582   0x00000002   PAD
    0x08000584   0x08000584   0x00000010   Code   RO          451    .text.LL_FLASH_GetLatency  stm32g4xx_ll_utils.o
    0x08000594   0x08000594   0x0000001c   Code   RO          449    .text.LL_FLASH_SetLatency  stm32g4xx_ll_utils.o
    0x080005b0   0x080005b0   0x000000dc   Code   RO          128    .text.LL_GPIO_Init  stm32g4xx_ll_gpio.o
    0x0800068c   0x0800068c   0x00000010   Code   RO          666    .text.LL_GPIO_ResetOutputPin  spi.o
    0x0800069c   0x0800069c   0x00000010   Code   RO          692    .text.LL_GPIO_ResetOutputPin  main.o
    0x080006ac   0x080006ac   0x0000007c   Code   RO          136    .text.LL_GPIO_SetAFPin_0_7  stm32g4xx_ll_gpio.o
    0x08000728   0x08000728   0x00000080   Code   RO          138    .text.LL_GPIO_SetAFPin_8_15  stm32g4xx_ll_gpio.o
    0x080007a8   0x080007a8   0x00000010   Code   RO          654    .text.LL_GPIO_SetOutputPin  spi.o
    0x080007b8   0x080007b8   0x00000010   Code   RO          694    .text.LL_GPIO_SetOutputPin  main.o
    0x080007c8   0x080007c8   0x0000007c   Code   RO          140    .text.LL_GPIO_SetPinMode  stm32g4xx_ll_gpio.o
    0x08000844   0x08000844   0x0000001e   Code   RO          132    .text.LL_GPIO_SetPinOutputType  stm32g4xx_ll_gpio.o
    0x08000862   0x08000862   0x00000002   PAD
    0x08000864   0x08000864   0x0000007c   Code   RO          134    .text.LL_GPIO_SetPinPull  stm32g4xx_ll_gpio.o
    0x080008e0   0x080008e0   0x0000007c   Code   RO          130    .text.LL_GPIO_SetPinSpeed  stm32g4xx_ll_gpio.o
    0x0800095c   0x0800095c   0x00000014   Code   RO          435    .text.LL_Init1msTick  stm32g4xx_ll_utils.o
    0x08000970   0x08000970   0x00000036   Code   RO          437    .text.LL_InitTick   stm32g4xx_ll_utils.o
    0x080009a6   0x080009a6   0x00000002   PAD
    0x080009a8   0x080009a8   0x000000de   Code   RO          469    .text.LL_PLL_ConfigSystemClock_HSE  stm32g4xx_ll_utils.o
    0x08000a86   0x08000a86   0x00000002   PAD
    0x08000a88   0x08000a88   0x00000010   Code   RO          445    .text.LL_PWR_GetRegulVoltageScaling  stm32g4xx_ll_utils.o
    0x08000a98   0x08000a98   0x0000001e   Code   RO          447    .text.LL_PWR_IsEnabledRange1BoostMode  stm32g4xx_ll_utils.o
    0x08000ab6   0x08000ab6   0x00000002   PAD
    0x08000ab8   0x08000ab8   0x00000010   Code   RO          487    .text.LL_RCC_GetSysClkSource  stm32g4xx_ll_utils.o
    0x08000ac8   0x08000ac8   0x00000012   Code   RO          475    .text.LL_RCC_HSE_DisableBypass  stm32g4xx_ll_utils.o
    0x08000ada   0x08000ada   0x00000002   PAD
    0x08000adc   0x08000adc   0x00000012   Code   RO          477    .text.LL_RCC_HSE_Enable  stm32g4xx_ll_utils.o
    0x08000aee   0x08000aee   0x00000002   PAD
    0x08000af0   0x08000af0   0x00000012   Code   RO          508    .text.LL_RCC_HSE_Enable  clock_system.o
    0x08000b02   0x08000b02   0x00000002   PAD
    0x08000b04   0x08000b04   0x00000012   Code   RO          473    .text.LL_RCC_HSE_EnableBypass  stm32g4xx_ll_utils.o
    0x08000b16   0x08000b16   0x00000002   PAD
    0x08000b18   0x08000b18   0x00000010   Code   RO          471    .text.LL_RCC_HSE_IsReady  stm32g4xx_ll_utils.o
    0x08000b28   0x08000b28   0x00000010   Code   RO          510    .text.LL_RCC_HSE_IsReady  clock_system.o
    0x08000b38   0x08000b38   0x00000036   Code   RO          463    .text.LL_RCC_PLL_ConfigDomain_SYS  stm32g4xx_ll_utils.o
    0x08000b6e   0x08000b6e   0x00000002   PAD
    0x08000b70   0x08000b70   0x00000012   Code   RO          481    .text.LL_RCC_PLL_Enable  stm32g4xx_ll_utils.o
    0x08000b82   0x08000b82   0x00000002   PAD
    0x08000b84   0x08000b84   0x00000012   Code   RO          483    .text.LL_RCC_PLL_EnableDomain_SYS  stm32g4xx_ll_utils.o
    0x08000b96   0x08000b96   0x00000002   PAD
    0x08000b98   0x08000b98   0x00000010   Code   RO          479    .text.LL_RCC_PLL_IsReady  stm32g4xx_ll_utils.o
    0x08000ba8   0x08000ba8   0x0000001c   Code   RO          467    .text.LL_RCC_SetAHBPrescaler  stm32g4xx_ll_utils.o
    0x08000bc4   0x08000bc4   0x0000001c   Code   RO          489    .text.LL_RCC_SetAPB1Prescaler  stm32g4xx_ll_utils.o
    0x08000be0   0x08000be0   0x0000001c   Code   RO          491    .text.LL_RCC_SetAPB2Prescaler  stm32g4xx_ll_utils.o
    0x08000bfc   0x08000bfc   0x0000001c   Code   RO          485    .text.LL_RCC_SetSysClkSource  stm32g4xx_ll_utils.o
    0x08000c18   0x08000c18   0x00000012   Code   RO          662    .text.LL_SPI_Enable  spi.o
    0x08000c2a   0x08000c2a   0x00000002   PAD
    0x08000c2c   0x08000c2c   0x00000012   Code   RO          658    .text.LL_SPI_EnableNSSPulseMgt  spi.o
    0x08000c3e   0x08000c3e   0x00000002   PAD
    0x08000c40   0x08000c40   0x000000b8   Code   RO          289    .text.LL_SPI_Init   stm32g4xx_ll_spi.o
    0x08000cf8   0x08000cf8   0x00000010   Code   RO          670    .text.LL_SPI_IsActiveFlag_RXNE  spi.o
    0x08000d08   0x08000d08   0x00000010   Code   RO          291    .text.LL_SPI_IsEnabled  stm32g4xx_ll_spi.o
    0x08000d18   0x08000d18   0x0000000c   Code   RO          672    .text.LL_SPI_ReceiveData8  spi.o
    0x08000d24   0x08000d24   0x00000012   Code   RO          295    .text.LL_SPI_SetCRCPolynomial  stm32g4xx_ll_spi.o
    0x08000d36   0x08000d36   0x00000002   PAD
    0x08000d38   0x08000d38   0x0000001a   Code   RO          293    .text.LL_SPI_SetRxFIFOThreshold  stm32g4xx_ll_spi.o
    0x08000d52   0x08000d52   0x00000002   PAD
    0x08000d54   0x08000d54   0x0000001a   Code   RO          660    .text.LL_SPI_SetRxFIFOThreshold  spi.o
    0x08000d6e   0x08000d6e   0x00000002   PAD
    0x08000d70   0x08000d70   0x0000001a   Code   RO          656    .text.LL_SPI_SetStandard  spi.o
    0x08000d8a   0x08000d8a   0x00000002   PAD
    0x08000d8c   0x08000d8c   0x0000001a   Code   RO          668    .text.LL_SPI_TransmitData8  spi.o
    0x08000da6   0x08000da6   0x00000002   PAD
    0x08000da8   0x08000da8   0x000001c0   Code   RO          443    .text.LL_SetFlashLatency  stm32g4xx_ll_utils.o
    0x08000f68   0x08000f68   0x00000014   Code   RO          441    .text.LL_SetSystemCoreClock  stm32g4xx_ll_utils.o
    0x08000f7c   0x08000f7c   0x0000004e   Code   RO          439    .text.LL_mDelay     stm32g4xx_ll_utils.o
    0x08000fca   0x08000fca   0x00000002   PAD
    0x08000fcc   0x08000fcc   0x00000132   Code   RO          674    .text.Read_W5500    spi.o
    0x080010fe   0x080010fe   0x00000002   PAD
    0x08001100   0x08001100   0x00000116   Code   RO          648    .text.SPI2_Init     spi.o
    0x08001216   0x08001216   0x00000002   PAD
    0x08001218   0x08001218   0x00000012   Code   RO            2    .text.SystemInit    system_stm32g4xx.o
    0x0800122a   0x0800122a   0x00000002   PAD
    0x0800122c   0x0800122c   0x000000c8   Code   RO          465    .text.UTILS_EnablePLLAndSwitchSystem  stm32g4xx_ll_utils.o
    0x080012f4   0x080012f4   0x0000003e   Code   RO          457    .text.UTILS_GetPLLOutputFrequency  stm32g4xx_ll_utils.o
    0x08001332   0x08001332   0x00000002   PAD
    0x08001334   0x08001334   0x00000022   Code   RO          455    .text.UTILS_PLL_IsBusy  stm32g4xx_ll_utils.o
    0x08001356   0x08001356   0x00000002   PAD
    0x08001358   0x08001358   0x000000a6   Code   RO          676    .text.W5500_Init    spi.o
    0x080013fe   0x080013fe   0x00000002   PAD
    0x08001400   0x08001400   0x000001b0   Code   RO          688    .text.W5500_TCP_Client  main.o
    0x080015b0   0x080015b0   0x00000112   Code   RO          664    .text.Write_W5500   spi.o
    0x080016c2   0x080016c2   0x00000002   PAD
    0x080016c4   0x080016c4   0x00000062   Code   RO          690    .text.main          main.o
    0x08001726   0x08001726   0x0000001a   Code   RO          804    x$fpl$fpinit        fz_wm.l(fpinit.o)
    0x08001740   0x08001740   0x0000001e   Data   RO          697    .rodata..L__const.W5500_TCP_Client.tx_buffer  main.o
    0x0800175e   0x0800175e   0x00000010   Data   RO            7    .rodata.AHBPrescTable  system_stm32g4xx.o
    0x0800176e   0x0800176e   0x00000002   PAD
    0x08001770   0x08001770   0x00000020   Data   RO          879    Region$$Table       anon$$obj.o


    Execution Region ER_RW (Exec base: 0x20000000, Load base: 0x08001790, Size: 0x00000004, Max: 0xffffffff, ABSOLUTE)

    Exec Addr    Load Addr    Size         Type   Attr      Idx    E Section Name        Object

    0x20000000   0x08001790   0x00000004   Data   RW            6    .data.SystemCoreClock  system_stm32g4xx.o


    Execution Region ER_ZI (Exec base: 0x20000008, Load base: 0x08001794, Size: 0x00000660, Max: 0xffffffff, ABSOLUTE)

    Exec Addr    Load Addr    Size         Type   Attr      Idx    E Section Name        Object

    0x20000008        -       0x00000060   Zero   RW          744    .bss                c_w.l(libspace.o)
    0x20000068        -       0x00000200   Zero   RW           16    HEAP                startup_stm32g474xx.o
    0x20000268        -       0x00000400   Zero   RW           15    STACK               startup_stm32g474xx.o


==============================================================================

Image component sizes


      Code (inc. data)   RO Data    RW Data    ZI Data      Debug   Object Name

       186          0          0          0          0       3105   clock_system.o
       562         30         30          0          0       1988   main.o
      1266          0          0          0          0       5588   spi.o
        64         26        472          0       1536        976   startup_stm32g474xx.o
       874          0          0          0          0       5166   stm32g4xx_ll_gpio.o
       244          0          0          0          0       5143   stm32g4xx_ll_spi.o
      1532          0          0          0          0       8229   stm32g4xx_ll_utils.o
        18          0         16          4          0       2810   system_stm32g4xx.o

    ----------------------------------------------------------------------
      4810         56        552          4       1536      33005   Object Totals
         0          0         32          0          0          0   (incl. Generated)
        64          0          2          0          0          0   (incl. Padding)

    ----------------------------------------------------------------------

      Code (inc. data)   RO Data    RW Data    ZI Data      Debug   Library Member Name

         8          0          0          0          0         68   __main.o
         0          0          0          0          0          0   __rtentry.o
        12          0          0          0          0          0   __rtentry2.o
         6          0          0          0          0          0   __rtentry4.o
        94          8          0          0          0          0   __scatter.o
        26          0          0          0          0          0   __scatter_copy.o
        28          0          0          0          0          0   __scatter_zi.o
        18          0          0          0          0         80   exit.o
         6          0          0          0          0        152   heapauxi.o
         0          0          0          0          0          0   indicate_semi.o
         2          0          0          0          0          0   libinit.o
         6          0          0          0          0          0   libinit2.o
         2          0          0          0          0          0   libshutdown.o
         2          0          0          0          0          0   libshutdown2.o
         8          4          0          0         96         68   libspace.o
        78          0          0          0          0         80   rt_memclr_w.o
       138          0          0          0          0         68   rt_memcpy_v6.o
       100          0          0          0          0         80   rt_memcpy_w.o
         2          0          0          0          0          0   rtexit.o
        10          0          0          0          0          0   rtexit2.o
        12          4          0          0          0         68   sys_exit.o
        74          0          0          0          0         80   sys_stackheap_outer.o
         2          0          0          0          0         68   use_no_semi.o
        26          0          0          0          0        116   fpinit.o

    ----------------------------------------------------------------------
       670         16          0          0         96        928   Library Totals
        10          0          0          0          0          0   (incl. Padding)

    ----------------------------------------------------------------------

      Code (inc. data)   RO Data    RW Data    ZI Data      Debug   Library Name

       634         16          0          0         96        812   c_w.l
        26          0          0          0          0        116   fz_wm.l

    ----------------------------------------------------------------------
       670         16          0          0         96        928   Library Totals

    ----------------------------------------------------------------------

==============================================================================


      Code (inc. data)   RO Data    RW Data    ZI Data      Debug   

      5480         72        552          4       1632      33569   Grand Totals
      5480         72        552          4       1632      33569   ELF Image Totals
      5480         72        552          4          0          0   ROM Totals

==============================================================================

    Total RO  Size (Code + RO Data)                 6032 (   5.89kB)
    Total RW  Size (RW Data + ZI Data)              1636 (   1.60kB)
    Total ROM Size (Code + RO Data + RW Data)       6036 (   5.89kB)

==============================================================================

